################################################################################
#                                                                              #
#      IAR Universal Linker V5.0.2.5/W32                                       #
#                                                                              #
#           Link time     =  12/May/2014  18:10:17                             #
#           Target CPU    =  x51                                               #
#           List file     =  "D:\BaiduYunDownload\Íø·ä¿Æ¼¼ÎïÁªÍø6´ó¿ª·¢Æ½Ì¨£¨2 #
#                            014-4-5£©\Íø·ä¿Æ¼¼£¨WeBee£© ZigBee¿ª·¢Ì×¼þÅäÌ××ÊÔ #
#                            ´ ---   Í¨ÓÃµ×°å\Ê¾Àý³ÌÐò\2.×éÍøÊµÑé\2.ÎÞÏßµãµÆ\W #
#                            eBEE CC2530 BasicRF\ide\srf05_cc2530\iar\temp\lig #
#                            ht_switch.map"                                    #
#           Output file 1 =  "D:\BaiduYunDownload\Íø·ä¿Æ¼¼ÎïÁªÍø6´ó¿ª·¢Æ½Ì¨£¨2 #
#                            014-4-5£©\Íø·ä¿Æ¼¼£¨WeBee£© ZigBee¿ª·¢Ì×¼þÅäÌ××ÊÔ #
#                            ´ ---   Í¨ÓÃµ×°å\Ê¾Àý³ÌÐò\2.×éÍøÊµÑé\2.ÎÞÏßµãµÆ\W #
#                            eBEE CC2530 BasicRF\ide\srf05_cc2530\iar\light_sw #
#                            itch.hex"                                         #
#                            Format: intel-extended                            #
#           Output file 2 =  "D:\BaiduYunDownload\Íø·ä¿Æ¼¼ÎïÁªÍø6´ó¿ª·¢Æ½Ì¨£¨2 #
#                            014-4-5£©\Íø·ä¿Æ¼¼£¨WeBee£© ZigBee¿ª·¢Ì×¼þÅäÌ××ÊÔ #
#                            ´ ---   Í¨ÓÃµ×°å\Ê¾Àý³ÌÐò\2.×éÍøÊµÑé\2.ÎÞÏßµãµÆ\W #
#                            eBEE CC2530 BasicRF\ide\srf05_cc2530\iar\light_sw #
#                            itch.d51"                                         #
#                            Format: debug                                     #
#                            UBROF version 10.0.3                              #
#                            Using library modules for C-SPY (-rt)             #
#           Command line  =  "-ID:\Program Files (x86)\IAR Systems\Embedded Wo #
#                            rkbench 6.0 Evaluation\8051\CONFIG\"              #
#                            -D_NR_OF_BANKS=0 -D_CODEBANK_END=0                #
#                            -D_CODEBANK_START=0                               #
#                            "D:\BaiduYunDownload\Íø·ä¿Æ¼¼ÎïÁªÍø6´ó¿ª·¢Æ½Ì¨£¨2 #
#                            014-4-5£©\Íø·ä¿Æ¼¼£¨WeBee£© ZigBee¿ª·¢Ì×¼þÅäÌ××ÊÔ #
#                            ´ ---   Í¨ÓÃµ×°å\Ê¾Àý³ÌÐò\2.×éÍøÊµÑé\2.ÎÞÏßµãµÆ\W #
#                            eBEE CC2530 BasicRF\ide\srf05_cc2530\iar\temp\lig #
#                            ht_switch\adc.r51"                                #
#                            "D:\BaiduYunDownload\Íø·ä¿Æ¼¼ÎïÁªÍø6´ó¿ª·¢Æ½Ì¨£¨2 #
#                            014-4-5£©\Íø·ä¿Æ¼¼£¨WeBee£© ZigBee¿ª·¢Ì×¼þÅäÌ××ÊÔ #
#                            ´ ---   Í¨ÓÃµ×°å\Ê¾Àý³ÌÐò\2.×éÍøÊµÑé\2.ÎÞÏßµãµÆ\W #
#                            eBEE CC2530 BasicRF\ide\srf05_cc2530\iar\temp\lig #
#                            ht_switch\basic_rf.r51"                           #
#                            "D:\BaiduYunDownload\Íø·ä¿Æ¼¼ÎïÁªÍø6´ó¿ª·¢Æ½Ì¨£¨2 #
#                            014-4-5£©\Íø·ä¿Æ¼¼£¨WeBee£© ZigBee¿ª·¢Ì×¼þÅäÌ××ÊÔ #
#                            ´ ---   Í¨ÓÃµ×°å\Ê¾Àý³ÌÐò\2.×éÍøÊµÑé\2.ÎÞÏßµãµÆ\W #
#                            eBEE CC2530 BasicRF\ide\srf05_cc2530\iar\temp\lig #
#                            ht_switch\basic_rf_security.r51"                  #
#                            "D:\BaiduYunDownload\Íø·ä¿Æ¼¼ÎïÁªÍø6´ó¿ª·¢Æ½Ì¨£¨2 #
#                            014-4-5£©\Íø·ä¿Æ¼¼£¨WeBee£© ZigBee¿ª·¢Ì×¼þÅäÌ××ÊÔ #
#                            ´ ---   Í¨ÓÃµ×°å\Ê¾Àý³ÌÐò\2.×éÍøÊµÑé\2.ÎÞÏßµãµÆ\W #
#                            eBEE CC2530 BasicRF\ide\srf05_cc2530\iar\temp\lig #
#                            ht_switch\clock.r51"                              #
#                            "D:\BaiduYunDownload\Íø·ä¿Æ¼¼ÎïÁªÍø6´ó¿ª·¢Æ½Ì¨£¨2 #
#                            014-4-5£©\Íø·ä¿Æ¼¼£¨WeBee£© ZigBee¿ª·¢Ì×¼þÅäÌ××ÊÔ #
#                            ´ ---   Í¨ÓÃµ×°å\Ê¾Àý³ÌÐò\2.×éÍøÊµÑé\2.ÎÞÏßµãµÆ\W #
#                            eBEE CC2530 BasicRF\ide\srf05_cc2530\iar\temp\lig #
#                            ht_switch\hal_assert.r51"                         #
#                            "D:\BaiduYunDownload\Íø·ä¿Æ¼¼ÎïÁªÍø6´ó¿ª·¢Æ½Ì¨£¨2 #
#                            014-4-5£©\Íø·ä¿Æ¼¼£¨WeBee£© ZigBee¿ª·¢Ì×¼þÅäÌ××ÊÔ #
#                            ´ ---   Í¨ÓÃµ×°å\Ê¾Àý³ÌÐò\2.×éÍøÊµÑé\2.ÎÞÏßµãµÆ\W #
#                            eBEE CC2530 BasicRF\ide\srf05_cc2530\iar\temp\lig #
#                            ht_switch\hal_board.r51"                          #
#                            "D:\BaiduYunDownload\Íø·ä¿Æ¼¼ÎïÁªÍø6´ó¿ª·¢Æ½Ì¨£¨2 #
#                            014-4-5£©\Íø·ä¿Æ¼¼£¨WeBee£© ZigBee¿ª·¢Ì×¼þÅäÌ××ÊÔ #
#                            ´ ---   Í¨ÓÃµ×°å\Ê¾Àý³ÌÐò\2.×éÍøÊµÑé\2.ÎÞÏßµãµÆ\W #
#                            eBEE CC2530 BasicRF\ide\srf05_cc2530\iar\temp\lig #
#                            ht_switch\hal_button.r51"                         #
#                            "D:\BaiduYunDownload\Íø·ä¿Æ¼¼ÎïÁªÍø6´ó¿ª·¢Æ½Ì¨£¨2 #
#                            014-4-5£©\Íø·ä¿Æ¼¼£¨WeBee£© ZigBee¿ª·¢Ì×¼þÅäÌ××ÊÔ #
#                            ´ ---   Í¨ÓÃµ×°å\Ê¾Àý³ÌÐò\2.×éÍøÊµÑé\2.ÎÞÏßµãµÆ\W #
#                            eBEE CC2530 BasicRF\ide\srf05_cc2530\iar\temp\lig #
#                            ht_switch\hal_digio.r51"                          #
#                            "D:\BaiduYunDownload\Íø·ä¿Æ¼¼ÎïÁªÍø6´ó¿ª·¢Æ½Ì¨£¨2 #
#                            014-4-5£©\Íø·ä¿Æ¼¼£¨WeBee£© ZigBee¿ª·¢Ì×¼þÅäÌ××ÊÔ #
#                            ´ ---   Í¨ÓÃµ×°å\Ê¾Àý³ÌÐò\2.×éÍøÊµÑé\2.ÎÞÏßµãµÆ\W #
#                            eBEE CC2530 BasicRF\ide\srf05_cc2530\iar\temp\lig #
#                            ht_switch\hal_int.r51"                            #
#                            "D:\BaiduYunDownload\Íø·ä¿Æ¼¼ÎïÁªÍø6´ó¿ª·¢Æ½Ì¨£¨2 #
#                            014-4-5£©\Íø·ä¿Æ¼¼£¨WeBee£© ZigBee¿ª·¢Ì×¼þÅäÌ××ÊÔ #
#                            ´ ---   Í¨ÓÃµ×°å\Ê¾Àý³ÌÐò\2.×éÍøÊµÑé\2.ÎÞÏßµãµÆ\W #
#                            eBEE CC2530 BasicRF\ide\srf05_cc2530\iar\temp\lig #
#                            ht_switch\hal_joystick.r51"                       #
#                            "D:\BaiduYunDownload\Íø·ä¿Æ¼¼ÎïÁªÍø6´ó¿ª·¢Æ½Ì¨£¨2 #
#                            014-4-5£©\Íø·ä¿Æ¼¼£¨WeBee£© ZigBee¿ª·¢Ì×¼þÅäÌ××ÊÔ #
#                            ´ ---   Í¨ÓÃµ×°å\Ê¾Àý³ÌÐò\2.×éÍøÊµÑé\2.ÎÞÏßµãµÆ\W #
#                            eBEE CC2530 BasicRF\ide\srf05_cc2530\iar\temp\lig #
#                            ht_switch\hal_lcd_srf05.r51"                      #
#                            "D:\BaiduYunDownload\Íø·ä¿Æ¼¼ÎïÁªÍø6´ó¿ª·¢Æ½Ì¨£¨2 #
#                            014-4-5£©\Íø·ä¿Æ¼¼£¨WeBee£© ZigBee¿ª·¢Ì×¼þÅäÌ××ÊÔ #
#                            ´ ---   Í¨ÓÃµ×°å\Ê¾Àý³ÌÐò\2.×éÍøÊµÑé\2.ÎÞÏßµãµÆ\W #
#                            eBEE CC2530 BasicRF\ide\srf05_cc2530\iar\temp\lig #
#                            ht_switch\hal_led.r51"                            #
#                            "D:\BaiduYunDownload\Íø·ä¿Æ¼¼ÎïÁªÍø6´ó¿ª·¢Æ½Ì¨£¨2 #
#                            014-4-5£©\Íø·ä¿Æ¼¼£¨WeBee£© ZigBee¿ª·¢Ì×¼þÅäÌ××ÊÔ #
#                            ´ ---   Í¨ÓÃµ×°å\Ê¾Àý³ÌÐò\2.×éÍøÊµÑé\2.ÎÞÏßµãµÆ\W #
#                            eBEE CC2530 BasicRF\ide\srf05_cc2530\iar\temp\lig #
#                            ht_switch\hal_mcu.r51"                            #
#                            "D:\BaiduYunDownload\Íø·ä¿Æ¼¼ÎïÁªÍø6´ó¿ª·¢Æ½Ì¨£¨2 #
#                            014-4-5£©\Íø·ä¿Æ¼¼£¨WeBee£© ZigBee¿ª·¢Ì×¼þÅäÌ××ÊÔ #
#                            ´ ---   Í¨ÓÃµ×°å\Ê¾Àý³ÌÐò\2.×éÍøÊµÑé\2.ÎÞÏßµãµÆ\W #
#                            eBEE CC2530 BasicRF\ide\srf05_cc2530\iar\temp\lig #
#                            ht_switch\hal_rf.r51"                             #
#                            "D:\BaiduYunDownload\Íø·ä¿Æ¼¼ÎïÁªÍø6´ó¿ª·¢Æ½Ì¨£¨2 #
#                            014-4-5£©\Íø·ä¿Æ¼¼£¨WeBee£© ZigBee¿ª·¢Ì×¼þÅäÌ××ÊÔ #
#                            ´ ---   Í¨ÓÃµ×°å\Ê¾Àý³ÌÐò\2.×éÍøÊµÑé\2.ÎÞÏßµãµÆ\W #
#                            eBEE CC2530 BasicRF\ide\srf05_cc2530\iar\temp\lig #
#                            ht_switch\hal_rf_security.r51"                    #
#                            "D:\BaiduYunDownload\Íø·ä¿Æ¼¼ÎïÁªÍø6´ó¿ª·¢Æ½Ì¨£¨2 #
#                            014-4-5£©\Íø·ä¿Æ¼¼£¨WeBee£© ZigBee¿ª·¢Ì×¼þÅäÌ××ÊÔ #
#                            ´ ---   Í¨ÓÃµ×°å\Ê¾Àý³ÌÐò\2.×éÍøÊµÑé\2.ÎÞÏßµãµÆ\W #
#                            eBEE CC2530 BasicRF\ide\srf05_cc2530\iar\temp\lig #
#                            ht_switch\light_switch.r51"                       #
#                            "D:\BaiduYunDownload\Íø·ä¿Æ¼¼ÎïÁªÍø6´ó¿ª·¢Æ½Ì¨£¨2 #
#                            014-4-5£©\Íø·ä¿Æ¼¼£¨WeBee£© ZigBee¿ª·¢Ì×¼þÅäÌ××ÊÔ #
#                            ´ ---   Í¨ÓÃµ×°å\Ê¾Àý³ÌÐò\2.×éÍøÊµÑé\2.ÎÞÏßµãµÆ\W #
#                            eBEE CC2530 BasicRF\ide\srf05_cc2530\iar\temp\lig #
#                            ht_switch\util.r51"                               #
#                            "D:\BaiduYunDownload\Íø·ä¿Æ¼¼ÎïÁªÍø6´ó¿ª·¢Æ½Ì¨£¨2 #
#                            014-4-5£©\Íø·ä¿Æ¼¼£¨WeBee£© ZigBee¿ª·¢Ì×¼þÅäÌ××ÊÔ #
#                            ´ ---   Í¨ÓÃµ×°å\Ê¾Àý³ÌÐò\2.×éÍøÊµÑé\2.ÎÞÏßµãµÆ\W #
#                            eBEE CC2530 BasicRF\ide\srf05_cc2530\iar\temp\lig #
#                            ht_switch\util_buffer.r51"                        #
#                            "D:\BaiduYunDownload\Íø·ä¿Æ¼¼ÎïÁªÍø6´ó¿ª·¢Æ½Ì¨£¨2 #
#                            014-4-5£©\Íø·ä¿Æ¼¼£¨WeBee£© ZigBee¿ª·¢Ì×¼þÅäÌ××ÊÔ #
#                            ´ ---   Í¨ÓÃµ×°å\Ê¾Àý³ÌÐò\2.×éÍøÊµÑé\2.ÎÞÏßµãµÆ\W #
#                            eBEE CC2530 BasicRF\ide\srf05_cc2530\iar\temp\lig #
#                            ht_switch\util_lcd.r51"                           #
#                            -o                                                #
#                            "D:\BaiduYunDownload\Íø·ä¿Æ¼¼ÎïÁªÍø6´ó¿ª·¢Æ½Ì¨£¨2 #
#                            014-4-5£©\Íø·ä¿Æ¼¼£¨WeBee£© ZigBee¿ª·¢Ì×¼þÅäÌ××ÊÔ #
#                            ´ ---   Í¨ÓÃµ×°å\Ê¾Àý³ÌÐò\2.×éÍøÊµÑé\2.ÎÞÏßµãµÆ\W #
#                            eBEE CC2530 BasicRF\ide\srf05_cc2530\iar\light_sw #
#                            itch.d51"                                         #
#                            -l                                                #
#                            "D:\BaiduYunDownload\Íø·ä¿Æ¼¼ÎïÁªÍø6´ó¿ª·¢Æ½Ì¨£¨2 #
#                            014-4-5£©\Íø·ä¿Æ¼¼£¨WeBee£© ZigBee¿ª·¢Ì×¼þÅäÌ××ÊÔ #
#                            ´ ---   Í¨ÓÃµ×°å\Ê¾Àý³ÌÐò\2.×éÍøÊµÑé\2.ÎÞÏßµãµÆ\W #
#                            eBEE CC2530 BasicRF\ide\srf05_cc2530\iar\temp\lig #
#                            ht_switch.map"                                    #
#                            -xmsn                                             #
#                            "-ID:\Program Files (x86)\IAR Systems\Embedded Wo #
#                            rkbench 6.0 Evaluation\8051\LIB\"                 #
#                            -f                                                #
#                            "D:\Program Files (x86)\IAR Systems\Embedded Work #
#                            bench 6.0 Evaluation\8051\config\devices\Texas In #
#                            struments\lnk51ew_cc2530F256.xcl"                 #
#                            (-D_IDATA0_START=0x00 -D_IDATA0_END=0xFF          #
#                            -D_PDATA0_START=0x1E00 -D_PDATA0_END=0x1EFF       #
#                            -D_IXDATA0_START=0x0001 -D_IXDATA0_END=0x1EFF     #
#                            -D_XDATA0_START=_IXDATA0_START                    #
#                            -D_XDATA0_END=_IXDATA0_END                        #
#                            -D_CODE0_START=0x0000 -D_CODE0_END=0xFFFF         #
#                            -D?REGISTER_BANK=0x0 -D_REGISTER_BANK_START=0x0   #
#                            -D?PBANK_NUMBER=0x1E -D_BREG_START=0x00           #
#                            -D?VB=0x20 -D?ESP=0x9B -Z(BIT)BREG=_BREG_START    #
#                            -Z(BIT)BIT_N=0-7F                                 #
#                            -Z(DATA)REGISTERS+8=_REGISTER_BANK_START          #
#                            -Z(DATA)BDATA_Z,BDATA_N,BDATA_I=20-2F             #
#                            -Z(DATA)VREG+_NR_OF_VIRTUAL_REGISTERS=08-7F       #
#                            -Z(DATA)PSP,XSP=08-7F -Z(DATA)DOVERLAY=08-7F      #
#                            -Z(DATA)DATA_I,DATA_Z,DATA_N=08-7F                #
#                            -U(IDATA)0-7F=(DATA)0-7F                          #
#                            -Z(IDATA)IDATA_I,IDATA_Z,IDATA_N=08-_IDATA0_END   #
#                            -Z(IDATA)ISTACK+_IDATA_STACK_SIZE#08-_IDATA0_END  #
#                            -Z(IDATA)IOVERLAY=08-FF -Z(CODE)INTVEC=0          #
#                            -Z(CODE)CSTART=_CODE0_START-_CODE0_END            #
#                            -Z(CODE)BIT_ID,BDATA_ID,DATA_ID,IDATA_ID,IXDATA_I #
#                            D,PDATA_ID,XDATA_ID=_CODE0_START-_CODE0_END       #
#                            -Z(CODE)RCODE,DIFUNCT,CODE_C,CODE_N,NEAR_CODE=_CO #
#                            DE0_START-_CODE0_END                              #
#                            -Z(CODE)CHECKSUM#_CODE0_END                       #
#                            -Z(XDATA)EXT_STACK+_EXTENDED_STACK_SIZE=_EXTENDED #
#                            _STACK_START                                      #
#                            -Z(XDATA)PSTACK+_PDATA_STACK_SIZE=_PDATA0_START-_ #
#                            PDATA0_END                                        #
#                            -Z(XDATA)XSTACK+_XDATA_STACK_SIZE=_XDATA0_START-_ #
#                            XDATA0_END                                        #
#                            -Z(XDATA)PDATA_Z,PDATA_I=_PDATA0_START-_PDATA0_EN #
#                            D                                                 #
#                            -P(XDATA)PDATA_N=_PDATA0_START-_PDATA0_END        #
#                            -Z(XDATA)IXDATA_Z,IXDATA_I=_IXDATA0_START-_IXDATA #
#                            0_END                                             #
#                            -P(XDATA)IXDATA_N=_IXDATA0_START-_IXDATA0_END     #
#                            -Z(XDATA)XDATA_Z,XDATA_I=_XDATA0_START-_XDATA0_EN #
#                            D                                                 #
#                            -P(XDATA)XDATA_N=_XDATA0_START-_XDATA0_END        #
#                            -Z(XDATA)XDATA_HEAP+_XDATA_HEAP_SIZE=_XDATA0_STAR #
#                            T-_XDATA0_END                                     #
#                            -Z(CONST)XDATA_ROM_C=_XDATA0_START-_XDATA0_END    #
#                            -cx51) -D_NR_OF_VIRTUAL_REGISTERS=8               #
#                            -D?PBANK=0xA0 -e_medium_write=_formatted_write    #
#                            -e_medium_read=_formatted_read -rt                #
#                            "-Ointel-extended=D:\BaiduYunDownload\Íø·ä¿Æ¼¼ÎïÁ #
#                            ªÍø6´ó¿ª·¢Æ½Ì¨£¨2014-4-5£©\Íø·ä¿Æ¼¼£¨WeBee£© ZigB #
#                            ee¿ª·¢Ì×¼þÅäÌ××ÊÔ´ ---   Í¨ÓÃµ×°å\Ê¾Àý³ÌÐò\2.×éÍø #
#                            ÊµÑé\2.ÎÞÏßµãµÆ\WeBEE CC2530 BasicRF\ide\srf05_cc #
#                            2530\iar\light_switch.hex"                        #
#                            -s __program_start                                #
#                            "D:\Program Files (x86)\IAR Systems\Embedded Work #
#                            bench 6.0 Evaluation\8051\LIB\CLIB\cl-pli-nlxd-1e #
#                            16x01.r51"                                        #
#                            -D_IDATA_STACK_SIZE=0x40                          #
#                            -D_EXTENDED_STACK_START=0x00                      #
#                            -D_EXTENDED_STACK_SIZE=0x00                       #
#                            -D_PDATA_STACK_SIZE=0x80                          #
#                            -D_XDATA_STACK_SIZE=0x100                         #
#                            -D_XDATA_HEAP_SIZE=0xFF -D_FAR_HEAP_SIZE=0xFFF    #
#                            -D_HUGE_HEAP_SIZE=0xFFF                           #
#                            -D_FAR22_HEAP_SIZE=0xFFF                          #
#                                                                              #
#                           Copyright (C) 1987-2010 IAR Systems AB.            #
################################################################################





                ****************************************
                *                                      *
                *           CROSS REFERENCE            *
                *                                      *
                ****************************************

       Program entry at : CODE      000000D3  Relocatable, from module : CSTARTUP




                ****************************************
                *                                      *
                *            RUNTIME MODEL             *
                *                                      *
                ****************************************

  __SystemLibrary          = CLib
  __calling_convention     = xdata_reentrant
  __code_model             = near
  __core                   = plain
  __data_model             = large
  __dptr_size              = 16
  __extended_stack         = disabled
  __location_for_constants = data
  __number_of_dptrs        = 1
  __rt_version             = 1



                ****************************************
                *                                      *
                *              MODULE MAP              *
                *                                      *
                ****************************************


  DEFINED ABSOLUTE ENTRIES
    *************************************************************************

  DEFINED ABSOLUTE ENTRIES
  PROGRAM MODULE, NAME : ?ABS_ENTRY_MOD

Absolute parts
           ENTRY                   ADDRESS         REF BY
           =====                   =======         ======
           _FAR22_HEAP_SIZE        00000FFF 
           _HUGE_HEAP_SIZE         00000FFF 
           _FAR_HEAP_SIZE          00000FFF 
           _XDATA_HEAP_SIZE        000000FF 
           _XDATA_STACK_SIZE       00000100 
           _PDATA_STACK_SIZE       00000080 
           _EXTENDED_STACK_SIZE    00000000 
           _EXTENDED_STACK_START   00000000 
           _IDATA_STACK_SIZE       00000040 
           ?PBANK                  000000A0 
           _NR_OF_VIRTUAL_REGISTERS
                                   00000008 
           ?ESP                    0000009B 
           ?VB                     00000020        ?FUNC_ENTER_XDATA (?FUNC_ENTER_XDATA)
                                                   ?FUNC_LEAVE_XDATA (?FUNC_LEAVE_XDATA)
                                                   ?INTERRUPT_ENTER_XSP (?INTERRUPT_ENTER_XSP)
                                                   ?INTERRUPT_LEAVE_XSP (?INTERRUPT_LEAVE_XSP)
           _BREG_START             00000000 
           ?PBANK_NUMBER           0000001E 
           _REGISTER_BANK_START    00000000 
           ?REGISTER_BANK          00000000        Segment part 6 (CSTARTUP)
           _CODE0_END              0000FFFF 
           _CODE0_START            00000000 
           _XDATA0_END             00001EFF 
           _XDATA0_START           00000001 
           _IXDATA0_END            00001EFF 
           _IXDATA0_START          00000001 
           _PDATA0_END             00001EFF 
           _PDATA0_START           00001E00 
           _IDATA0_END             000000FF 
           _IDATA0_START           00000000 
           _CODEBANK_START         00000000 
           _CODEBANK_END           00000000 
           _NR_OF_BANKS            00000000 
    *************************************************************************

  FILE NAME : D:\BaiduYunDownload\Íø·ä¿Æ¼¼ÎïÁªÍø6´ó¿ª·¢Æ½Ì¨£¨2014-4-5£©\Íø·ä¿Æ¼¼£¨WeBee£© ZigBee¿ª·¢Ì×¼þÅäÌ××ÊÔ´ ---   Í¨ÓÃµ×°å\Ê¾Àý³ÌÐò\2.×éÍøÊµÑé\2.ÎÞÏßµãµÆ\WeBEE CC2530 BasicRF\ide\srf05_cc2530\iar\temp\light_switch\adc.r51
    *************************************************************************

  FILE NAME : D:\BaiduYunDownload\Íø·ä¿Æ¼¼ÎïÁªÍø6´ó¿ª·¢Æ½Ì¨£¨2014-4-5£©\Íø·ä¿Æ¼¼£¨WeBee£© ZigBee¿ª·¢Ì×¼þÅäÌ××ÊÔ´ ---   Í¨ÓÃµ×°å\Ê¾Àý³ÌÐò\2.×éÍøÊµÑé\2.ÎÞÏßµãµÆ\WeBEE CC2530 BasicRF\ide\srf05_cc2530\iar\temp\light_switch\basic_rf.r51
  PROGRAM MODULE, NAME : basic_rf

  SEGMENTS IN THE MODULE
  ======================
XDATA_I
  Relative segment, address: XDATA 000001CE - 000001E1 (0x14 bytes), align: 0
  Segment part 41.            Intra module refs:   appLight
    -------------------------------------------------------------------------
XDATA_I
  Relative segment, address: XDATA 000001E2 - 000001F3 (0x12 bytes), align: 0
  Segment part 43.            Intra module refs:   appLight
    -------------------------------------------------------------------------
XDATA_I
  Relative segment, address: XDATA 000001F4 - 00000203 (0x10 bytes), align: 0
  Segment part 45.            Intra module refs:   appLight
    -------------------------------------------------------------------------
XDATA_I
  Relative segment, address: XDATA 00000204 - 0000020F (0xc bytes), align: 0
  Segment part 47.            Intra module refs:   appLight
                                                   basicRfInit
                                                   basicRfRxFrmDoneIsr
           LOCAL                   ADDRESS         
           =====                   =======         
           rxi                     00000204 
    -------------------------------------------------------------------------
XDATA_I
  Relative segment, address: XDATA 00000210 - 00000213 (0x4 bytes), align: 0
  Segment part 61.            Intra module refs:   basicRfInit
           ENTRY                   ADDRESS         REF BY
           =====                   =======         ======
           __Constant_0            00000210 
    -------------------------------------------------------------------------
XDATA_Z
  Relative segment, address: XDATA 00000101 - 00000107 (0x7 bytes), align: 0
  Segment part 49.            Intra module refs:   appLight
                                                   basicRfInit
                                                   basicRfRxFrmDoneIsr
           LOCAL                   ADDRESS         
           =====                   =======         
           txState                 00000101 
    -------------------------------------------------------------------------
XDATA_Z
  Relative segment, address: XDATA 00000108 - 00000109 (0x2 bytes), align: 0
  Segment part 50.            Intra module refs:   basicRfInit
           LOCAL                   ADDRESS         
           =====                   =======         
           pConfig                 00000108 
    -------------------------------------------------------------------------
XDATA_Z
  Relative segment, address: XDATA 0000010A - 00000189 (0x80 bytes), align: 0
  Segment part 51.            Intra module refs:   basicRfRxFrmDoneIsr
           LOCAL                   ADDRESS         
           =====                   =======         
           rxMpdu                  0000010A 
    -------------------------------------------------------------------------
NEAR_CODE
  Relative segment, address: CODE 00000928 - 00000A12 (0xeb bytes), align: 0
  Segment part 63.            Intra module refs:   basicRfInit
           LOCAL                   ADDRESS         
           =====                   =======         
           basicRfRxFrmDoneIsr     00000928 
               calls direct, is indirectly called
               ISTACK = 00000000 ( 00000002 )
    -------------------------------------------------------------------------
NEAR_CODE
  Relative segment, address: CODE 00000A13 - 00000A9E (0x8c bytes), align: 0
  Segment part 64.            Intra module refs:   appLight
           ENTRY                   ADDRESS         REF BY
           =====                   =======         ======
           basicRfInit             00000A13 
               calls direct
               XSTACK = 00000009 ( 00000000 )
               ISTACK = 00000000 ( 00000002 )
    -------------------------------------------------------------------------
SFR_AN
  Relative segment, address: DATA 00000080 - 00000080 (0x1 bytes), align: 0
  Segment part 1. ROOT.       Intra module refs:   HalLcd_HW_Control
                                                   HalLcd_HW_Write
                                                   halBoardInit
                                                   halLcdInit
                                                   halLedClear
                                                   halLedToggle
           ENTRY                   ADDRESS         REF BY
           =====                   =======         ======
           _A_P0                   00000080 
           LOCAL                   ADDRESS         
           =====                   =======         
           P0                      00000080 
    -------------------------------------------------------------------------
SFR_AN
  Relative segment, address: DATA 00000089 - 00000089 (0x1 bytes), align: 0
  Segment part 2. ROOT.       Intra module refs:   port0_ISR
           ENTRY                   ADDRESS         REF BY
           =====                   =======         ======
           P0IFG                   00000089 
    -------------------------------------------------------------------------
SFR_AN
  Relative segment, address: DATA 0000008A - 0000008A (0x1 bytes), align: 0
  Segment part 3. ROOT.       Intra module refs:   port1_ISR
           ENTRY                   ADDRESS         REF BY
           =====                   =======         ======
           P1IFG                   0000008A 
    -------------------------------------------------------------------------
SFR_AN
  Relative segment, address: DATA 0000008B - 0000008B (0x1 bytes), align: 0
  Segment part 4. ROOT.       Intra module refs:   port2_ISR
           ENTRY                   ADDRESS         REF BY
           =====                   =======         ======
           P2IFG                   0000008B 
    -------------------------------------------------------------------------
SFR_AN
  Relative segment, address: DATA 0000008F - 0000008F (0x1 bytes), align: 0
  Segment part 5. ROOT.       Intra module refs:   halBoardInit
           ENTRY                   ADDRESS         REF BY
           =====                   =======         ======
           P0INP                   0000008F 
    -------------------------------------------------------------------------
SFR_AN
  Relative segment, address: DATA 00000090 - 00000090 (0x1 bytes), align: 0
  Segment part 6. ROOT.       Intra module refs:   HalLcd_HW_Control
                                                   HalLcd_HW_Write
                                                   halBoardInit
                                                   halLcdInit
                                                   halLedClear
                                                   halLedToggle
           ENTRY                   ADDRESS         REF BY
           =====                   =======         ======
           _A_P1                   00000090 
           LOCAL                   ADDRESS         
           =====                   =======         
           P1                      00000090 
    -------------------------------------------------------------------------
SFR_AN
  Relative segment, address: DATA 0000009A - 0000009A (0x1 bytes), align: 0
  Segment part 7. ROOT.       Intra module refs:   halRfDisableRxInterrupt
                                                   halRfEnableRxInterrupt
           ENTRY                   ADDRESS         REF BY
           =====                   =======         ======
           IEN2                    0000009A 
    -------------------------------------------------------------------------
SFR_AN
  Relative segment, address: DATA 0000009B - 0000009B (0x1 bytes), align: 0
  Segment part 8. ROOT.       Intra module refs:   rfIsr
           ENTRY                   ADDRESS         REF BY
           =====                   =======         ======
           S1CON                   0000009B 
    -------------------------------------------------------------------------
SFR_AN
  Relative segment, address: DATA 0000009D - 0000009D (0x1 bytes), align: 0
  Segment part 9. ROOT.       Intra module refs:   clockSetMainSrc
           ENTRY                   ADDRESS         REF BY
           =====                   =======         ======
           SLEEPSTA                0000009D 
    -------------------------------------------------------------------------
SFR_AN
  Relative segment, address: DATA 0000009E - 0000009E (0x1 bytes), align: 0
  Segment part 10. ROOT.      Intra module refs:   clockSelect32k
                                                   clockSetMainSrc
                                                   halBoardInit
           ENTRY                   ADDRESS         REF BY
           =====                   =======         ======
           CLKCONSTA               0000009E 
    -------------------------------------------------------------------------
SFR_AN
  Relative segment, address: DATA 000000A8 - 000000A8 (0x1 bytes), align: 0
  Segment part 11. ROOT.      Intra module refs:   appLight
                                                   basicRfInit
                                                   basicRfRxFrmDoneIsr
                                                   halBoardInit
                                                   rfIsr
           ENTRY                   ADDRESS         REF BY
           =====                   =======         ======
           _A_IEN0                 000000A8 
           LOCAL                   ADDRESS         
           =====                   =======         
           IEN0                    000000A8 
    -------------------------------------------------------------------------
SFR_AN
  Relative segment, address: DATA 000000BE - 000000BE (0x1 bytes), align: 0
  Segment part 12. ROOT.      Intra module refs:   clockSetMainSrc
           ENTRY                   ADDRESS         REF BY
           =====                   =======         ======
           SLEEPCMD                000000BE 
    -------------------------------------------------------------------------
SFR_AN
  Relative segment, address: DATA 000000C0 - 000000C0 (0x1 bytes), align: 0
  Segment part 13. ROOT.      Intra module refs:   port0_ISR
           ENTRY                   ADDRESS         REF BY
           =====                   =======         ======
           _A_IRCON                000000C0 
           LOCAL                   ADDRESS         
           =====                   =======         
           IRCON                   000000C0 
    -------------------------------------------------------------------------
SFR_AN
  Relative segment, address: DATA 000000C6 - 000000C6 (0x1 bytes), align: 0
  Segment part 14. ROOT.      Intra module refs:   clockSelect32k
                                                   clockSetMainSrc
           ENTRY                   ADDRESS         REF BY
           =====                   =======         ======
           CLKCONCMD               000000C6 
    -------------------------------------------------------------------------
SFR_AN
  Relative segment, address: DATA 000000D9 - 000000D9 (0x1 bytes), align: 0
  Segment part 15. ROOT.      Intra module refs:   halRfReadRxBuf
           ENTRY                   ADDRESS         REF BY
           =====                   =======         ======
           RFD                     000000D9 
    -------------------------------------------------------------------------
SFR_AN
  Relative segment, address: DATA 000000E1 - 000000E1 (0x1 bytes), align: 0
  Segment part 16. ROOT.      Intra module refs:   appLight
           ENTRY                   ADDRESS         REF BY
           =====                   =======         ======
           RFST                    000000E1 
    -------------------------------------------------------------------------
SFR_AN
  Relative segment, address: DATA 000000E8 - 000000E8 (0x1 bytes), align: 0
  Segment part 17. ROOT.      Intra module refs:   port1_ISR
                                                   port2_ISR
           ENTRY                   ADDRESS         REF BY
           =====                   =======         ======
           _A_IRCON2               000000E8 
           LOCAL                   ADDRESS         
           =====                   =======         
           IRCON2                  000000E8 
    -------------------------------------------------------------------------
SFR_AN
  Relative segment, address: DATA 000000E9 - 000000E9 (0x1 bytes), align: 0
  Segment part 18. ROOT.      Intra module refs:   rfIsr
           ENTRY                   ADDRESS         REF BY
           =====                   =======         ======
           RFIRQF0                 000000E9 
    -------------------------------------------------------------------------
SFR_AN
  Relative segment, address: DATA 000000F1 - 000000F1 (0x1 bytes), align: 0
  Segment part 19. ROOT.      Intra module refs:   halBoardInit
           ENTRY                   ADDRESS         REF BY
           =====                   =======         ======
           PERCFG                  000000F1 
    -------------------------------------------------------------------------
SFR_AN
  Relative segment, address: DATA 000000F3 - 000000F3 (0x1 bytes), align: 0
  Segment part 20. ROOT.      Intra module refs:   halBoardInit
                                                   halLcdInit
                                                   main
           ENTRY                   ADDRESS         REF BY
           =====                   =======         ======
           P0SEL                   000000F3 
    -------------------------------------------------------------------------
SFR_AN
  Relative segment, address: DATA 000000F4 - 000000F4 (0x1 bytes), align: 0
  Segment part 21. ROOT.      Intra module refs:   halBoardInit
                                                   halLcdInit
           ENTRY                   ADDRESS         REF BY
           =====                   =======         ======
           P1SEL                   000000F4 
    -------------------------------------------------------------------------
SFR_AN
  Relative segment, address: DATA 000000F5 - 000000F5 (0x1 bytes), align: 0
  Segment part 22. ROOT.      Intra module refs:   halBoardInit
                                                   main
           ENTRY                   ADDRESS         REF BY
           =====                   =======         ======
           P2SEL                   000000F5 
    -------------------------------------------------------------------------
SFR_AN
  Relative segment, address: DATA 000000F7 - 000000F7 (0x1 bytes), align: 0
  Segment part 23. ROOT.      Intra module refs:   halBoardInit
                                                   main
           ENTRY                   ADDRESS         REF BY
           =====                   =======         ======
           P2INP                   000000F7 
    -------------------------------------------------------------------------
SFR_AN
  Relative segment, address: DATA 000000F8 - 000000F8 (0x1 bytes), align: 0
  Segment part 24. ROOT.      Intra module refs:   HalLcd_HW_Control
                                                   HalLcd_HW_Write
                                                   halBoardInit
           ENTRY                   ADDRESS         REF BY
           =====                   =======         ======
           _A_U1CSR                000000F8 
           LOCAL                   ADDRESS         
           =====                   =======         
           U1CSR                   000000F8 
    -------------------------------------------------------------------------
SFR_AN
  Relative segment, address: DATA 000000F9 - 000000F9 (0x1 bytes), align: 0
  Segment part 25. ROOT.      Intra module refs:   HalLcd_HW_Control
                                                   HalLcd_HW_Write
           ENTRY                   ADDRESS         REF BY
           =====                   =======         ======
           U1DBUF                  000000F9 
    -------------------------------------------------------------------------
SFR_AN
  Relative segment, address: DATA 000000FA - 000000FA (0x1 bytes), align: 0
  Segment part 26. ROOT.      Intra module refs:   halBoardInit
           ENTRY                   ADDRESS         REF BY
           =====                   =======         ======
           U1BAUD                  000000FA 
    -------------------------------------------------------------------------
SFR_AN
  Relative segment, address: DATA 000000FB - 000000FB (0x1 bytes), align: 0
  Segment part 27. ROOT.      Intra module refs:   halBoardInit
           ENTRY                   ADDRESS         REF BY
           =====                   =======         ======
           U1UCR                   000000FB 
    -------------------------------------------------------------------------
SFR_AN
  Relative segment, address: DATA 000000FC - 000000FC (0x1 bytes), align: 0
  Segment part 28. ROOT.      Intra module refs:   halBoardInit
           ENTRY                   ADDRESS         REF BY
           =====                   =======         ======
           U1GCR                   000000FC 
    -------------------------------------------------------------------------
SFR_AN
  Relative segment, address: DATA 000000FD - 000000FD (0x1 bytes), align: 0
  Segment part 29. ROOT.      Intra module refs:   halBoardInit
                                                   halLcdInit
           ENTRY                   ADDRESS         REF BY
           =====                   =======         ======
           P0DIR                   000000FD 
    -------------------------------------------------------------------------
SFR_AN
  Relative segment, address: DATA 000000FE - 000000FE (0x1 bytes), align: 0
  Segment part 30. ROOT.      Intra module refs:   halBoardInit
                                                   halLcdInit
           ENTRY                   ADDRESS         REF BY
           =====                   =======         ======
           P1DIR                   000000FE 
    -------------------------------------------------------------------------
SFR_AN
  Relative segment, address: DATA 000000FF - 000000FF (0x1 bytes), align: 0
  Segment part 31. ROOT.      Intra module refs:   halBoardInit
                                                   main
           ENTRY                   ADDRESS         REF BY
           =====                   =======         ======
           P2DIR                   000000FF 
    -------------------------------------------------------------------------
NEAR_CODE
  Relative segment, address: CODE 00000A9F - 00000AD0 (0x32 bytes), align: 0
  Segment part 65.            Intra module refs:   halBoardInit
           ENTRY                   ADDRESS         REF BY
           =====                   =======         ======
           clockSetMainSrc         00000A9F 
    -------------------------------------------------------------------------
NEAR_CODE
  Relative segment, address: CODE 00000AD1 - 00000AF6 (0x26 bytes), align: 0
  Segment part 66.            Intra module refs:   halBoardInit
           ENTRY                   ADDRESS         REF BY
           =====                   =======         ======
           clockSelect32k          00000AD1 
    -------------------------------------------------------------------------
NEAR_CODE
  Relative segment, address: CODE 00000AF7 - 00000B21 (0x2b bytes), align: 0
  Segment part 67.            Intra module refs:   halMcuWaitMs
           ENTRY                   ADDRESS         REF BY
           =====                   =======         ======
           halMcuWaitUs            00000AF7 
               XSTACK = 00000008 ( 00000000 )
    -------------------------------------------------------------------------
NEAR_CODE
  Relative segment, address: CODE 00000B22 - 00000B48 (0x27 bytes), align: 0
  Segment part 68.            Intra module refs:   halAssertHandler
           ENTRY                   ADDRESS         REF BY
           =====                   =======         ======
           halMcuWaitMs            00000B22 
               calls direct
               XSTACK = 00000000 ( 00000008 )
    -------------------------------------------------------------------------
XDATA_Z
  Relative segment, address: XDATA 0000018A - 0000018B (0x2 bytes), align: 0
  Segment part 52.            Intra module refs:   basicRfInit
                                                   rfIsr
           LOCAL                   ADDRESS         
           =====                   =======         
           pfISR                   0000018A 
    -------------------------------------------------------------------------
NEAR_CODE
  Relative segment, address: CODE 00000B49 - 00000B6B (0x23 bytes), align: 0
  Segment part 69.            Intra module refs:   basicRfInit
                                                   main
           ENTRY                   ADDRESS         REF BY
           =====                   =======         ======
           halRfInit               00000B49 
               calls direct
               ISTACK = 00000000 ( 00000002 )
    -------------------------------------------------------------------------
NEAR_CODE
  Relative segment, address: CODE 00000B6C - 00000B83 (0x18 bytes), align: 0
  Segment part 70.            Intra module refs:   basicRfRxFrmDoneIsr
           ENTRY                   ADDRESS         REF BY
           =====                   =======         ======
           halRfReadRxBuf          00000B6C 
               ISTACK = 00000000 ( 00000003 )
    -------------------------------------------------------------------------
NEAR_CODE
  Relative segment, address: CODE 00000B84 - 00000B91 (0xe bytes), align: 0
  Segment part 71.            Intra module refs:   basicRfRxFrmDoneIsr
           ENTRY                   ADDRESS         REF BY
           =====                   =======         ======
           halRfDisableRxInterrupt
                                   00000B84 
               ISTACK = 00000000 ( 00000002 )
    -------------------------------------------------------------------------
NEAR_CODE
  Relative segment, address: CODE 00000B92 - 00000B96 (0x5 bytes), align: 0
  Segment part 72.            Intra module refs:   basicRfInit
                                                   basicRfRxFrmDoneIsr
                                                   halLedClear
                                                   halLedToggle
                                                   halRfDisableRxInterrupt
                                                   halRfEnableRxInterrupt
                                                   halRfInit
                                                   halRfReadRxBuf
           LOCAL                   ADDRESS         
           =====                   =======         
           ?Subroutine1            00000B92 
    -------------------------------------------------------------------------
NEAR_CODE
  Relative segment, address: CODE 00000B97 - 00000BA6 (0x10 bytes), align: 0
  Segment part 73.            Intra module refs:   basicRfRxFrmDoneIsr
                                                   halRfInit
           ENTRY                   ADDRESS         REF BY
           =====                   =======         ======
           halRfEnableRxInterrupt
                                   00000B97 
               ISTACK = 00000000 ( 00000002 )
    -------------------------------------------------------------------------
NEAR_CODE
  Relative segment, address: CODE 00000BA7 - 00000BD8 (0x32 bytes), align: 0
  Segment part 74.            Intra module refs:   rfIsr::??INTVEC 131
           ENTRY                   ADDRESS         REF BY
           =====                   =======         ======
           rfIsr                   00000BA7 
               interrupt function
               ISTACK = 00000000 ( 0000000F )
    -------------------------------------------------------------------------
CODE_C
  Relative segment, address: CODE 00000328 - 00000927 (0x600 bytes), align: 0
  Segment part 53.            Intra module refs:   ?Subroutine6
           ENTRY                   ADDRESS         REF BY
           =====                   =======         ======
           ASCIITAB                00000328 
    -------------------------------------------------------------------------
XDATA_Z
  Relative segment, address: XDATA 0000018C - 0000019B (0x10 bytes), align: 0
  Segment part 54.            Intra module refs:   ?Subroutine8
                                                   halLcdWriteLine
           LOCAL                   ADDRESS         
           =====                   =======         
           pLcdLineBuffer          0000018C 
    -------------------------------------------------------------------------
NEAR_CODE
  Relative segment, address: CODE 00000BD9 - 00000BE4 (0xc bytes), align: 0
  Segment part 75.            Intra module refs:   SET_DDRAM_ADDR
                                                   halLcdInit
           LOCAL                   ADDRESS         
           =====                   =======         
           HalLcd_HW_Control       00000BD9 
               XSTACK = 00000008 ( 00000000 )
    -------------------------------------------------------------------------
NEAR_CODE
  Relative segment, address: CODE 00000BE5 - 00000BEB (0x7 bytes), align: 0
  Segment part 76.            Intra module refs:   HalLcd_HW_Control
                                                   HalLcd_HW_Write
           LOCAL                   ADDRESS         
           =====                   =======         
           ?Subroutine0            00000BE5 
    -------------------------------------------------------------------------
NEAR_CODE
  Relative segment, address: CODE 00000BEC - 00000BF9 (0xe bytes), align: 0
  Segment part 77.            Intra module refs:   ?Subroutine6
                                                   halLcdInit
           LOCAL                   ADDRESS         
           =====                   =======         
           HalLcd_HW_Write         00000BEC 
               XSTACK = 00000011 ( 00000000 )
    -------------------------------------------------------------------------
NEAR_CODE
  Relative segment, address: CODE 00000BFA - 00000CC1 (0xc8 bytes), align: 0
  Segment part 78.            Intra module refs:   halLcdWriteLine
           LOCAL                   ADDRESS         
           =====                   =======         
           lcdWriteLine            00000BFA 
               calls direct
               XSTACK = 00000009 ( 00000011 )
               ISTACK = 00000000 ( 00000001 )
    -------------------------------------------------------------------------
NEAR_CODE
  Relative segment, address: CODE 00000CC2 - 00000CE6 (0x25 bytes), align: 0
  Segment part 79.            Intra module refs:   lcdWriteLine
           LOCAL                   ADDRESS         
           =====                   =======         
           ?Subroutine6            00000CC2 
    -------------------------------------------------------------------------
NEAR_CODE
  Relative segment, address: CODE 00000CE7 - 00000D07 (0x21 bytes), align: 0
  Segment part 80.            Intra module refs:   halLcdInit
                                                   lcdWriteLine
           LOCAL                   ADDRESS         
           =====                   =======         
           SET_DDRAM_ADDR          00000CE7 
               calls direct
               XSTACK = 00000011 ( 00000008 )
    -------------------------------------------------------------------------
NEAR_CODE
  Relative segment, address: CODE 00000D08 - 00000D0C (0x5 bytes), align: 0
  Segment part 81.            Intra module refs:   SET_DDRAM_ADDR
                                                   halLcdInit
           LOCAL                   ADDRESS         
           =====                   =======         
           ?Subroutine2            00000D08 
    -------------------------------------------------------------------------
NEAR_CODE
  Relative segment, address: CODE 00000D0D - 00000D85 (0x79 bytes), align: 0
  Segment part 82.            Intra module refs:   halBoardInit
           ENTRY                   ADDRESS         REF BY
           =====                   =======         ======
           halLcdInit              00000D0D 
               calls direct
               XSTACK = 00000000 ( 00000008 )
    -------------------------------------------------------------------------
NEAR_CODE
  Relative segment, address: CODE 00000D86 - 00000DC3 (0x3e bytes), align: 0
  Segment part 83.            Intra module refs:   appLight
           ENTRY                   ADDRESS         REF BY
           =====                   =======         ======
           halLcdWriteLine         00000D86 
               calls direct
               XSTACK = 00000009 ( 00000009 )
               ISTACK = 00000000 ( 00000001 )
    -------------------------------------------------------------------------
NEAR_CODE
  Relative segment, address: CODE 00000DC4 - 00000DD2 (0xf bytes), align: 0
  Segment part 84.            Intra module refs:   halLcdWriteLine
           LOCAL                   ADDRESS         
           =====                   =======         
           ?Subroutine8            00000DC4 
    -------------------------------------------------------------------------
NEAR_CODE
  Relative segment, address: CODE 00000DD3 - 00000DEF (0x1d bytes), align: 0
  Segment part 85.            Intra module refs:   appLight
                                                   halBoardInit
                                                   main
           ENTRY                   ADDRESS         REF BY
           =====                   =======         ======
           halAssertHandler        00000DD3 
               calls direct
               XSTACK = 00000009 ( 00000000 )
    -------------------------------------------------------------------------
NEAR_CODE
  Relative segment, address: CODE 00000DF0 - 00000E53 (0x64 bytes), align: 0
  Segment part 86.            Intra module refs:   main
           ENTRY                   ADDRESS         REF BY
           =====                   =======         ======
           halBoardInit            00000DF0 
               calls direct
    -------------------------------------------------------------------------
XDATA_Z
  Relative segment, address: XDATA 0000019C - 000001AB (0x10 bytes), align: 0
  Segment part 55.            Intra module refs:   port0_ISR
           LOCAL                   ADDRESS         
           =====                   =======         
           port0_isr_tbl           0000019C 
    -------------------------------------------------------------------------
XDATA_Z
  Relative segment, address: XDATA 000001AC - 000001BB (0x10 bytes), align: 0
  Segment part 56.            Intra module refs:   port1_ISR
           LOCAL                   ADDRESS         
           =====                   =======         
           port1_isr_tbl           000001AC 
    -------------------------------------------------------------------------
XDATA_Z
  Relative segment, address: XDATA 000001BC - 000001C5 (0xa bytes), align: 0
  Segment part 57.            Intra module refs:   port2_ISR
           LOCAL                   ADDRESS         
           =====                   =======         
           port2_isr_tbl           000001BC 
    -------------------------------------------------------------------------
NEAR_CODE
  Relative segment, address: CODE 00000E54 - 00000EA7 (0x54 bytes), align: 0
  Segment part 87.            Intra module refs:   port0_ISR::??INTVEC 107
           ENTRY                   ADDRESS         REF BY
           =====                   =======         ======
           port0_ISR               00000E54 
               interrupt function
               ISTACK = 00000000 ( 00000010 )
    -------------------------------------------------------------------------
NEAR_CODE
  Relative segment, address: CODE 00000EA8 - 00000EAC (0x5 bytes), align: 0
  Segment part 88.            Intra module refs:   port0_ISR
                                                   port1_ISR
                                                   port2_ISR
           LOCAL                   ADDRESS         
           =====                   =======         
           ?Subroutine3            00000EA8 
    -------------------------------------------------------------------------
NEAR_CODE
  Relative segment, address: CODE 00000EAD - 00000EAF (0x3 bytes), align: 0
  Segment part 89.            Intra module refs:   port0_ISR
                                                   port1_ISR
                                                   port2_ISR
           LOCAL                   ADDRESS         
           =====                   =======         
           ?Subroutine5            00000EAD 
    -------------------------------------------------------------------------
NEAR_CODE
  Relative segment, address: CODE 00000EB0 - 00000EB2 (0x3 bytes), align: 0
  Segment part 90.            Intra module refs:   ?Subroutine5
                                                   basicRfInit
    -------------------------------------------------------------------------
NEAR_CODE
  Relative segment, address: CODE 00000EB3 - 00000EB8 (0x6 bytes), align: 0
  Segment part 91.            Intra module refs:   Segment part 90
                                                   basicRfInit
                                                   rfIsr
    -------------------------------------------------------------------------
NEAR_CODE
  Relative segment, address: CODE 00000EB9 - 00000F0E (0x56 bytes), align: 0
  Segment part 92.            Intra module refs:   port1_ISR::??INTVEC 123
           ENTRY                   ADDRESS         REF BY
           =====                   =======         ======
           port1_ISR               00000EB9 
               interrupt function
               ISTACK = 00000000 ( 00000010 )
    -------------------------------------------------------------------------
NEAR_CODE
  Relative segment, address: CODE 00000F0F - 00000F11 (0x3 bytes), align: 0
  Segment part 93.            Intra module refs:   port0_ISR
                                                   port1_ISR
                                                   port2_ISR
           LOCAL                   ADDRESS         
           =====                   =======         
           ?Subroutine4            00000F0F 
    -------------------------------------------------------------------------
NEAR_CODE
  Relative segment, address: CODE 00000F12 - 00000F16 (0x5 bytes), align: 0
  Segment part 94.            Intra module refs:   ?Subroutine4
                                                   rfIsr
    -------------------------------------------------------------------------
NEAR_CODE
  Relative segment, address: CODE 00000F17 - 00000F1D (0x7 bytes), align: 0
  Segment part 95.            Intra module refs:   Segment part 94
                                                   basicRfInit
           LOCAL                   ADDRESS         
           =====                   =======         
           ?Subroutine9            00000F17 
    -------------------------------------------------------------------------
NEAR_CODE
  Relative segment, address: CODE 00000F1E - 00000F74 (0x57 bytes), align: 0
  Segment part 96.            Intra module refs:   port2_ISR::??INTVEC 51
           ENTRY                   ADDRESS         REF BY
           =====                   =======         ======
           port2_ISR               00000F1E 
               interrupt function
               ISTACK = 00000000 ( 00000010 )
    -------------------------------------------------------------------------
XDATA_Z
  Relative segment, address: XDATA 000001C6 - 000001C6 (0x1 bytes), align: 0
  Segment part 58.            Intra module refs:   halLedClear
                                                   halLedToggle
           ENTRY                   ADDRESS         REF BY
           =====                   =======         ======
           led4State               000001C6 
    -------------------------------------------------------------------------
NEAR_CODE
  Relative segment, address: CODE 00000F75 - 00000F9D (0x29 bytes), align: 0
  Segment part 97.            Intra module refs:   main
           ENTRY                   ADDRESS         REF BY
           =====                   =======         ======
           halLedClear             00000F75 
               ISTACK = 00000000 ( 00000002 )
    -------------------------------------------------------------------------
NEAR_CODE
  Relative segment, address: CODE 00000F9E - 00000FCC (0x2f bytes), align: 0
  Segment part 98.            Intra module refs:   appLight
                                                   halAssertHandler
           ENTRY                   ADDRESS         REF BY
           =====                   =======         ======
           halLedToggle            00000F9E 
               XSTACK = 00000009 ( 00000000 )
               ISTACK = 00000000 ( 00000002 )
    -------------------------------------------------------------------------
XDATA_Z
  Relative segment, address: XDATA 000001C7 - 000001C7 (0x1 bytes), align: 0
  Segment part 59.            Intra module refs:   appLight
           LOCAL                   ADDRESS         
           =====                   =======         
           pRxData                 000001C7 
    -------------------------------------------------------------------------
XDATA_Z
  Relative segment, address: XDATA 000001C8 - 000001CD (0x6 bytes), align: 0
  Segment part 60.            Intra module refs:   appLight
                                                   main
           LOCAL                   ADDRESS         
           =====                   =======         
           basicRfConfig           000001C8 
    -------------------------------------------------------------------------
NEAR_CODE
  Relative segment, address: CODE 00000FCD - 0000105D (0x91 bytes), align: 0
  Segment part 99.            Intra module refs:   main
           LOCAL                   ADDRESS         
           =====                   =======         
           appLight                00000FCD 
               calls direct
               XSTACK = 00000000 ( 0000000B )
    -------------------------------------------------------------------------
NEAR_CODE
  Relative segment, address: CODE 0000105E - 00001090 (0x33 bytes), align: 0
  Segment part 100.
           ENTRY                   ADDRESS         REF BY
           =====                   =======         ======
           main                    0000105E        ?call_main (?cmain)
               calls direct
    -------------------------------------------------------------------------
NEAR_CODE
  Relative segment, address: CODE 00001091 - 0000109D (0xd bytes), align: 0
  Segment part 101.           Intra module refs:   halBoardInit
                                                   main
           LOCAL                   ADDRESS         
           =====                   =======         
           ?Subroutine7            00001091 
    -------------------------------------------------------------------------
INTVEC
  Common segment, address: CODE 00000000 - 00000035 (0x36 bytes), align: 0
  Segment part 32. ROOT.
           ENTRY                   ADDRESS         REF BY
           =====                   =======         ======
           port2_ISR::??INTVEC 51
                                   00000033 
    -------------------------------------------------------------------------
INTVEC
  Common segment, address: CODE 00000000 - 0000006D (0x6e bytes), align: 0
  Segment part 33. ROOT.
           ENTRY                   ADDRESS         REF BY
           =====                   =======         ======
           port0_ISR::??INTVEC 107
                                   0000006B 
    -------------------------------------------------------------------------
INTVEC
  Common segment, address: CODE 00000000 - 0000007D (0x7e bytes), align: 0
  Segment part 34. ROOT.
           ENTRY                   ADDRESS         REF BY
           =====                   =======         ======
           port1_ISR::??INTVEC 123
                                   0000007B 
    -------------------------------------------------------------------------
INTVEC
  Common segment, address: CODE 00000000 - 00000085 (0x86 bytes), align: 0
  Segment part 35. ROOT.
           ENTRY                   ADDRESS         REF BY
           =====                   =======         ======
           rfIsr::??INTVEC 131     00000083 
    -------------------------------------------------------------------------
XDATA_ID
  Relative segment, address: CODE 000000E5 - 000000F8 (0x14 bytes), align: 0
  Segment part 42.            Intra module refs:   Segment part 41
    -------------------------------------------------------------------------
XDATA_ID
  Relative segment, address: CODE 000000F9 - 0000010A (0x12 bytes), align: 0
  Segment part 44.            Intra module refs:   Segment part 43
    -------------------------------------------------------------------------
XDATA_ID
  Relative segment, address: CODE 0000010B - 0000011A (0x10 bytes), align: 0
  Segment part 46.            Intra module refs:   Segment part 45
    -------------------------------------------------------------------------
XDATA_ID
  Relative segment, address: CODE 0000011B - 00000126 (0xc bytes), align: 0
  Segment part 48.            Intra module refs:   rxi
    -------------------------------------------------------------------------
XDATA_ID
  Relative segment, address: CODE 00000127 - 0000012A (0x4 bytes), align: 0
  Segment part 62.            Intra module refs:   __Constant_0

    *************************************************************************

  FILE NAME : D:\BaiduYunDownload\Íø·ä¿Æ¼¼ÎïÁªÍø6´ó¿ª·¢Æ½Ì¨£¨2014-4-5£©\Íø·ä¿Æ¼¼£¨WeBee£© ZigBee¿ª·¢Ì×¼þÅäÌ××ÊÔ´ ---   Í¨ÓÃµ×°å\Ê¾Àý³ÌÐò\2.×éÍøÊµÑé\2.ÎÞÏßµãµÆ\WeBEE CC2530 BasicRF\ide\srf05_cc2530\iar\temp\light_switch\basic_rf_security.r51
    *************************************************************************

  FILE NAME : D:\BaiduYunDownload\Íø·ä¿Æ¼¼ÎïÁªÍø6´ó¿ª·¢Æ½Ì¨£¨2014-4-5£©\Íø·ä¿Æ¼¼£¨WeBee£© ZigBee¿ª·¢Ì×¼þÅäÌ××ÊÔ´ ---   Í¨ÓÃµ×°å\Ê¾Àý³ÌÐò\2.×éÍøÊµÑé\2.ÎÞÏßµãµÆ\WeBEE CC2530 BasicRF\ide\srf05_cc2530\iar\temp\light_switch\clock.r51
    *************************************************************************

  FILE NAME : D:\BaiduYunDownload\Íø·ä¿Æ¼¼ÎïÁªÍø6´ó¿ª·¢Æ½Ì¨£¨2014-4-5£©\Íø·ä¿Æ¼¼£¨WeBee£© ZigBee¿ª·¢Ì×¼þÅäÌ××ÊÔ´ ---   Í¨ÓÃµ×°å\Ê¾Àý³ÌÐò\2.×éÍøÊµÑé\2.ÎÞÏßµãµÆ\WeBEE CC2530 BasicRF\ide\srf05_cc2530\iar\temp\light_switch\hal_assert.r51
    *************************************************************************

  FILE NAME : D:\BaiduYunDownload\Íø·ä¿Æ¼¼ÎïÁªÍø6´ó¿ª·¢Æ½Ì¨£¨2014-4-5£©\Íø·ä¿Æ¼¼£¨WeBee£© ZigBee¿ª·¢Ì×¼þÅäÌ××ÊÔ´ ---   Í¨ÓÃµ×°å\Ê¾Àý³ÌÐò\2.×éÍøÊµÑé\2.ÎÞÏßµãµÆ\WeBEE CC2530 BasicRF\ide\srf05_cc2530\iar\temp\light_switch\hal_board.r51
    *************************************************************************

  FILE NAME : D:\BaiduYunDownload\Íø·ä¿Æ¼¼ÎïÁªÍø6´ó¿ª·¢Æ½Ì¨£¨2014-4-5£©\Íø·ä¿Æ¼¼£¨WeBee£© ZigBee¿ª·¢Ì×¼þÅäÌ××ÊÔ´ ---   Í¨ÓÃµ×°å\Ê¾Àý³ÌÐò\2.×éÍøÊµÑé\2.ÎÞÏßµãµÆ\WeBEE CC2530 BasicRF\ide\srf05_cc2530\iar\temp\light_switch\hal_button.r51
    *************************************************************************

  FILE NAME : D:\BaiduYunDownload\Íø·ä¿Æ¼¼ÎïÁªÍø6´ó¿ª·¢Æ½Ì¨£¨2014-4-5£©\Íø·ä¿Æ¼¼£¨WeBee£© ZigBee¿ª·¢Ì×¼þÅäÌ××ÊÔ´ ---   Í¨ÓÃµ×°å\Ê¾Àý³ÌÐò\2.×éÍøÊµÑé\2.ÎÞÏßµãµÆ\WeBEE CC2530 BasicRF\ide\srf05_cc2530\iar\temp\light_switch\hal_digio.r51
    *************************************************************************

  FILE NAME : D:\BaiduYunDownload\Íø·ä¿Æ¼¼ÎïÁªÍø6´ó¿ª·¢Æ½Ì¨£¨2014-4-5£©\Íø·ä¿Æ¼¼£¨WeBee£© ZigBee¿ª·¢Ì×¼þÅäÌ××ÊÔ´ ---   Í¨ÓÃµ×°å\Ê¾Àý³ÌÐò\2.×éÍøÊµÑé\2.ÎÞÏßµãµÆ\WeBEE CC2530 BasicRF\ide\srf05_cc2530\iar\temp\light_switch\hal_int.r51
    *************************************************************************

  FILE NAME : D:\BaiduYunDownload\Íø·ä¿Æ¼¼ÎïÁªÍø6´ó¿ª·¢Æ½Ì¨£¨2014-4-5£©\Íø·ä¿Æ¼¼£¨WeBee£© ZigBee¿ª·¢Ì×¼þÅäÌ××ÊÔ´ ---   Í¨ÓÃµ×°å\Ê¾Àý³ÌÐò\2.×éÍøÊµÑé\2.ÎÞÏßµãµÆ\WeBEE CC2530 BasicRF\ide\srf05_cc2530\iar\temp\light_switch\hal_joystick.r51
    *************************************************************************

  FILE NAME : D:\BaiduYunDownload\Íø·ä¿Æ¼¼ÎïÁªÍø6´ó¿ª·¢Æ½Ì¨£¨2014-4-5£©\Íø·ä¿Æ¼¼£¨WeBee£© ZigBee¿ª·¢Ì×¼þÅäÌ××ÊÔ´ ---   Í¨ÓÃµ×°å\Ê¾Àý³ÌÐò\2.×éÍøÊµÑé\2.ÎÞÏßµãµÆ\WeBEE CC2530 BasicRF\ide\srf05_cc2530\iar\temp\light_switch\hal_lcd_srf05.r51
    *************************************************************************

  FILE NAME : D:\BaiduYunDownload\Íø·ä¿Æ¼¼ÎïÁªÍø6´ó¿ª·¢Æ½Ì¨£¨2014-4-5£©\Íø·ä¿Æ¼¼£¨WeBee£© ZigBee¿ª·¢Ì×¼þÅäÌ××ÊÔ´ ---   Í¨ÓÃµ×°å\Ê¾Àý³ÌÐò\2.×éÍøÊµÑé\2.ÎÞÏßµãµÆ\WeBEE CC2530 BasicRF\ide\srf05_cc2530\iar\temp\light_switch\hal_led.r51
    *************************************************************************

  FILE NAME : D:\BaiduYunDownload\Íø·ä¿Æ¼¼ÎïÁªÍø6´ó¿ª·¢Æ½Ì¨£¨2014-4-5£©\Íø·ä¿Æ¼¼£¨WeBee£© ZigBee¿ª·¢Ì×¼þÅäÌ××ÊÔ´ ---   Í¨ÓÃµ×°å\Ê¾Àý³ÌÐò\2.×éÍøÊµÑé\2.ÎÞÏßµãµÆ\WeBEE CC2530 BasicRF\ide\srf05_cc2530\iar\temp\light_switch\hal_mcu.r51
    *************************************************************************

  FILE NAME : D:\BaiduYunDownload\Íø·ä¿Æ¼¼ÎïÁªÍø6´ó¿ª·¢Æ½Ì¨£¨2014-4-5£©\Íø·ä¿Æ¼¼£¨WeBee£© ZigBee¿ª·¢Ì×¼þÅäÌ××ÊÔ´ ---   Í¨ÓÃµ×°å\Ê¾Àý³ÌÐò\2.×éÍøÊµÑé\2.ÎÞÏßµãµÆ\WeBEE CC2530 BasicRF\ide\srf05_cc2530\iar\temp\light_switch\hal_rf.r51
    *************************************************************************

  FILE NAME : D:\BaiduYunDownload\Íø·ä¿Æ¼¼ÎïÁªÍø6´ó¿ª·¢Æ½Ì¨£¨2014-4-5£©\Íø·ä¿Æ¼¼£¨WeBee£© ZigBee¿ª·¢Ì×¼þÅäÌ××ÊÔ´ ---   Í¨ÓÃµ×°å\Ê¾Àý³ÌÐò\2.×éÍøÊµÑé\2.ÎÞÏßµãµÆ\WeBEE CC2530 BasicRF\ide\srf05_cc2530\iar\temp\light_switch\hal_rf_security.r51
    *************************************************************************

  FILE NAME : D:\BaiduYunDownload\Íø·ä¿Æ¼¼ÎïÁªÍø6´ó¿ª·¢Æ½Ì¨£¨2014-4-5£©\Íø·ä¿Æ¼¼£¨WeBee£© ZigBee¿ª·¢Ì×¼þÅäÌ××ÊÔ´ ---   Í¨ÓÃµ×°å\Ê¾Àý³ÌÐò\2.×éÍøÊµÑé\2.ÎÞÏßµãµÆ\WeBEE CC2530 BasicRF\ide\srf05_cc2530\iar\temp\light_switch\light_switch.r51
    *************************************************************************

  FILE NAME : D:\BaiduYunDownload\Íø·ä¿Æ¼¼ÎïÁªÍø6´ó¿ª·¢Æ½Ì¨£¨2014-4-5£©\Íø·ä¿Æ¼¼£¨WeBee£© ZigBee¿ª·¢Ì×¼þÅäÌ××ÊÔ´ ---   Í¨ÓÃµ×°å\Ê¾Àý³ÌÐò\2.×éÍøÊµÑé\2.ÎÞÏßµãµÆ\WeBEE CC2530 BasicRF\ide\srf05_cc2530\iar\temp\light_switch\util.r51
    *************************************************************************

  FILE NAME : D:\BaiduYunDownload\Íø·ä¿Æ¼¼ÎïÁªÍø6´ó¿ª·¢Æ½Ì¨£¨2014-4-5£©\Íø·ä¿Æ¼¼£¨WeBee£© ZigBee¿ª·¢Ì×¼þÅäÌ××ÊÔ´ ---   Í¨ÓÃµ×°å\Ê¾Àý³ÌÐò\2.×éÍøÊµÑé\2.ÎÞÏßµãµÆ\WeBEE CC2530 BasicRF\ide\srf05_cc2530\iar\temp\light_switch\util_buffer.r51
    *************************************************************************

  FILE NAME : D:\BaiduYunDownload\Íø·ä¿Æ¼¼ÎïÁªÍø6´ó¿ª·¢Æ½Ì¨£¨2014-4-5£©\Íø·ä¿Æ¼¼£¨WeBee£© ZigBee¿ª·¢Ì×¼þÅäÌ××ÊÔ´ ---   Í¨ÓÃµ×°å\Ê¾Àý³ÌÐò\2.×éÍøÊµÑé\2.ÎÞÏßµãµÆ\WeBEE CC2530 BasicRF\ide\srf05_cc2530\iar\temp\light_switch\util_lcd.r51
    *************************************************************************

  FILE NAME : D:\Program Files (x86)\IAR Systems\Embedded Workbench 6.0 Evaluation\8051\LIB\CLIB\cl-pli-nlxd-1e16x01.r51
  LIBRARY MODULE, NAME : ?cexit

  SEGMENTS IN THE MODULE
  ======================
CSTART
  Relative segment, address: CODE 00000086 - 0000008A (0x5 bytes), align: 0
  Segment part 0.
           ENTRY                   ADDRESS         REF BY
           =====                   =======         ======
           exit                    00000086        ?call_main (?cmain)
           ?C_EXIT                 00000086 
           ?ROM_MONITOR_NOPS       00000086 

    -------------------------------------------------------------------------
  LIBRARY MODULE, NAME : ?cmain

  SEGMENTS IN THE MODULE
  ======================
CSTART
  Relative segment, address: CODE 0000008B, align: 0
  Segment part 0.
           ENTRY                   ADDRESS         REF BY
           =====                   =======         ======
           ?cmain                  0000008B        Segment part 13 (CSTARTUP)
    -------------------------------------------------------------------------
CSTART
  Relative segment, address: CODE 0000008B - 00000093 (0x9 bytes), align: 0
  Segment part 1.
           ENTRY                   ADDRESS         REF BY
           =====                   =======         ======
           __low_level_init_call   0000008B        __low_level_init (?low_level_init)
    -------------------------------------------------------------------------
CSTART
  Relative segment, address: CODE 00000094 - 000000A3 (0x10 bytes), align: 0
  Segment part 11.
           ENTRY                   ADDRESS         REF BY
           =====                   =======         ======
           __INIT_XDATA_Z          00000094        basicRfConfig (basic_rf)
                                                   led4State (basic_rf)
                                                   pConfig (basic_rf)
                                                   pLcdLineBuffer (basic_rf)
                                                   pRxData (basic_rf)
                                                   pfISR (basic_rf)
                                                   port0_isr_tbl (basic_rf)
                                                   port1_isr_tbl (basic_rf)
                                                   port2_isr_tbl (basic_rf)
                                                   rxMpdu (basic_rf)
                                                   txState (basic_rf)
    -------------------------------------------------------------------------
CSTART
  Relative segment, address: CODE 000000A4 - 000000CC (0x29 bytes), align: 0
  Segment part 28.
           ENTRY                   ADDRESS         REF BY
           =====                   =======         ======
           __INIT_XDATA_I          000000A4        Segment part 41 (basic_rf)
                                                   Segment part 43 (basic_rf)
                                                   Segment part 45 (basic_rf)
                                                   __Constant_0 (basic_rf)
                                                   rxi (basic_rf)
    -------------------------------------------------------------------------
CSTART
  Relative segment, address: CODE 000000CD, align: 0
  Segment part 32.            Intra module refs:   __low_level_init_call
    -------------------------------------------------------------------------
CSTART
  Relative segment, address: CODE 000000CD - 000000D2 (0x6 bytes), align: 0
  Segment part 33.            Intra module refs:   ?cmain
           ENTRY                   ADDRESS         REF BY
           =====                   =======         ======
           ?call_main              000000CD 

    -------------------------------------------------------------------------
  LIBRARY MODULE, NAME : CSTARTUP

  SEGMENTS IN THE MODULE
  ======================
REGISTERS
  Relative segment, address: DATA 00000000, align: 0
  Segment part 0.             Intra module refs:   Segment part 6
           ENTRY                   ADDRESS         REF BY
           =====                   =======         ======
           ?REGISTERS              00000000 
    -------------------------------------------------------------------------
ISTACK
  Relative segment, address: IDATA 000000C0, align: 0
  Segment part 1.             Intra module refs:   Segment part 6
           ENTRY                   ADDRESS         REF BY
           =====                   =======         ======
           ?ISTACK_START           000000C0 
    -------------------------------------------------------------------------
XSTACK
  Relative segment, address: XDATA 00000001, align: 0
  Segment part 3.             Intra module refs:   ?RESET_XSP
           ENTRY                   ADDRESS         REF BY
           =====                   =======         ======
           ?XSTACK_START           00000001 
    -------------------------------------------------------------------------
INTVEC
  Common segment, address: CODE 00000000 - 00000002 (0x3 bytes), align: 0
  Segment part 5. ROOT.       Intra module refs:   Segment part 6
    -------------------------------------------------------------------------
CSTART
  Relative segment, address: CODE 000000D3 - 000000D8 (0x6 bytes), align: 0
  Segment part 6. ROOT.       Intra module refs:   Segment part 5
           ENTRY                   ADDRESS         REF BY
           =====                   =======         ======
           __program_start         000000D3        Absolute parts (?ABS_ENTRY_MOD)
           ?RESET_SP               000000D6 
    -------------------------------------------------------------------------
CSTART
  Relative segment, address: CODE 000000D9 - 000000DE (0x6 bytes), align: 0
  Segment part 8.
           ENTRY                   ADDRESS         REF BY
           =====                   =======         ======
           ?RESET_XSP              000000D9        ?XSP (VIRTUAL_REGISTERS)
    -------------------------------------------------------------------------
PDATA_Z
  Relative segment, address: XDATA 00001E00, align: 0
  Segment part 10. ROOT.
    -------------------------------------------------------------------------
CSTART
  Relative segment, address: CODE 000000DF - 000000E1 (0x3 bytes), align: 0
  Segment part 13.            Intra module refs:   Absolute parts

    -------------------------------------------------------------------------
  LIBRARY MODULE, NAME : VIRTUAL_REGISTERS

  SEGMENTS IN THE MODULE
  ======================
BREG
  Relative segment, address: BIT 00000020.0 - 00000020.7 (0x8 bits), align: 0
  Segment part 0.
           ENTRY                   ADDRESS         REF BY
           =====                   =======         ======
           ?B0                     00000020.0      Absolute parts (CSTARTUP)
    -------------------------------------------------------------------------
VREG
  Relative segment, address: DATA 00000008, align: 0
  Segment part 1.
           ENTRY                   ADDRESS         REF BY
           =====                   =======         ======
           ?V0                     00000008        ?FUNC_ENTER_XDATA (?FUNC_ENTER_XDATA)
                                                   ?FUNC_LEAVE_XDATA (?FUNC_LEAVE_XDATA)
                                                   ?INTERRUPT_ENTER_XSP (?INTERRUPT_ENTER_XSP)
                                                   ?INTERRUPT_LEAVE_XSP (?INTERRUPT_LEAVE_XSP)
                                                   ?Subroutine6 (basic_rf)
                                                   ?Subroutine8 (basic_rf)
                                                   appLight (basic_rf)
                                                   lcdWriteLine (basic_rf)
                                                   memcpy (?memcpy)
                                                   port0_ISR (basic_rf)
                                                   port1_ISR (basic_rf)
                                                   port2_ISR (basic_rf)
    -------------------------------------------------------------------------
XSP
  Relative segment, address: DATA 00000010 - 00000011 (0x2 bytes), align: 0
  Segment part 3.
           ENTRY                   ADDRESS         REF BY
           =====                   =======         ======
           ?XSP                    00000010        ?ADD_XSTACK_DISP0_8 (?ADD_XSTACK_DISP8)
                                                   ?ALLOC_XSTACK8 (?ALLOC_XSTACK8)
                                                   ?DEALLOC_XSTACK8 (?DEALLOC_XSTACK8)
                                                   ?FUNC_ENTER_XDATA (?FUNC_ENTER_XDATA)
                                                   ?FUNC_LEAVE_XDATA (?FUNC_LEAVE_XDATA)
                                                   ?INTERRUPT_ENTER_XSP (?INTERRUPT_ENTER_XSP)
                                                   ?INTERRUPT_LEAVE_XSP (?INTERRUPT_LEAVE_XSP)
                                                   ?RESET_XSP (CSTARTUP)
                                                   ?XSTACK_DISP0_8 (?XSTACK_DISP8)
                                                   lcdWriteLine (basic_rf)

    -------------------------------------------------------------------------
  LIBRARY MODULE, NAME : ?XLOAD_R2345

  SEGMENTS IN THE MODULE
  ======================
RCODE
  Relative segment, address: CODE 0000012B - 00000136 (0xc bytes), align: 0
  Segment part 0.
           ENTRY                   ADDRESS         REF BY
           =====                   =======         ======
           ?XLOAD_R2345            0000012B        basicRfInit (basic_rf)

    -------------------------------------------------------------------------
  LIBRARY MODULE, NAME : ?XSTORE_R2345

  SEGMENTS IN THE MODULE
  ======================
RCODE
  Relative segment, address: CODE 00000137 - 00000142 (0xc bytes), align: 0
  Segment part 0.
           ENTRY                   ADDRESS         REF BY
           =====                   =======         ======
           ?XSTORE_R2345           00000137        basicRfInit (basic_rf)

    -------------------------------------------------------------------------
  LIBRARY MODULE, NAME : ?MOVE_LONG8_XDATA_IDATA

  SEGMENTS IN THE MODULE
  ======================
RCODE
  Relative segment, address: CODE 00000143 - 0000014F (0xd bytes), align: 0
  Segment part 0.
           ENTRY                   ADDRESS         REF BY
           =====                   =======         ======
           ?MOVE_LONG8_XDATA_IDATA
                                   00000143        ?PUSH_XSTACK_I (?PUSH_XSTACK_I)

    -------------------------------------------------------------------------
  LIBRARY MODULE, NAME : ?S_SHL

  SEGMENTS IN THE MODULE
  ======================
RCODE
  Relative segment, address: CODE 00000150 - 00000152 (0x3 bytes), align: 0
  Segment part 0.
           ENTRY                   ADDRESS         REF BY
           =====                   =======         ======
           ?S_SHL                  00000150        lcdWriteLine (basic_rf)
                                                   port0_ISR (basic_rf)
                                                   port1_ISR (basic_rf)
                                                   port2_ISR (basic_rf)
    -------------------------------------------------------------------------
RCODE
  Relative segment, address: CODE 00000153 - 00000155 (0x3 bytes), align: 0
  Segment part 1.             Intra module refs:   Segment part 2
           ENTRY                   ADDRESS         REF BY
           =====                   =======         ======
           ?S_SHL_REW              00000153 
    -------------------------------------------------------------------------
RCODE
  Relative segment, address: CODE 00000156 - 00000162 (0xd bytes), align: 0
  Segment part 2.             Intra module refs:   ?S_SHL
                                                   ?S_SHL_REW

    -------------------------------------------------------------------------
  LIBRARY MODULE, NAME : ?ALLOC_XSTACK8

  SEGMENTS IN THE MODULE
  ======================
RCODE
  Relative segment, address: CODE 00000163 - 00000178 (0x16 bytes), align: 0
  Segment part 0.
           ENTRY                   ADDRESS         REF BY
           =====                   =======         ======
           ?ALLOC_XSTACK8          00000163        lcdWriteLine (basic_rf)

    -------------------------------------------------------------------------
  LIBRARY MODULE, NAME : ?DEALLOC_XSTACK8

  SEGMENTS IN THE MODULE
  ======================
RCODE
  Relative segment, address: CODE 00000179 - 00000192 (0x1a bytes), align: 0
  Segment part 0.
           ENTRY                   ADDRESS         REF BY
           =====                   =======         ======
           ?DEALLOC_XSTACK8        00000179        appLight (basic_rf)
                                                   lcdWriteLine (basic_rf)

    -------------------------------------------------------------------------
  LIBRARY MODULE, NAME : ?ADD_XSTACK_DISP8

  SEGMENTS IN THE MODULE
  ======================
RCODE
  Relative segment, address: CODE 00000193 - 000001AD (0x1b bytes), align: 0
  Segment part 1.
           ENTRY                   ADDRESS         REF BY
           =====                   =======         ======
           ?ADD_XSTACK_DISP0_8     00000193        ?PUSH_XSTACK_I (?PUSH_XSTACK_I)

    -------------------------------------------------------------------------
  LIBRARY MODULE, NAME : ?XSTACK_DISP8

  SEGMENTS IN THE MODULE
  ======================
RCODE
  Relative segment, address: CODE 000001AE - 000001B7 (0xa bytes), align: 0
  Segment part 1.
           ENTRY                   ADDRESS         REF BY
           =====                   =======         ======
           ?XSTACK_DISP0_8         000001AE        lcdWriteLine (basic_rf)
                                                   memcpy (?memcpy)

    -------------------------------------------------------------------------
  LIBRARY MODULE, NAME : ?CALL_IND

  SEGMENTS IN THE MODULE
  ======================
RCODE
  Relative segment, address: CODE 000001B8 - 000001B9 (0x2 bytes), align: 0
  Segment part 0.
           ENTRY                   ADDRESS         REF BY
           =====                   =======         ======
           ?CALL_IND               000001B8        port0_ISR (basic_rf)
                                                   port1_ISR (basic_rf)
                                                   port2_ISR (basic_rf)
                                                   rfIsr (basic_rf)

    -------------------------------------------------------------------------
  LIBRARY MODULE, NAME : ?FUNC_ENTER_XDATA

  SEGMENTS IN THE MODULE
  ======================
RCODE
  Relative segment, address: CODE 000001BA - 0000021F (0x66 bytes), align: 0
  Segment part 1.
           ENTRY                   ADDRESS         REF BY
           =====                   =======         ======
           ?FUNC_ENTER_XDATA       000001BA        SET_DDRAM_ADDR (basic_rf)
                                                   appLight (basic_rf)
                                                   halLcdInit (basic_rf)
                                                   halLcdWriteLine (basic_rf)
                                                   halMcuWaitMs (basic_rf)
                                                   lcdWriteLine (basic_rf)
                                                   memcpy (?memcpy)

    -------------------------------------------------------------------------
  LIBRARY MODULE, NAME : ?FUNC_LEAVE_XDATA

  SEGMENTS IN THE MODULE
  ======================
RCODE
  Relative segment, address: CODE 00000220 - 0000025F (0x40 bytes), align: 0
  Segment part 1.
           ENTRY                   ADDRESS         REF BY
           =====                   =======         ======
           ?FUNC_LEAVE_XDATA       00000220        ?Subroutine2 (basic_rf)
                                                   halLcdWriteLine (basic_rf)
                                                   halMcuWaitMs (basic_rf)
                                                   lcdWriteLine (basic_rf)
                                                   memcpy (?memcpy)

    -------------------------------------------------------------------------
  LIBRARY MODULE, NAME : ?INTERRUPT_ENTER_XSP

  SEGMENTS IN THE MODULE
  ======================
RCODE
  Relative segment, address: CODE 00000260 - 000002BE (0x5f bytes), align: 0
  Segment part 1.
           ENTRY                   ADDRESS         REF BY
           =====                   =======         ======
           ?INTERRUPT_ENTER_XSP    00000260        port0_ISR (basic_rf)
                                                   port1_ISR (basic_rf)
                                                   port2_ISR (basic_rf)
                                                   rfIsr (basic_rf)

    -------------------------------------------------------------------------
  LIBRARY MODULE, NAME : ?INTERRUPT_LEAVE_XSP

  SEGMENTS IN THE MODULE
  ======================
RCODE
  Relative segment, address: CODE 000002BF - 00000316 (0x58 bytes), align: 0
  Segment part 1.
           ENTRY                   ADDRESS         REF BY
           =====                   =======         ======
           ?INTERRUPT_LEAVE_XSP    000002BF        ?Subroutine3 (basic_rf)
                                                   rfIsr (basic_rf)

    -------------------------------------------------------------------------
  LIBRARY MODULE, NAME : ?PUSH_XSTACK_I

  SEGMENTS IN THE MODULE
  ======================
RCODE
  Relative segment, address: CODE 00000317 - 0000031A (0x4 bytes), align: 0
  Segment part 2.
           ENTRY                   ADDRESS         REF BY
           =====                   =======         ======
           ?PUSH_XSTACK_I_TWO      00000317        appLight (basic_rf)
    -------------------------------------------------------------------------
RCODE
  Relative segment, address: CODE 0000031B - 00000327 (0xd bytes), align: 0
  Segment part 4.             Intra module refs:   ?PUSH_XSTACK_I_TWO
           ENTRY                   ADDRESS         REF BY
           =====                   =======         ======
           ?PUSH_XSTACK_I          0000031B 

    -------------------------------------------------------------------------
  LIBRARY MODULE, NAME : ?memcpy

  SEGMENTS IN THE MODULE
  ======================
NEAR_CODE
  Relative segment, address: CODE 0000109E - 000010E3 (0x46 bytes), align: 0
  Segment part 6.
           ENTRY                   ADDRESS         REF BY
           =====                   =======         ======
           memcpy                  0000109E        appLight (basic_rf)
               XSTACK = 00000002 ( 00000009 )
               ISTACK = 00000000 ( 00000001 )

    -------------------------------------------------------------------------
  LIBRARY MODULE, NAME : ?strlen

  SEGMENTS IN THE MODULE
  ======================
NEAR_CODE
  Relative segment, address: CODE 000010E4 - 000010FF (0x1c bytes), align: 0
  Segment part 6.
           ENTRY                   ADDRESS         REF BY
           =====                   =======         ======
           strlen                  000010E4        lcdWriteLine (basic_rf)
               ISTACK = 00000000 ( 00000002 )

    -------------------------------------------------------------------------
  LIBRARY MODULE, NAME : ?low_level_init

  SEGMENTS IN THE MODULE
  ======================
CSTART
  Relative segment, address: CODE 000000E2 - 000000E4 (0x3 bytes), align: 0
  Segment part 6. ROOT.
           ENTRY                   ADDRESS         REF BY
           =====                   =======         ======
           __low_level_init        000000E2        __low_level_init_call (?cmain)




                ****************************************
                *                                      *
                *            MODULE SUMMARY            *
                *                                      *
                ****************************************

Module                    CODE      DATA      XDATA  IDATA    BIT
------                    ----      ----      -----  -----    ---
                         (Rel)  (Rel)  (Abs)  (Rel)  (Rel)  (Rel)
?ADD_XSTACK_DISP8           27
?ALLOC_XSTACK8              22
?CALL_IND                    2
?DEALLOC_XSTACK8            26
?FUNC_ENTER_XDATA          102
?FUNC_LEAVE_XDATA           64
?INTERRUPT_ENTER_XSP        95
?INTERRUPT_LEAVE_XSP        88
?MOVE_LONG8_XDATA_IDATA     13
?PUSH_XSTACK_I              17
?S_SHL                      19
?XLOAD_R2345                12
?XSTACK_DISP8               10
?XSTORE_R2345               12
?cexit                       5
?cmain                      72
?low_level_init              3
?memcpy                     70
?strlen                     28
CSTARTUP                    15
  + common                   3
VIRTUAL_REGISTERS                   2                           8
basic_rf                 3 516            31    275
  + common                 134
N/A (command line)                 16           256     64
N/A (alignment)
----------               -----     --     --    ---     --      -
Total:                   4 218     18     31    531     64      8
  + common                 134


                ****************************************
                *                                      *
                *      SEGMENTS IN ADDRESS ORDER       *
                *                                      *
                ****************************************


SEGMENT              SPACE    START ADDRESS   END ADDRESS     SIZE  TYPE  ALIGN
=======              =====    =============   ===========     ====  ====  =====
INTVEC               CODE          00000000 - 00000085          86   com    0
CSTART               CODE          00000086 - 000000E4          5F   rel    0
DATA_ID              CODE               000000E5                     dse    0
BDATA_ID             CODE               000000E5                     dse    0
BIT_ID               CODE               000000E5                     dse    0
IXDATA_ID            CODE               000000E5                     dse    0
PDATA_ID             CODE               000000E5                     dse    0
IDATA_ID             CODE               000000E5                     dse    0
XDATA_ID             CODE          000000E5 - 0000012A          46   rel    0
RCODE                CODE          0000012B - 00000327         1FD   rel    0
DIFUNCT              CODE               00000328                     dse    0
CODE_C               CODE          00000328 - 00000927         600   rel    0
CODE_N               CODE               00000928                     dse    0
NEAR_CODE            CODE          00000928 - 000010FF         7D8   rel    0
REGISTERS            DATA          00000000 - 00000007           8   rel    0
VREG                 DATA          00000008 - 0000000F           8   rel    0
PSP                  DATA               00000010                     dse    0
XSP                  DATA          00000010 - 00000011           2   rel    0
BREG                 BIT        00000020.0  -  00000020.7        8   rel    0
SFR_AN               DATA          00000080 - 00000080           1   rel    0
                     DATA          00000089 - 0000008B           3 
                     DATA          0000008F - 00000090           2 
                     DATA          0000009A - 0000009B           2 
                     DATA          0000009D - 0000009E           2 
                     DATA          000000A8 - 000000A8           1 
                     DATA          000000BE - 000000BE           1 
                     DATA          000000C0 - 000000C0           1 
                     DATA          000000C6 - 000000C6           1 
                     DATA          000000D9 - 000000D9           1 
                     DATA          000000E1 - 000000E1           1 
                     DATA          000000E8 - 000000E9           2 
                     DATA          000000F1 - 000000F1           1 
                     DATA          000000F3 - 000000F5           3 
                     DATA          000000F7 - 000000FF           9 
XSTACK               XDATA         00000001 - 00000100         100   rel    0
XDATA_Z              XDATA         00000101 - 000001CD          CD   rel    0
XDATA_I              XDATA         000001CE - 00000213          46   rel    0
PDATA_Z              XDATA              00001E00                     rel    0
ISTACK               IDATA         000000C0 - 000000FF          40   rel    0

                ****************************************
                *                                      *
                *        END OF CROSS REFERENCE        *
                *                                      *
                ****************************************

 4 352 bytes of CODE  memory
    18 bytes of DATA  memory (+ 31 absolute )
   531 bytes of XDATA memory
    64 bytes of IDATA memory
     8 bits  of BIT   memory

Errors: none
Warnings: none

