################################################################################
#                                                                              #
#      IAR Universal Linker V5.0.2.5/W32                                       #
#                                                                              #
#           Link time     =  17/Dec/2014  16:58:56                             #
#           Target CPU    =  x51                                               #
#           List file     =  C:\Users\xuejd1\Desktop\TomCode\Zigbee_CC2530_new #
#                            \ZStack-CC2530-2.5.1a\Examples\WeBEE_CC2530_Basic #
#                            RF\ide\srf05_cc2530\iar\temp\per_test.map         #
#           Output file 1 =  C:\Users\xuejd1\Desktop\TomCode\Zigbee_CC2530_new #
#                            \ZStack-CC2530-2.5.1a\Examples\WeBEE_CC2530_Basic #
#                            RF\ide\srf05_cc2530\iar\per_test.hex              #
#                            Format: intel-extended                            #
#           Output file 2 =  C:\Users\xuejd1\Desktop\TomCode\Zigbee_CC2530_new #
#                            \ZStack-CC2530-2.5.1a\Examples\WeBEE_CC2530_Basic #
#                            RF\ide\srf05_cc2530\iar\per_test.d51              #
#                            Format: debug                                     #
#                            UBROF version 10.0.3                              #
#                            Using library modules for C-SPY (-rt)             #
#           Command line  =  "-IC:\Program Files (x86)\IAR Systems\Embedded Wo #
#                            rkbench 6.0\8051\CONFIG\"                         #
#                            -D_NR_OF_BANKS=0x07 -D_CODEBANK_END=0xFFFF        #
#                            -D_CODEBANK_START=0x8000 -D?CBANK_MASK=0xFF       #
#                            -D?CBANK=0x9F                                     #
#                            C:\Users\xuejd1\Desktop\TomCode\Zigbee_CC2530_new #
#                            \ZStack-CC2530-2.5.1a\Examples\WeBEE_CC2530_Basic #
#                            RF\ide\srf05_cc2530\iar\temp\per_test\adc.r51     #
#                            C:\Users\xuejd1\Desktop\TomCode\Zigbee_CC2530_new #
#                            \ZStack-CC2530-2.5.1a\Examples\WeBEE_CC2530_Basic #
#                            RF\ide\srf05_cc2530\iar\temp\per_test\basic_rf.r5 #
#                            1                                                 #
#                            C:\Users\xuejd1\Desktop\TomCode\Zigbee_CC2530_new #
#                            \ZStack-CC2530-2.5.1a\Examples\WeBEE_CC2530_Basic #
#                            RF\ide\srf05_cc2530\iar\temp\per_test\clock.r51   #
#                            C:\Users\xuejd1\Desktop\TomCode\Zigbee_CC2530_new #
#                            \ZStack-CC2530-2.5.1a\Examples\WeBEE_CC2530_Basic #
#                            RF\ide\srf05_cc2530\iar\temp\per_test\hal_assert. #
#                            r51                                               #
#                            C:\Users\xuejd1\Desktop\TomCode\Zigbee_CC2530_new #
#                            \ZStack-CC2530-2.5.1a\Examples\WeBEE_CC2530_Basic #
#                            RF\ide\srf05_cc2530\iar\temp\per_test\hal_board.r #
#                            51                                                #
#                            C:\Users\xuejd1\Desktop\TomCode\Zigbee_CC2530_new #
#                            \ZStack-CC2530-2.5.1a\Examples\WeBEE_CC2530_Basic #
#                            RF\ide\srf05_cc2530\iar\temp\per_test\hal_button. #
#                            r51                                               #
#                            C:\Users\xuejd1\Desktop\TomCode\Zigbee_CC2530_new #
#                            \ZStack-CC2530-2.5.1a\Examples\WeBEE_CC2530_Basic #
#                            RF\ide\srf05_cc2530\iar\temp\per_test\hal_digio.r #
#                            51                                                #
#                            C:\Users\xuejd1\Desktop\TomCode\Zigbee_CC2530_new #
#                            \ZStack-CC2530-2.5.1a\Examples\WeBEE_CC2530_Basic #
#                            RF\ide\srf05_cc2530\iar\temp\per_test\hal_int.r51 #
#                            C:\Users\xuejd1\Desktop\TomCode\Zigbee_CC2530_new #
#                            \ZStack-CC2530-2.5.1a\Examples\WeBEE_CC2530_Basic #
#                            RF\ide\srf05_cc2530\iar\temp\per_test\hal_joystic #
#                            k.r51                                             #
#                            C:\Users\xuejd1\Desktop\TomCode\Zigbee_CC2530_new #
#                            \ZStack-CC2530-2.5.1a\Examples\WeBEE_CC2530_Basic #
#                            RF\ide\srf05_cc2530\iar\temp\per_test\hal_lcd_srf #
#                            05.r51                                            #
#                            C:\Users\xuejd1\Desktop\TomCode\Zigbee_CC2530_new #
#                            \ZStack-CC2530-2.5.1a\Examples\WeBEE_CC2530_Basic #
#                            RF\ide\srf05_cc2530\iar\temp\per_test\hal_led.r51 #
#                            C:\Users\xuejd1\Desktop\TomCode\Zigbee_CC2530_new #
#                            \ZStack-CC2530-2.5.1a\Examples\WeBEE_CC2530_Basic #
#                            RF\ide\srf05_cc2530\iar\temp\per_test\hal_mcu.r51 #
#                            C:\Users\xuejd1\Desktop\TomCode\Zigbee_CC2530_new #
#                            \ZStack-CC2530-2.5.1a\Examples\WeBEE_CC2530_Basic #
#                            RF\ide\srf05_cc2530\iar\temp\per_test\hal_rf.r51  #
#                            C:\Users\xuejd1\Desktop\TomCode\Zigbee_CC2530_new #
#                            \ZStack-CC2530-2.5.1a\Examples\WeBEE_CC2530_Basic #
#                            RF\ide\srf05_cc2530\iar\temp\per_test\hal_timer_3 #
#                            2k.r51                                            #
#                            C:\Users\xuejd1\Desktop\TomCode\Zigbee_CC2530_new #
#                            \ZStack-CC2530-2.5.1a\Examples\WeBEE_CC2530_Basic #
#                            RF\ide\srf05_cc2530\iar\temp\per_test\per_test.r5 #
#                            1                                                 #
#                            C:\Users\xuejd1\Desktop\TomCode\Zigbee_CC2530_new #
#                            \ZStack-CC2530-2.5.1a\Examples\WeBEE_CC2530_Basic #
#                            RF\ide\srf05_cc2530\iar\temp\per_test\per_test_me #
#                            nu.r51                                            #
#                            C:\Users\xuejd1\Desktop\TomCode\Zigbee_CC2530_new #
#                            \ZStack-CC2530-2.5.1a\Examples\WeBEE_CC2530_Basic #
#                            RF\ide\srf05_cc2530\iar\temp\per_test\util.r51    #
#                            C:\Users\xuejd1\Desktop\TomCode\Zigbee_CC2530_new #
#                            \ZStack-CC2530-2.5.1a\Examples\WeBEE_CC2530_Basic #
#                            RF\ide\srf05_cc2530\iar\temp\per_test\util_buffer #
#                            .r51                                              #
#                            C:\Users\xuejd1\Desktop\TomCode\Zigbee_CC2530_new #
#                            \ZStack-CC2530-2.5.1a\Examples\WeBEE_CC2530_Basic #
#                            RF\ide\srf05_cc2530\iar\temp\per_test\util_lcd.r5 #
#                            1                                                 #
#                            -o                                                #
#                            C:\Users\xuejd1\Desktop\TomCode\Zigbee_CC2530_new #
#                            \ZStack-CC2530-2.5.1a\Examples\WeBEE_CC2530_Basic #
#                            RF\ide\srf05_cc2530\iar\per_test.d51              #
#                            -l                                                #
#                            C:\Users\xuejd1\Desktop\TomCode\Zigbee_CC2530_new #
#                            \ZStack-CC2530-2.5.1a\Examples\WeBEE_CC2530_Basic #
#                            RF\ide\srf05_cc2530\iar\temp\per_test.map         #
#                            -xmsn                                             #
#                            "-IC:\Program Files (x86)\IAR Systems\Embedded Wo #
#                            rkbench 6.0\8051\LIB\"                            #
#                            -f                                                #
#                            "C:\Program Files (x86)\IAR Systems\Embedded Work #
#                            bench 6.0\8051\config\devices\Texas Instruments\l #
#                            nk51ew_cc2530F256_banked.xcl"                     #
#                            (-D_IDATA0_START=0x00 -D_IDATA0_END=0xFF          #
#                            -D_PDATA0_START=0x1E00 -D_PDATA0_END=0x1EFF       #
#                            -D_IXDATA0_START=0x0001 -D_IXDATA0_END=0x1EFF     #
#                            -D_XDATA0_START=_IXDATA0_START                    #
#                            -D_XDATA0_END=_IXDATA0_END                        #
#                            -D_NEAR_CODE_START=0x0000                         #
#                            -D_FIRST_BANK_ADDR=0x10000 -D?REGISTER_BANK=0x0   #
#                            -D_REGISTER_BANK_START=0x0 -D_BREG_START=0x00     #
#                            -D?VB=0x20 -D?ESP=0x9B -Z(BIT)BREG=_BREG_START    #
#                            -Z(BIT)BIT_N=0-7F                                 #
#                            -Z(DATA)REGISTERS+8=_REGISTER_BANK_START          #
#                            -Z(DATA)BDATA_Z,BDATA_N,BDATA_I=20-2F             #
#                            -Z(DATA)VREG+_NR_OF_VIRTUAL_REGISTERS=08-7F       #
#                            -Z(DATA)PSP,XSP=08-7F -Z(DATA)DOVERLAY=08-7F      #
#                            -Z(DATA)DATA_I,DATA_Z,DATA_N=08-7F                #
#                            -U(IDATA)0-7F=(DATA)0-7F                          #
#                            -Z(IDATA)IDATA_I,IDATA_Z,IDATA_N=08-_IDATA0_END   #
#                            -Z(IDATA)ISTACK+_IDATA_STACK_SIZE#08-_IDATA0_END  #
#                            -Z(IDATA)IOVERLAY=08-FF -Z(CODE)INTVEC=0          #
#                            -Z(CODE)CSTART=_NEAR_CODE_START-(_CODEBANK_START- #
#                            1)                                                #
#                            -Z(CODE)BIT_ID,BDATA_ID,DATA_ID,IDATA_ID,IXDATA_I #
#                            D,PDATA_ID,XDATA_ID=_NEAR_CODE_START-(_CODEBANK_S #
#                            TART-1)                                           #
#                            -Z(CODE)BANK_RELAYS,RCODE,DIFUNCT,CODE_C,CODE_N,N #
#                            EAR_CODE=_NEAR_CODE_START-(_CODEBANK_START-1)     #
#                            -P(CODE)BANKED_CODE=_NEAR_CODE_START-(_CODEBANK_S #
#                            TART-1),[(_CODEBANK_START+_FIRST_BANK_ADDR)-(_COD #
#                            EBANK_END+_FIRST_BANK_ADDR)]*_NR_OF_BANKS+10000   #
#                            -Z(CODE)CHECKSUM#(_CODEBANK_START-1)              #
#                            -Z(XDATA)PDATA_Z,PDATA_I=_PDATA0_START-_PDATA0_EN #
#                            D                                                 #
#                            -P(XDATA)PDATA_N=_PDATA0_START-_PDATA0_END        #
#                            -Z(XDATA)PSTACK+_PDATA_STACK_SIZE=_PDATA0_START-_ #
#                            PDATA0_END                                        #
#                            -Z(XDATA)EXT_STACK+_EXTENDED_STACK_SIZE=_EXTENDED #
#                            _STACK_START                                      #
#                            -Z(XDATA)XSTACK+_XDATA_STACK_SIZE=_XDATA0_START-_ #
#                            XDATA0_END                                        #
#                            -Z(XDATA)IXDATA_Z,IXDATA_I=_IXDATA0_START-_IXDATA #
#                            0_END                                             #
#                            -P(XDATA)IXDATA_N=_IXDATA0_START-_IXDATA0_END     #
#                            -Z(XDATA)XDATA_Z,XDATA_I=_XDATA0_START-_XDATA0_EN #
#                            D                                                 #
#                            -P(XDATA)XDATA_N=_XDATA0_START-_XDATA0_END        #
#                            -Z(XDATA)XDATA_HEAP+_XDATA_HEAP_SIZE=_XDATA0_STAR #
#                            T-_XDATA0_END                                     #
#                            -Z(CONST)XDATA_ROM_C=_XDATA0_START-_XDATA0_END    #
#                            -cx51                                             #
#                            -M(CODE)[(_CODEBANK_START+_FIRST_BANK_ADDR)-(_COD #
#                            EBANK_END+_FIRST_BANK_ADDR)]*_NR_OF_BANKS+0x10000 #
#                            =0x8000                                           #
#                            -ww69=i -D_BANK0_START=0x00000                    #
#                            -D_BANK0_END=0x07FFF -D_BANK1_START=0x18000       #
#                            -D_BANK1_END=0x1FFFF -D_BANK2_START=0x28000       #
#                            -D_BANK2_END=0x2FFFF -D_BANK3_START=0x38000       #
#                            -D_BANK3_END=0x3FFFF -D_BANK4_START=0x48000       #
#                            -D_BANK4_END=0x4FFFF -D_BANK5_START=0x58000       #
#                            -D_BANK5_END=0x5FFFF -D_BANK6_START=0x68000       #
#                            -D_BANK6_END=0x6FFFF -D_BANK7_START=0x78000       #
#                            -D_BANK7_END=0x7FFFF                              #
#                            -P(CODE)BANK0=_BANK0_START-_BANK0_END             #
#                            -P(CODE)BANK1=_BANK1_START-_BANK1_END             #
#                            -P(CODE)BANK2=_BANK2_START-_BANK2_END             #
#                            -P(CODE)BANK3=_BANK3_START-_BANK3_END             #
#                            -P(CODE)BANK4=_BANK4_START-_BANK4_END             #
#                            -P(CODE)BANK5=_BANK5_START-_BANK5_END             #
#                            -P(CODE)BANK6=_BANK6_START-_BANK6_END             #
#                            -P(CODE)BANK7=_BANK7_START-_BANK7_END             #
#                            -D_FLASH_LOCK_BITS_START=0x7FFF0                  #
#                            -D_FLASH_LOCK_BITS_END=0x7FFFF                    #
#                            -Z(CODE)FLASH_LOCK_BITS=_FLASH_LOCK_BITS_START-_F #
#                            LASH_LOCK_BITS_END                                #
#                            -U(CODE)0x0000=(CODE)_FLASH_LOCK_BITS_START-_FLAS #
#                            H_LOCK_BITS_END)                                  #
#                            -e?BCALL_FF=?BCALL -e?BRET_FF=?BRET               #
#                            -e?BDISPATCH_FF=?BDISPATCH                        #
#                            -D_NR_OF_VIRTUAL_REGISTERS=8 -D?PBANK=0x93        #
#                            -e_medium_write=_formatted_write                  #
#                            -e_medium_read=_formatted_read -rt                #
#                            -Ointel-extended=C:\Users\xuejd1\Desktop\TomCode\ #
#                            Zigbee_CC2530_new\ZStack-CC2530-2.5.1a\Examples\W #
#                            eBEE_CC2530_BasicRF\ide\srf05_cc2530\iar\per_test #
#                            .hex                                              #
#                            -s __program_start                                #
#                            "C:\Program Files (x86)\IAR Systems\Embedded Work #
#                            bench 6.0\8051\LIB\CLIB\cl-pli-blxd-1e16x01.r51"  #
#                            -D_IDATA_STACK_SIZE=0x40                          #
#                            -D_EXTENDED_STACK_START=0x00                      #
#                            -D_EXTENDED_STACK_SIZE=0x00                       #
#                            -D_PDATA_STACK_SIZE=0x80                          #
#                            -D_XDATA_STACK_SIZE=0x100                         #
#                            -D_XDATA_HEAP_SIZE=0xFF -D_FAR_HEAP_SIZE=0xFFF    #
#                            -D_HUGE_HEAP_SIZE=0xFFF                           #
#                            -D_FAR22_HEAP_SIZE=0xFFF                          #
#                                                                              #
#                           Copyright (C) 1987-2010 IAR Systems AB.            #
################################################################################





                ****************************************
                *                                      *
                *           CROSS REFERENCE            *
                *                                      *
                ****************************************

       Program entry at : CODE      000000E3  Relocatable, from module : CSTARTUP




                ****************************************
                *                                      *
                *            RUNTIME MODEL             *
                *                                      *
                ****************************************

  __SystemLibrary          = CLib
  __calling_convention     = xdata_reentrant
  __code_model             = banked
  __core                   = plain
  __data_model             = large
  __dptr_size              = 16
  __extended_stack         = disabled
  __location_for_constants = data
  __number_of_dptrs        = 1
  __rt_version             = 1



                ****************************************
                *                                      *
                *              MODULE MAP              *
                *                                      *
                ****************************************


  DEFINED ABSOLUTE ENTRIES
    *************************************************************************

  DEFINED ABSOLUTE ENTRIES
  PROGRAM MODULE, NAME : ?ABS_ENTRY_MOD

Absolute parts
           ENTRY                   ADDRESS         REF BY
           =====                   =======         ======
           _FAR22_HEAP_SIZE        00000FFF 
           _HUGE_HEAP_SIZE         00000FFF 
           _FAR_HEAP_SIZE          00000FFF 
           _XDATA_HEAP_SIZE        000000FF 
           _XDATA_STACK_SIZE       00000100 
           _PDATA_STACK_SIZE       00000080 
           _EXTENDED_STACK_SIZE    00000000 
           _EXTENDED_STACK_START   00000000 
           _IDATA_STACK_SIZE       00000040 
           ?PBANK                  00000093 
           _NR_OF_VIRTUAL_REGISTERS
                                   00000008 
           _FLASH_LOCK_BITS_END    0003FFFF 
           _FLASH_LOCK_BITS_START
                                   0003FFF0 
           _BANK7_END              0003FFFF 
           _BANK7_START            00038000 
           _BANK6_END              00037FFF 
           _BANK6_START            00030000 
           _BANK5_END              0002FFFF 
           _BANK5_START            00028000 
           _BANK4_END              00027FFF 
           _BANK4_START            00020000 
           _BANK3_END              0001FFFF 
           _BANK3_START            00018000 
           _BANK2_END              00017FFF 
           _BANK2_START            00010000 
           _BANK1_END              0000FFFF 
           _BANK1_START            00008000 
           _BANK0_END              00007FFF 
           _BANK0_START            00000000 
           ?ESP                    0000009B 
           ?VB                     00000020        ?BANKED_ENTER_XDATA (?BANKED_ENTER_XDATA)
                                                   ?BANKED_LEAVE_XDATA (?BANKED_LEAVE_XDATA)
                                                   ?INTERRUPT_ENTER_XSP (?INTERRUPT_ENTER_XSP)
                                                   ?INTERRUPT_LEAVE_XSP (?INTERRUPT_LEAVE_XSP)
           _BREG_START             00000000 
           _REGISTER_BANK_START    00000000 
           ?REGISTER_BANK          00000000        Segment part 6 (CSTARTUP)
           _FIRST_BANK_ADDR        00010000 
           _NEAR_CODE_START        00000000 
           _XDATA0_END             00001EFF 
           _XDATA0_START           00000001 
           _IXDATA0_END            00001EFF 
           _IXDATA0_START          00000001 
           _PDATA0_END             00001EFF 
           _PDATA0_START           00001E00 
           _IDATA0_END             000000FF 
           _IDATA0_START           00000000 
           ?CBANK                  0000009F        ?RESET_CODE_BANK (CSTARTUP)
                                                   Segment part 0 (?BANKED_CODE_SUPPORT)
           ?CBANK_MASK             000000FF 
           _CODEBANK_START         00008000 
           _CODEBANK_END           0000FFFF 
           _NR_OF_BANKS            00000007 
    *************************************************************************

  FILE NAME : C:\Users\xuejd1\Desktop\TomCode\Zigbee_CC2530_new\ZStack-CC2530-2.5.1a\Examples\WeBEE_CC2530_BasicRF\ide\srf05_cc2530\iar\temp\per_test\adc.r51
    *************************************************************************

  FILE NAME : C:\Users\xuejd1\Desktop\TomCode\Zigbee_CC2530_new\ZStack-CC2530-2.5.1a\Examples\WeBEE_CC2530_BasicRF\ide\srf05_cc2530\iar\temp\per_test\basic_rf.r51
  PROGRAM MODULE, NAME : basic_rf

  SEGMENTS IN THE MODULE
  ======================
XDATA_I
  Relative segment, address: XDATA 0000020A - 00000214 (0xb bytes), align: 0
  Segment part 47.            Intra module refs:   appReceiver
    -------------------------------------------------------------------------
XDATA_I
  Relative segment, address: XDATA 00000215 - 0000021A (0x6 bytes), align: 0
  Segment part 49.            Intra module refs:   appReceiver
    -------------------------------------------------------------------------
XDATA_I
  Relative segment, address: XDATA 0000021B - 0000021F (0x5 bytes), align: 0
  Segment part 51.            Intra module refs:   ?Subroutine8
    -------------------------------------------------------------------------
XDATA_I
  Relative segment, address: XDATA 00000220 - 00000224 (0x5 bytes), align: 0
  Segment part 53.            Intra module refs:   appReceiver
    -------------------------------------------------------------------------
XDATA_I
  Relative segment, address: XDATA 00000225 - 0000022B (0x7 bytes), align: 0
  Segment part 55.            Intra module refs:   appReceiver
    -------------------------------------------------------------------------
XDATA_I
  Relative segment, address: XDATA 0000022C - 0000022D (0x2 bytes), align: 0
  Segment part 57.            Intra module refs:   appReceiver
    -------------------------------------------------------------------------
XDATA_I
  Relative segment, address: XDATA 0000022E - 00000239 (0xc bytes), align: 0
  Segment part 59.            Intra module refs:   appReceiver
                                                   basicRfInit
                                                   basicRfRxFrmDoneIsr
           LOCAL                   ADDRESS         
           =====                   =======         
           rxi                     0000022E 
    -------------------------------------------------------------------------
XDATA_Z
  Relative segment, address: XDATA 00000101 - 00000140 (0x40 bytes), align: 0
  Segment part 46.            Intra module refs:   appReceiver
    -------------------------------------------------------------------------
XDATA_Z
  Relative segment, address: XDATA 00000141 - 00000147 (0x7 bytes), align: 0
  Segment part 61.            Intra module refs:   appReceiver
                                                   basicRfInit
                                                   basicRfRxFrmDoneIsr
           LOCAL                   ADDRESS         
           =====                   =======         
           txState                 00000141 
    -------------------------------------------------------------------------
XDATA_Z
  Relative segment, address: XDATA 00000148 - 00000149 (0x2 bytes), align: 0
  Segment part 62.            Intra module refs:   ?Subroutine6
                                                   basicRfInit
           LOCAL                   ADDRESS         
           =====                   =======         
           pConfig                 00000148 
    -------------------------------------------------------------------------
XDATA_Z
  Relative segment, address: XDATA 0000014A - 000001C9 (0x80 bytes), align: 0
  Segment part 63.            Intra module refs:   ?Subroutine7
                                                   basicRfRxFrmDoneIsr
           LOCAL                   ADDRESS         
           =====                   =======         
           rxMpdu                  0000014A 
    -------------------------------------------------------------------------
<BANKED_CODE> 1 (was BANKED_CODE)
  Relative segment, address: CODE 00000810 - 000008E7 (0xd8 bytes), align: 0
  Segment part 87.            Intra module refs:   basicRfRxFrmDoneIsr::?relay
           LOCAL                   ADDRESS         
           =====                   =======         
           basicRfRxFrmDoneIsr     00000810 
               calls direct, is indirectly called
               ISTACK = 00000000 ( 00000002 )
    -------------------------------------------------------------------------
<BANKED_CODE> 1 (was BANKED_CODE)
  Relative segment, address: CODE 000008E8 - 000008F5 (0xe bytes), align: 0
  Segment part 89.            Intra module refs:   basicRfRxFrmDoneIsr
           LOCAL                   ADDRESS         
           =====                   =======         
           ?Subroutine7            000008E8 
    -------------------------------------------------------------------------
<BANKED_CODE> 1 (was BANKED_CODE)
  Relative segment, address: CODE 000008F6 - 00000978 (0x83 bytes), align: 0
  Segment part 90.            Intra module refs:   basicRfInit::?relay
           ENTRY                   ADDRESS         REF BY
           =====                   =======         ======
           basicRfInit             000008F6 
               calls direct
               XSTACK = 00000074 ( 00000009 )
    -------------------------------------------------------------------------
<BANKED_CODE> 1 (was BANKED_CODE)
  Relative segment, address: CODE 00000979 - 00000986 (0xe bytes), align: 0
  Segment part 92.            Intra module refs:   basicRfInit
           LOCAL                   ADDRESS         
           =====                   =======         
           ?Subroutine6            00000979 
    -------------------------------------------------------------------------
<BANKED_CODE> 1 (was BANKED_CODE)
  Relative segment, address: CODE 00000987 - 0000098C (0x6 bytes), align: 0
  Segment part 93.            Intra module refs:   appReceiver
                                                   basicRfInit
                                                   basicRfRxFrmDoneIsr
           LOCAL                   ADDRESS         
           =====                   =======         
           ?Subroutine5            00000987 
    -------------------------------------------------------------------------
SFR_AN
  Relative segment, address: DATA 00000080 - 00000080 (0x1 bytes), align: 0
  Segment part 1. ROOT.       Intra module refs:   HalLcd_HW_Control
                                                   HalLcd_HW_Write
                                                   appReceiver
                                                   halBoardInit
                                                   halButtonPushed
                                                   halLcdInit
                                                   halLedSet
                                                   halLedToggle
           ENTRY                   ADDRESS         REF BY
           =====                   =======         ======
           _A_P0                   00000080 
           LOCAL                   ADDRESS         
           =====                   =======         
           P0                      00000080 
    -------------------------------------------------------------------------
SFR_AN
  Relative segment, address: DATA 00000086 - 00000086 (0x1 bytes), align: 0
  Segment part 2. ROOT.       Intra module refs:   appReceiver
           ENTRY                   ADDRESS         REF BY
           =====                   =======         ======
           U0CSR                   00000086 
    -------------------------------------------------------------------------
SFR_AN
  Relative segment, address: DATA 00000089 - 00000089 (0x1 bytes), align: 0
  Segment part 3. ROOT.       Intra module refs:   port0_ISR
           ENTRY                   ADDRESS         REF BY
           =====                   =======         ======
           P0IFG                   00000089 
    -------------------------------------------------------------------------
SFR_AN
  Relative segment, address: DATA 0000008A - 0000008A (0x1 bytes), align: 0
  Segment part 4. ROOT.       Intra module refs:   port1_ISR
           ENTRY                   ADDRESS         REF BY
           =====                   =======         ======
           P1IFG                   0000008A 
    -------------------------------------------------------------------------
SFR_AN
  Relative segment, address: DATA 0000008B - 0000008B (0x1 bytes), align: 0
  Segment part 5. ROOT.       Intra module refs:   port2_ISR
           ENTRY                   ADDRESS         REF BY
           =====                   =======         ======
           P2IFG                   0000008B 
    -------------------------------------------------------------------------
SFR_AN
  Relative segment, address: DATA 0000008F - 0000008F (0x1 bytes), align: 0
  Segment part 6. ROOT.       Intra module refs:   halBoardInit
                                                   halButtonPushed
           ENTRY                   ADDRESS         REF BY
           =====                   =======         ======
           P0INP                   0000008F 
    -------------------------------------------------------------------------
SFR_AN
  Relative segment, address: DATA 00000090 - 00000090 (0x1 bytes), align: 0
  Segment part 7. ROOT.       Intra module refs:   HalLcd_HW_Control
                                                   HalLcd_HW_Write
                                                   appReceiver
                                                   halBoardInit
                                                   halLcdInit
                                                   halLedSet
                                                   halLedToggle
           ENTRY                   ADDRESS         REF BY
           =====                   =======         ======
           _A_P1                   00000090 
           LOCAL                   ADDRESS         
           =====                   =======         
           P1                      00000090 
    -------------------------------------------------------------------------
SFR_AN
  Relative segment, address: DATA 0000009A - 0000009A (0x1 bytes), align: 0
  Segment part 8. ROOT.       Intra module refs:   halRfDisableRxInterrupt
                                                   halRfEnableRxInterrupt
           ENTRY                   ADDRESS         REF BY
           =====                   =======         ======
           IEN2                    0000009A 
    -------------------------------------------------------------------------
SFR_AN
  Relative segment, address: DATA 0000009B - 0000009B (0x1 bytes), align: 0
  Segment part 9. ROOT.       Intra module refs:   rfIsr
           ENTRY                   ADDRESS         REF BY
           =====                   =======         ======
           S1CON                   0000009B 
    -------------------------------------------------------------------------
SFR_AN
  Relative segment, address: DATA 0000009D - 0000009D (0x1 bytes), align: 0
  Segment part 10. ROOT.      Intra module refs:   clockSetMainSrc
           ENTRY                   ADDRESS         REF BY
           =====                   =======         ======
           SLEEPSTA                0000009D 
    -------------------------------------------------------------------------
SFR_AN
  Relative segment, address: DATA 0000009E - 0000009E (0x1 bytes), align: 0
  Segment part 11. ROOT.      Intra module refs:   clockSelect32k
                                                   clockSetMainSrc
                                                   halBoardInit
           ENTRY                   ADDRESS         REF BY
           =====                   =======         ======
           CLKCONSTA               0000009E 
    -------------------------------------------------------------------------
SFR_AN
  Relative segment, address: DATA 000000A8 - 000000A8 (0x1 bytes), align: 0
  Segment part 12. ROOT.      Intra module refs:   appReceiver
                                                   basicRfInit
                                                   basicRfRxFrmDoneIsr
                                                   halBoardInit
                                                   rfIsr
           ENTRY                   ADDRESS         REF BY
           =====                   =======         ======
           _A_IEN0                 000000A8 
           LOCAL                   ADDRESS         
           =====                   =======         
           IEN0                    000000A8 
    -------------------------------------------------------------------------
SFR_AN
  Relative segment, address: DATA 000000BE - 000000BE (0x1 bytes), align: 0
  Segment part 13. ROOT.      Intra module refs:   clockSetMainSrc
           ENTRY                   ADDRESS         REF BY
           =====                   =======         ======
           SLEEPCMD                000000BE 
    -------------------------------------------------------------------------
SFR_AN
  Relative segment, address: DATA 000000C0 - 000000C0 (0x1 bytes), align: 0
  Segment part 14. ROOT.      Intra module refs:   port0_ISR
           ENTRY                   ADDRESS         REF BY
           =====                   =======         ======
           _A_IRCON                000000C0 
           LOCAL                   ADDRESS         
           =====                   =======         
           IRCON                   000000C0 
    -------------------------------------------------------------------------
SFR_AN
  Relative segment, address: DATA 000000C1 - 000000C1 (0x1 bytes), align: 0
  Segment part 15. ROOT.      Intra module refs:   uartSend
           ENTRY                   ADDRESS         REF BY
           =====                   =======         ======
           U0DBUF                  000000C1 
    -------------------------------------------------------------------------
SFR_AN
  Relative segment, address: DATA 000000C2 - 000000C2 (0x1 bytes), align: 0
  Segment part 16. ROOT.      Intra module refs:   appReceiver
           ENTRY                   ADDRESS         REF BY
           =====                   =======         ======
           U0BAUD                  000000C2 
    -------------------------------------------------------------------------
SFR_AN
  Relative segment, address: DATA 000000C5 - 000000C5 (0x1 bytes), align: 0
  Segment part 17. ROOT.      Intra module refs:   appReceiver
           ENTRY                   ADDRESS         REF BY
           =====                   =======         ======
           U0GCR                   000000C5 
    -------------------------------------------------------------------------
SFR_AN
  Relative segment, address: DATA 000000C6 - 000000C6 (0x1 bytes), align: 0
  Segment part 18. ROOT.      Intra module refs:   clockSelect32k
                                                   clockSetMainSrc
           ENTRY                   ADDRESS         REF BY
           =====                   =======         ======
           CLKCONCMD               000000C6 
    -------------------------------------------------------------------------
SFR_AN
  Relative segment, address: DATA 000000D9 - 000000D9 (0x1 bytes), align: 0
  Segment part 19. ROOT.      Intra module refs:   halRfReadRxBuf
           ENTRY                   ADDRESS         REF BY
           =====                   =======         ======
           RFD                     000000D9 
    -------------------------------------------------------------------------
SFR_AN
  Relative segment, address: DATA 000000E1 - 000000E1 (0x1 bytes), align: 0
  Segment part 20. ROOT.      Intra module refs:   appReceiver
           ENTRY                   ADDRESS         REF BY
           =====                   =======         ======
           RFST                    000000E1 
    -------------------------------------------------------------------------
SFR_AN
  Relative segment, address: DATA 000000E8 - 000000E8 (0x1 bytes), align: 0
  Segment part 21. ROOT.      Intra module refs:   appReceiver
                                                   port1_ISR
                                                   port2_ISR
                                                   uartSend
           ENTRY                   ADDRESS         REF BY
           =====                   =======         ======
           _A_IRCON2               000000E8 
           LOCAL                   ADDRESS         
           =====                   =======         
           IRCON2                  000000E8 
    -------------------------------------------------------------------------
SFR_AN
  Relative segment, address: DATA 000000E9 - 000000E9 (0x1 bytes), align: 0
  Segment part 22. ROOT.      Intra module refs:   rfIsr
           ENTRY                   ADDRESS         REF BY
           =====                   =======         ======
           RFIRQF0                 000000E9 
    -------------------------------------------------------------------------
SFR_AN
  Relative segment, address: DATA 000000F1 - 000000F1 (0x1 bytes), align: 0
  Segment part 23. ROOT.      Intra module refs:   appReceiver
                                                   halBoardInit
           ENTRY                   ADDRESS         REF BY
           =====                   =======         ======
           PERCFG                  000000F1 
    -------------------------------------------------------------------------
SFR_AN
  Relative segment, address: DATA 000000F3 - 000000F3 (0x1 bytes), align: 0
  Segment part 24. ROOT.      Intra module refs:   appReceiver
                                                   halBoardInit
                                                   halButtonPushed
                                                   halLcdInit
           ENTRY                   ADDRESS         REF BY
           =====                   =======         ======
           P0SEL                   000000F3 
    -------------------------------------------------------------------------
SFR_AN
  Relative segment, address: DATA 000000F4 - 000000F4 (0x1 bytes), align: 0
  Segment part 25. ROOT.      Intra module refs:   halBoardInit
                                                   halLcdInit
           ENTRY                   ADDRESS         REF BY
           =====                   =======         ======
           P1SEL                   000000F4 
    -------------------------------------------------------------------------
SFR_AN
  Relative segment, address: DATA 000000F5 - 000000F5 (0x1 bytes), align: 0
  Segment part 26. ROOT.      Intra module refs:   halBoardInit
           ENTRY                   ADDRESS         REF BY
           =====                   =======         ======
           P2SEL                   000000F5 
    -------------------------------------------------------------------------
SFR_AN
  Relative segment, address: DATA 000000F7 - 000000F7 (0x1 bytes), align: 0
  Segment part 27. ROOT.      Intra module refs:   halBoardInit
                                                   halButtonPushed
           ENTRY                   ADDRESS         REF BY
           =====                   =======         ======
           P2INP                   000000F7 
    -------------------------------------------------------------------------
SFR_AN
  Relative segment, address: DATA 000000F8 - 000000F8 (0x1 bytes), align: 0
  Segment part 28. ROOT.      Intra module refs:   HalLcd_HW_Control
                                                   HalLcd_HW_Write
                                                   halBoardInit
           ENTRY                   ADDRESS         REF BY
           =====                   =======         ======
           _A_U1CSR                000000F8 
           LOCAL                   ADDRESS         
           =====                   =======         
           U1CSR                   000000F8 
    -------------------------------------------------------------------------
SFR_AN
  Relative segment, address: DATA 000000F9 - 000000F9 (0x1 bytes), align: 0
  Segment part 29. ROOT.      Intra module refs:   HalLcd_HW_Control
                                                   HalLcd_HW_Write
           ENTRY                   ADDRESS         REF BY
           =====                   =======         ======
           U1DBUF                  000000F9 
    -------------------------------------------------------------------------
SFR_AN
  Relative segment, address: DATA 000000FA - 000000FA (0x1 bytes), align: 0
  Segment part 30. ROOT.      Intra module refs:   halBoardInit
           ENTRY                   ADDRESS         REF BY
           =====                   =======         ======
           U1BAUD                  000000FA 
    -------------------------------------------------------------------------
SFR_AN
  Relative segment, address: DATA 000000FB - 000000FB (0x1 bytes), align: 0
  Segment part 31. ROOT.      Intra module refs:   halBoardInit
           ENTRY                   ADDRESS         REF BY
           =====                   =======         ======
           U1UCR                   000000FB 
    -------------------------------------------------------------------------
SFR_AN
  Relative segment, address: DATA 000000FC - 000000FC (0x1 bytes), align: 0
  Segment part 32. ROOT.      Intra module refs:   halBoardInit
           ENTRY                   ADDRESS         REF BY
           =====                   =======         ======
           U1GCR                   000000FC 
    -------------------------------------------------------------------------
SFR_AN
  Relative segment, address: DATA 000000FD - 000000FD (0x1 bytes), align: 0
  Segment part 33. ROOT.      Intra module refs:   halBoardInit
                                                   halButtonPushed
                                                   halLcdInit
           ENTRY                   ADDRESS         REF BY
           =====                   =======         ======
           P0DIR                   000000FD 
    -------------------------------------------------------------------------
SFR_AN
  Relative segment, address: DATA 000000FE - 000000FE (0x1 bytes), align: 0
  Segment part 34. ROOT.      Intra module refs:   halBoardInit
                                                   halLcdInit
           ENTRY                   ADDRESS         REF BY
           =====                   =======         ======
           P1DIR                   000000FE 
    -------------------------------------------------------------------------
SFR_AN
  Relative segment, address: DATA 000000FF - 000000FF (0x1 bytes), align: 0
  Segment part 35. ROOT.      Intra module refs:   appReceiver
                                                   halBoardInit
           ENTRY                   ADDRESS         REF BY
           =====                   =======         ======
           P2DIR                   000000FF 
    -------------------------------------------------------------------------
<BANKED_CODE> 1 (was BANKED_CODE)
  Relative segment, address: CODE 0000098D - 000009C0 (0x34 bytes), align: 0
  Segment part 94.            Intra module refs:   clockSetMainSrc::?relay
           ENTRY                   ADDRESS         REF BY
           =====                   =======         ======
           clockSetMainSrc         0000098D 
    -------------------------------------------------------------------------
<BANKED_CODE> 1 (was BANKED_CODE)
  Relative segment, address: CODE 000009C1 - 000009E9 (0x29 bytes), align: 0
  Segment part 96.            Intra module refs:   clockSelect32k::?relay
           ENTRY                   ADDRESS         REF BY
           =====                   =======         ======
           clockSelect32k          000009C1 
    -------------------------------------------------------------------------
<BANKED_CODE> 1 (was BANKED_CODE)
  Relative segment, address: CODE 000009EA - 00000A16 (0x2d bytes), align: 0
  Segment part 98.            Intra module refs:   halMcuWaitUs::?relay
           ENTRY                   ADDRESS         REF BY
           =====                   =======         ======
           halMcuWaitUs            000009EA 
               XSTACK = 00000009 ( 00000000 )
    -------------------------------------------------------------------------
<BANKED_CODE> 1 (was BANKED_CODE)
  Relative segment, address: CODE 00000A17 - 00000A3D (0x27 bytes), align: 0
  Segment part 100.           Intra module refs:   halMcuWaitMs::?relay
           ENTRY                   ADDRESS         REF BY
           =====                   =======         ======
           halMcuWaitMs            00000A17 
               calls direct
               XSTACK = 00000074 ( 00000009 )
    -------------------------------------------------------------------------
XDATA_Z
  Relative segment, address: XDATA 000001CA - 000001CB (0x2 bytes), align: 0
  Segment part 64.            Intra module refs:   basicRfInit
                                                   rfIsr
           LOCAL                   ADDRESS         
           =====                   =======         
           pfISR                   000001CA 
    -------------------------------------------------------------------------
XDATA_I
  Relative segment, address: XDATA 0000023A - 0000023A (0x1 bytes), align: 0
  Segment part 65.            Intra module refs:   appReceiver
           LOCAL                   ADDRESS         
           =====                   =======         
           rssiOffset              0000023A 
    -------------------------------------------------------------------------
XDATA_I
  Relative segment, address: XDATA 0000023B - 0000023E (0x4 bytes), align: 0
  Segment part 75.            Intra module refs:   appReceiver
                                                   basicRfInit
           ENTRY                   ADDRESS         REF BY
           =====                   =======         ======
           __Constant_0            0000023B 
    -------------------------------------------------------------------------
XDATA_I
  Relative segment, address: XDATA 0000023F - 00000242 (0x4 bytes), align: 0
  Segment part 77.            Intra module refs:   appReceiver
           ENTRY                   ADDRESS         REF BY
           =====                   =======         ======
           __Constant_1            0000023F 
    -------------------------------------------------------------------------
XDATA_I
  Relative segment, address: XDATA 00000243 - 00000246 (0x4 bytes), align: 0
  Segment part 79.            Intra module refs:   appReceiver
           ENTRY                   ADDRESS         REF BY
           =====                   =======         ======
           __Constant_3e9          00000243 
    -------------------------------------------------------------------------
XDATA_I
  Relative segment, address: XDATA 00000247 - 0000024A (0x4 bytes), align: 0
  Segment part 81.            Intra module refs:   appReceiver
           ENTRY                   ADDRESS         REF BY
           =====                   =======         ======
           __Constant_64           00000247 
    -------------------------------------------------------------------------
XDATA_I
  Relative segment, address: XDATA 0000024B - 0000024E (0x4 bytes), align: 0
  Segment part 83.            Intra module refs:   appReceiver
           ENTRY                   ADDRESS         REF BY
           =====                   =======         ======
           __Constant_a            0000024B 
    -------------------------------------------------------------------------
XDATA_I
  Relative segment, address: XDATA 0000024F - 00000252 (0x4 bytes), align: 0
  Segment part 85.            Intra module refs:   appReceiver
           ENTRY                   ADDRESS         REF BY
           =====                   =======         ======
           __Constant_3e8          0000024F 
    -------------------------------------------------------------------------
<BANKED_CODE> 1 (was BANKED_CODE)
  Relative segment, address: CODE 00000A3E - 00000A60 (0x23 bytes), align: 0
  Segment part 102.           Intra module refs:   halRfInit::?relay
           ENTRY                   ADDRESS         REF BY
           =====                   =======         ======
           halRfInit               00000A3E 
               calls direct
               XSTACK = 00000009 ( 00000000 )
               ISTACK = 00000000 ( 00000002 )
    -------------------------------------------------------------------------
<BANKED_CODE> 1 (was BANKED_CODE)
  Relative segment, address: CODE 00000A61 - 00000A78 (0x18 bytes), align: 0
  Segment part 104.           Intra module refs:   halRfReadRxBuf::?relay
           ENTRY                   ADDRESS         REF BY
           =====                   =======         ======
           halRfReadRxBuf          00000A61 
               ISTACK = 00000000 ( 00000003 )
    -------------------------------------------------------------------------
<BANKED_CODE> 1 (was BANKED_CODE)
  Relative segment, address: CODE 00000A79 - 00000A88 (0x10 bytes), align: 0
  Segment part 106.           Intra module refs:   halRfDisableRxInterrupt::?relay
           ENTRY                   ADDRESS         REF BY
           =====                   =======         ======
           halRfDisableRxInterrupt
                                   00000A79 
               ISTACK = 00000000 ( 00000002 )
    -------------------------------------------------------------------------
<BANKED_CODE> 1 (was BANKED_CODE)
  Relative segment, address: CODE 00000A89 - 00000A96 (0xe bytes), align: 0
  Segment part 108.           Intra module refs:   halRfEnableRxInterrupt::?relay
           ENTRY                   ADDRESS         REF BY
           =====                   =======         ======
           halRfEnableRxInterrupt
                                   00000A89 
               ISTACK = 00000000 ( 00000002 )
    -------------------------------------------------------------------------
<BANKED_CODE> 1 (was BANKED_CODE)
  Relative segment, address: CODE 00000A97 - 00000A9D (0x7 bytes), align: 0
  Segment part 110.           Intra module refs:   basicRfRxFrmDoneIsr
                                                   halBoardInit
                                                   halButtonPushed
                                                   halLedSet
                                                   halLedToggle
                                                   halRfDisableRxInterrupt
                                                   halRfEnableRxInterrupt
                                                   halRfInit
                                                   halRfReadRxBuf
           LOCAL                   ADDRESS         
           =====                   =======         
           ?Subroutine1            00000A97 
    -------------------------------------------------------------------------
NEAR_CODE
  Relative segment, address: CODE 000006A6 - 000006D4 (0x2f bytes), align: 0
  Segment part 139.           Intra module refs:   rfIsr::??INTVEC 131
           ENTRY                   ADDRESS         REF BY
           =====                   =======         ======
           rfIsr                   000006A6 
               interrupt function
               XSTACK = 00000000 ( 0000000E )
    -------------------------------------------------------------------------
NEAR_CODE
  Relative segment, address: CODE 000006D5 - 000006D9 (0x5 bytes), align: 0
  Segment part 140.           Intra module refs:   T1_ISR
                                                   rfIsr
           LOCAL                   ADDRESS         
           =====                   =======         
           ?Subroutine3            000006D5 
    -------------------------------------------------------------------------
XDATA_Z
  Relative segment, address: XDATA 000001CC - 000001CD (0x2 bytes), align: 0
  Segment part 67.            Intra module refs:   T1_ISR
           LOCAL                   ADDRESS         
           =====                   =======         
           fptr                    000001CC 
    -------------------------------------------------------------------------
NEAR_CODE
  Relative segment, address: CODE 000006DA - 000006F2 (0x19 bytes), align: 0
  Segment part 141.           Intra module refs:   T1_ISR::??INTVEC 75
           ENTRY                   ADDRESS         REF BY
           =====                   =======         ======
           T1_ISR                  000006DA 
               interrupt function
               XSTACK = 00000000 ( 0000000E )
    -------------------------------------------------------------------------
<BANKED_CODE> 1 (was BANKED_CODE)
  Relative segment, address: CODE 00000A9E - 00000AA9 (0xc bytes), align: 0
  Segment part 111.           Intra module refs:   HalLcd_HW_Control::?relay
           LOCAL                   ADDRESS         
           =====                   =======         
           HalLcd_HW_Control       00000A9E 
               XSTACK = 00000009 ( 00000000 )
    -------------------------------------------------------------------------
<BANKED_CODE> 1 (was BANKED_CODE)
  Relative segment, address: CODE 00000AAA - 00000AB2 (0x9 bytes), align: 0
  Segment part 113.           Intra module refs:   HalLcd_HW_Control
                                                   HalLcd_HW_Write
           LOCAL                   ADDRESS         
           =====                   =======         
           ?Subroutine0            00000AAA 
    -------------------------------------------------------------------------
<BANKED_CODE> 1 (was BANKED_CODE)
  Relative segment, address: CODE 00000AB3 - 00000AC0 (0xe bytes), align: 0
  Segment part 114.           Intra module refs:   HalLcd_HW_Write::?relay
           LOCAL                   ADDRESS         
           =====                   =======         
           HalLcd_HW_Write         00000AB3 
               XSTACK = 00000009 ( 00000000 )
    -------------------------------------------------------------------------
<BANKED_CODE> 1 (was BANKED_CODE)
  Relative segment, address: CODE 00000AC1 - 00000AE3 (0x23 bytes), align: 0
  Segment part 116.           Intra module refs:   SET_DDRAM_ADDR::?relay
           LOCAL                   ADDRESS         
           =====                   =======         
           SET_DDRAM_ADDR          00000AC1 
               calls direct
               XSTACK = 00000009 ( 00000009 )
    -------------------------------------------------------------------------
<BANKED_CODE> 1 (was BANKED_CODE)
  Relative segment, address: CODE 00000AE4 - 00000B5A (0x77 bytes), align: 0
  Segment part 118.           Intra module refs:   halLcdInit::?relay
           ENTRY                   ADDRESS         REF BY
           =====                   =======         ======
           halLcdInit              00000AE4 
               calls direct
               XSTACK = 00000000 ( 00000009 )
    -------------------------------------------------------------------------
<BANKED_CODE> 1 (was BANKED_CODE)
  Relative segment, address: CODE 00000B5B - 00000B5F (0x5 bytes), align: 0
  Segment part 120.           Intra module refs:   SET_DDRAM_ADDR
                                                   basicRfInit
                                                   halLcdInit
                                                   uartSend
           LOCAL                   ADDRESS         
           =====                   =======         
           ?Subroutine2            00000B5B 
    -------------------------------------------------------------------------
<BANKED_CODE> 1 (was BANKED_CODE)
  Relative segment, address: CODE 00000B60 - 00000B80 (0x21 bytes), align: 0
  Segment part 121.           Intra module refs:   halAssertHandler::?relay
           ENTRY                   ADDRESS         REF BY
           =====                   =======         ======
           halAssertHandler        00000B60 
               calls direct
               XSTACK = 00000074 ( 00000000 )
               ISTACK = 00000000 ( 00000002 )
    -------------------------------------------------------------------------
<BANKED_CODE> 1 (was BANKED_CODE)
  Relative segment, address: CODE 00000B81 - 00000BED (0x6d bytes), align: 0
  Segment part 123.           Intra module refs:   halBoardInit::?relay
           ENTRY                   ADDRESS         REF BY
           =====                   =======         ======
           halBoardInit            00000B81 
               calls direct
               ISTACK = 00000000 ( 00000002 )
    -------------------------------------------------------------------------
<BANKED_CODE> 1 (was BANKED_CODE)
  Relative segment, address: CODE 00000BEE - 00000C2D (0x40 bytes), align: 0
  Segment part 125.           Intra module refs:   halButtonPushed::?relay
           ENTRY                   ADDRESS         REF BY
           =====                   =======         ======
           halButtonPushed         00000BEE 
               XSTACK = 00000074 ( 00000000 )
               ISTACK = 00000000 ( 00000002 )
    -------------------------------------------------------------------------
<BANKED_CODE> 1 (was BANKED_CODE)
  Relative segment, address: CODE 00000C2E - 00000C37 (0xa bytes), align: 0
  Segment part 127.           Intra module refs:   halBoardInit
                                                   halButtonPushed
           LOCAL                   ADDRESS         
           =====                   =======         
           ?Subroutine9            00000C2E 
    -------------------------------------------------------------------------
XDATA_Z
  Relative segment, address: XDATA 000001CE - 000001DD (0x10 bytes), align: 0
  Segment part 68.            Intra module refs:   port0_ISR
           LOCAL                   ADDRESS         
           =====                   =======         
           port0_isr_tbl           000001CE 
    -------------------------------------------------------------------------
XDATA_Z
  Relative segment, address: XDATA 000001DE - 000001ED (0x10 bytes), align: 0
  Segment part 69.            Intra module refs:   port1_ISR
           LOCAL                   ADDRESS         
           =====                   =======         
           port1_isr_tbl           000001DE 
    -------------------------------------------------------------------------
XDATA_Z
  Relative segment, address: XDATA 000001EE - 000001F7 (0xa bytes), align: 0
  Segment part 70.            Intra module refs:   port2_ISR
           LOCAL                   ADDRESS         
           =====                   =======         
           port2_isr_tbl           000001EE 
    -------------------------------------------------------------------------
NEAR_CODE
  Relative segment, address: CODE 000006F3 - 00000746 (0x54 bytes), align: 0
  Segment part 142.           Intra module refs:   port0_ISR::??INTVEC 107
           ENTRY                   ADDRESS         REF BY
           =====                   =======         ======
           port0_ISR               000006F3 
               interrupt function
               XSTACK = 00000000 ( 0000000F )
    -------------------------------------------------------------------------
NEAR_CODE
  Relative segment, address: CODE 00000747 - 0000074B (0x5 bytes), align: 0
  Segment part 143.           Intra module refs:   port0_ISR
                                                   port1_ISR
                                                   port2_ISR
           LOCAL                   ADDRESS         
           =====                   =======         
           ?Subroutine4            00000747 
    -------------------------------------------------------------------------
NEAR_CODE
  Relative segment, address: CODE 0000074C - 0000074E (0x3 bytes), align: 0
  Segment part 144.           Intra module refs:   port0_ISR
                                                   port1_ISR
                                                   port2_ISR
           LOCAL                   ADDRESS         
           =====                   =======         
           ?Subroutine10           0000074C 
    -------------------------------------------------------------------------
NEAR_CODE
  Relative segment, address: CODE 0000074F - 00000756 (0x8 bytes), align: 0
  Segment part 145.           Intra module refs:   ?Subroutine10
                                                   T1_ISR
                                                   rfIsr
    -------------------------------------------------------------------------
NEAR_CODE
  Relative segment, address: CODE 00000757 - 000007AC (0x56 bytes), align: 0
  Segment part 146.           Intra module refs:   port1_ISR::??INTVEC 123
           ENTRY                   ADDRESS         REF BY
           =====                   =======         ======
           port1_ISR               00000757 
               interrupt function
               XSTACK = 00000000 ( 0000000F )
    -------------------------------------------------------------------------
NEAR_CODE
  Relative segment, address: CODE 000007AD - 000007B8 (0xc bytes), align: 0
  Segment part 147.           Intra module refs:   port0_ISR
                                                   port1_ISR
                                                   port2_ISR
           LOCAL                   ADDRESS         
           =====                   =======         
           ?Subroutine11           000007AD 
    -------------------------------------------------------------------------
NEAR_CODE
  Relative segment, address: CODE 000007B9 - 0000080F (0x57 bytes), align: 0
  Segment part 148.           Intra module refs:   port2_ISR::??INTVEC 51
           ENTRY                   ADDRESS         REF BY
           =====                   =======         ======
           port2_ISR               000007B9 
               interrupt function
               XSTACK = 00000000 ( 0000000F )
    -------------------------------------------------------------------------
XDATA_Z
  Relative segment, address: XDATA 000001F8 - 000001F8 (0x1 bytes), align: 0
  Segment part 71.            Intra module refs:   halButtonPushed
                                                   halLedSet
                                                   halLedToggle
           ENTRY                   ADDRESS         REF BY
           =====                   =======         ======
           led4State               000001F8 
    -------------------------------------------------------------------------
<BANKED_CODE> 1 (was BANKED_CODE)
  Relative segment, address: CODE 00000C38 - 00000C61 (0x2a bytes), align: 0
  Segment part 128.           Intra module refs:   halLedSet::?relay
           ENTRY                   ADDRESS         REF BY
           =====                   =======         ======
           halLedSet               00000C38 
               XSTACK = 00000074 ( 00000000 )
               ISTACK = 00000000 ( 00000002 )
    -------------------------------------------------------------------------
<BANKED_CODE> 1 (was BANKED_CODE)
  Relative segment, address: CODE 00000C62 - 00000C90 (0x2f bytes), align: 0
  Segment part 130.           Intra module refs:   halLedToggle::?relay
           ENTRY                   ADDRESS         REF BY
           =====                   =======         ======
           halLedToggle            00000C62 
               ISTACK = 00000000 ( 00000002 )
    -------------------------------------------------------------------------
XDATA_Z
  Relative segment, address: XDATA 000001F9 - 000001FE (0x6 bytes), align: 0
  Segment part 72.            Intra module refs:   appReceiver
                                                   main
           LOCAL                   ADDRESS         
           =====                   =======         
           basicRfConfig           000001F9 
    -------------------------------------------------------------------------
XDATA_Z
  Relative segment, address: XDATA 000001FF - 00000208 (0xa bytes), align: 0
  Segment part 73.            Intra module refs:   appReceiver
           LOCAL                   ADDRESS         
           =====                   =======         
           rxPacket                000001FF 
    -------------------------------------------------------------------------
XDATA_Z
  Relative segment, address: XDATA 00000209 - 00000209 (0x1 bytes), align: 0
  Segment part 74.            Intra module refs:   main
           LOCAL                   ADDRESS         
           =====                   =======         
           appState                00000209 
    -------------------------------------------------------------------------
<BANKED_CODE> 1 (was BANKED_CODE)
  Relative segment, address: CODE 00000C91 - 00000CC4 (0x34 bytes), align: 0
  Segment part 132.           Intra module refs:   uartSend::?relay
           ENTRY                   ADDRESS         REF BY
           =====                   =======         ======
           uartSend                00000C91 
               XSTACK = 00000074 ( 00000009 )
    -------------------------------------------------------------------------
<BANKED_CODE> 1 (was BANKED_CODE)
  Relative segment, address: CODE 00000CC5 - 000011D1 (0x50d bytes), align: 0
  Segment part 134.           Intra module refs:   appReceiver::?relay
           LOCAL                   ADDRESS         
           =====                   =======         
           appReceiver             00000CC5 
               calls direct
               XSTACK = 00000000 ( 00000076 )
               ISTACK = 00000000 ( 00000002 )
    -------------------------------------------------------------------------
<BANKED_CODE> 1 (was BANKED_CODE)
  Relative segment, address: CODE 000011D2 - 000011E4 (0x13 bytes), align: 0
  Segment part 136.           Intra module refs:   appReceiver
           LOCAL                   ADDRESS         
           =====                   =======         
           ?Subroutine8            000011D2 
    -------------------------------------------------------------------------
<BANKED_CODE> 1 (was BANKED_CODE)
  Relative segment, address: CODE 000011E5 - 0000121A (0x36 bytes), align: 0
  Segment part 137.
           ENTRY                   ADDRESS         REF BY
           =====                   =======         ======
           main                    000011E5        ?call_main (?cmain)
               calls direct
    -------------------------------------------------------------------------
INTVEC
  Common segment, address: CODE 00000000 - 00000035 (0x36 bytes), align: 0
  Segment part 36. ROOT.
           ENTRY                   ADDRESS         REF BY
           =====                   =======         ======
           port2_ISR::??INTVEC 51
                                   00000033 
    -------------------------------------------------------------------------
INTVEC
  Common segment, address: CODE 00000000 - 0000004D (0x4e bytes), align: 0
  Segment part 37. ROOT.
           ENTRY                   ADDRESS         REF BY
           =====                   =======         ======
           T1_ISR::??INTVEC 75     0000004B 
    -------------------------------------------------------------------------
INTVEC
  Common segment, address: CODE 00000000 - 0000006D (0x6e bytes), align: 0
  Segment part 38. ROOT.
           ENTRY                   ADDRESS         REF BY
           =====                   =======         ======
           port0_ISR::??INTVEC 107
                                   0000006B 
    -------------------------------------------------------------------------
INTVEC
  Common segment, address: CODE 00000000 - 0000007D (0x7e bytes), align: 0
  Segment part 39. ROOT.
           ENTRY                   ADDRESS         REF BY
           =====                   =======         ======
           port1_ISR::??INTVEC 123
                                   0000007B 
    -------------------------------------------------------------------------
INTVEC
  Common segment, address: CODE 00000000 - 00000085 (0x86 bytes), align: 0
  Segment part 40. ROOT.
           ENTRY                   ADDRESS         REF BY
           =====                   =======         ======
           rfIsr::??INTVEC 131     00000083 
    -------------------------------------------------------------------------
XDATA_ID
  Relative segment, address: CODE 00000116 - 00000120 (0xb bytes), align: 0
  Segment part 48.            Intra module refs:   Segment part 47
    -------------------------------------------------------------------------
XDATA_ID
  Relative segment, address: CODE 00000121 - 00000126 (0x6 bytes), align: 0
  Segment part 50.            Intra module refs:   Segment part 49
    -------------------------------------------------------------------------
XDATA_ID
  Relative segment, address: CODE 00000127 - 0000012B (0x5 bytes), align: 0
  Segment part 52.            Intra module refs:   Segment part 51
    -------------------------------------------------------------------------
XDATA_ID
  Relative segment, address: CODE 0000012C - 00000130 (0x5 bytes), align: 0
  Segment part 54.            Intra module refs:   Segment part 53
    -------------------------------------------------------------------------
XDATA_ID
  Relative segment, address: CODE 00000131 - 00000137 (0x7 bytes), align: 0
  Segment part 56.            Intra module refs:   Segment part 55
    -------------------------------------------------------------------------
XDATA_ID
  Relative segment, address: CODE 00000138 - 00000139 (0x2 bytes), align: 0
  Segment part 58.            Intra module refs:   Segment part 57
    -------------------------------------------------------------------------
XDATA_ID
  Relative segment, address: CODE 0000013A - 00000145 (0xc bytes), align: 0
  Segment part 60.            Intra module refs:   rxi
    -------------------------------------------------------------------------
XDATA_ID
  Relative segment, address: CODE 00000146 - 00000146 (0x1 bytes), align: 0
  Segment part 66.            Intra module refs:   rssiOffset
    -------------------------------------------------------------------------
XDATA_ID
  Relative segment, address: CODE 00000147 - 0000014A (0x4 bytes), align: 0
  Segment part 76.            Intra module refs:   __Constant_0
    -------------------------------------------------------------------------
XDATA_ID
  Relative segment, address: CODE 0000014B - 0000014E (0x4 bytes), align: 0
  Segment part 78.            Intra module refs:   __Constant_1
    -------------------------------------------------------------------------
XDATA_ID
  Relative segment, address: CODE 0000014F - 00000152 (0x4 bytes), align: 0
  Segment part 80.            Intra module refs:   __Constant_3e9
    -------------------------------------------------------------------------
XDATA_ID
  Relative segment, address: CODE 00000153 - 00000156 (0x4 bytes), align: 0
  Segment part 82.            Intra module refs:   __Constant_64
    -------------------------------------------------------------------------
XDATA_ID
  Relative segment, address: CODE 00000157 - 0000015A (0x4 bytes), align: 0
  Segment part 84.            Intra module refs:   __Constant_a
    -------------------------------------------------------------------------
XDATA_ID
  Relative segment, address: CODE 0000015B - 0000015E (0x4 bytes), align: 0
  Segment part 86.            Intra module refs:   __Constant_3e8
    -------------------------------------------------------------------------
BANK_RELAYS
  Relative segment, address: CODE 0000015F - 00000164 (0x6 bytes), align: 0
  Segment part 88.            Intra module refs:   basicRfInit
           LOCAL                   ADDRESS         
           =====                   =======         
           basicRfRxFrmDoneIsr::?relay
                                   0000015F 
    -------------------------------------------------------------------------
BANK_RELAYS
  Relative segment, address: CODE 00000165 - 0000016A (0x6 bytes), align: 0
  Segment part 91.            Intra module refs:   appReceiver
           ENTRY                   ADDRESS         REF BY
           =====                   =======         ======
           basicRfInit::?relay     00000165 
    -------------------------------------------------------------------------
BANK_RELAYS
  Relative segment, address: CODE 0000016B - 00000170 (0x6 bytes), align: 0
  Segment part 95.            Intra module refs:   halBoardInit
           ENTRY                   ADDRESS         REF BY
           =====                   =======         ======
           clockSetMainSrc::?relay
                                   0000016B 
    -------------------------------------------------------------------------
BANK_RELAYS
  Relative segment, address: CODE 00000171 - 00000176 (0x6 bytes), align: 0
  Segment part 97.            Intra module refs:   halBoardInit
           ENTRY                   ADDRESS         REF BY
           =====                   =======         ======
           clockSelect32k::?relay
                                   00000171 
    -------------------------------------------------------------------------
BANK_RELAYS
  Relative segment, address: CODE 00000177 - 0000017C (0x6 bytes), align: 0
  Segment part 99.            Intra module refs:   halMcuWaitMs
           ENTRY                   ADDRESS         REF BY
           =====                   =======         ======
           halMcuWaitUs::?relay    00000177 
    -------------------------------------------------------------------------
BANK_RELAYS
  Relative segment, address: CODE 0000017D - 00000182 (0x6 bytes), align: 0
  Segment part 101.           Intra module refs:   appReceiver
                                                   halAssertHandler
           ENTRY                   ADDRESS         REF BY
           =====                   =======         ======
           halMcuWaitMs::?relay    0000017D 
    -------------------------------------------------------------------------
BANK_RELAYS
  Relative segment, address: CODE 00000183 - 00000188 (0x6 bytes), align: 0
  Segment part 103.           Intra module refs:   basicRfInit
                                                   main
           ENTRY                   ADDRESS         REF BY
           =====                   =======         ======
           halRfInit::?relay       00000183 
    -------------------------------------------------------------------------
BANK_RELAYS
  Relative segment, address: CODE 00000189 - 0000018E (0x6 bytes), align: 0
  Segment part 105.           Intra module refs:   ?Subroutine7
                                                   basicRfRxFrmDoneIsr
           ENTRY                   ADDRESS         REF BY
           =====                   =======         ======
           halRfReadRxBuf::?relay
                                   00000189 
    -------------------------------------------------------------------------
BANK_RELAYS
  Relative segment, address: CODE 0000018F - 00000194 (0x6 bytes), align: 0
  Segment part 107.           Intra module refs:   basicRfRxFrmDoneIsr
           ENTRY                   ADDRESS         REF BY
           =====                   =======         ======
           halRfDisableRxInterrupt::?relay
                                   0000018F 
    -------------------------------------------------------------------------
BANK_RELAYS
  Relative segment, address: CODE 00000195 - 0000019A (0x6 bytes), align: 0
  Segment part 109.           Intra module refs:   basicRfRxFrmDoneIsr
                                                   halRfInit
           ENTRY                   ADDRESS         REF BY
           =====                   =======         ======
           halRfEnableRxInterrupt::?relay
                                   00000195 
    -------------------------------------------------------------------------
BANK_RELAYS
  Relative segment, address: CODE 0000019B - 000001A0 (0x6 bytes), align: 0
  Segment part 112.           Intra module refs:   SET_DDRAM_ADDR
                                                   halLcdInit
           LOCAL                   ADDRESS         
           =====                   =======         
           HalLcd_HW_Control::?relay
                                   0000019B 
    -------------------------------------------------------------------------
BANK_RELAYS
  Relative segment, address: CODE 000001A1 - 000001A6 (0x6 bytes), align: 0
  Segment part 115.           Intra module refs:   halLcdInit
           LOCAL                   ADDRESS         
           =====                   =======         
           HalLcd_HW_Write::?relay
                                   000001A1 
    -------------------------------------------------------------------------
BANK_RELAYS
  Relative segment, address: CODE 000001A7 - 000001AC (0x6 bytes), align: 0
  Segment part 117.           Intra module refs:   halLcdInit
           LOCAL                   ADDRESS         
           =====                   =======         
           SET_DDRAM_ADDR::?relay
                                   000001A7 
    -------------------------------------------------------------------------
BANK_RELAYS
  Relative segment, address: CODE 000001AD - 000001B2 (0x6 bytes), align: 0
  Segment part 119.           Intra module refs:   halBoardInit
           ENTRY                   ADDRESS         REF BY
           =====                   =======         ======
           halLcdInit::?relay      000001AD 
    -------------------------------------------------------------------------
BANK_RELAYS
  Relative segment, address: CODE 000001B3 - 000001B8 (0x6 bytes), align: 0
  Segment part 122.           Intra module refs:   appReceiver
                                                   halBoardInit
                                                   main
           ENTRY                   ADDRESS         REF BY
           =====                   =======         ======
           halAssertHandler::?relay
                                   000001B3 
    -------------------------------------------------------------------------
BANK_RELAYS
  Relative segment, address: CODE 000001B9 - 000001BE (0x6 bytes), align: 0
  Segment part 124.           Intra module refs:   main
           ENTRY                   ADDRESS         REF BY
           =====                   =======         ======
           halBoardInit::?relay    000001B9 
    -------------------------------------------------------------------------
BANK_RELAYS
[...]
  Segment part 1.
           ENTRY                   ADDRESS         REF BY
           =====                   =======         ======
           ?L_ADD_X                00000386        appReceiver (basic_rf)

    -------------------------------------------------------------------------
  LIBRARY MODULE, NAME : ?L_ADD_TO_X

  SEGMENTS IN THE MODULE
  ======================
RCODE
  Relative segment, address: CODE 00000399 - 000003AB (0x13 bytes), align: 0
  Segment part 1.
           ENTRY                   ADDRESS         REF BY
           =====                   =======         ======
           ?L_ADD_TO_X             00000399        appReceiver (basic_rf)

    -------------------------------------------------------------------------
  LIBRARY MODULE, NAME : ?L_SUB_X

  SEGMENTS IN THE MODULE
  ======================
RCODE
  Relative segment, address: CODE 000003AC - 000003C3 (0x18 bytes), align: 0
  Segment part 1.
           ENTRY                   ADDRESS         REF BY
           =====                   =======         ======
           ?L_SUB_X                000003AC        appReceiver (basic_rf)

    -------------------------------------------------------------------------
  LIBRARY MODULE, NAME : ?L_MOV_X

  SEGMENTS IN THE MODULE
  ======================
RCODE
  Relative segment, address: CODE 000003C4 - 000003D2 (0xf bytes), align: 0
  Segment part 0.
           ENTRY                   ADDRESS         REF BY
           =====                   =======         ======
           ?L_MOV_X                000003C4        appReceiver (basic_rf)

    -------------------------------------------------------------------------
  LIBRARY MODULE, NAME : ?L_MOV_TO_X

  SEGMENTS IN THE MODULE
  ======================
RCODE
  Relative segment, address: CODE 000003D3 - 000003E1 (0xf bytes), align: 0
  Segment part 2.
           ENTRY                   ADDRESS         REF BY
           =====                   =======         ======
           ?L_MOV_TO_X             000003D3        appReceiver (basic_rf)

    -------------------------------------------------------------------------
  LIBRARY MODULE, NAME : ?XLOAD_R2345

  SEGMENTS IN THE MODULE
  ======================
RCODE
  Relative segment, address: CODE 000003E2 - 000003ED (0xc bytes), align: 0
  Segment part 0.
           ENTRY                   ADDRESS         REF BY
           =====                   =======         ======
           ?XLOAD_R2345            000003E2        appReceiver (basic_rf)
                                                   basicRfInit (basic_rf)

    -------------------------------------------------------------------------
  LIBRARY MODULE, NAME : ?XSTORE_R2345

  SEGMENTS IN THE MODULE
  ======================
RCODE
  Relative segment, address: CODE 000003EE - 000003F9 (0xc bytes), align: 0
  Segment part 0.
           ENTRY                   ADDRESS         REF BY
           =====                   =======         ======
           ?XSTORE_R2345           000003EE        appReceiver (basic_rf)
                                                   basicRfInit (basic_rf)

    -------------------------------------------------------------------------
  LIBRARY MODULE, NAME : ?MOVE_LONG8_XDATA_IDATA

  SEGMENTS IN THE MODULE
  ======================
RCODE
  Relative segment, address: CODE 000003FA - 00000406 (0xd bytes), align: 0
  Segment part 0.
           ENTRY                   ADDRESS         REF BY
           =====                   =======         ======
           ?MOVE_LONG8_XDATA_IDATA
                                   000003FA        ?PUSH_XSTACK_I (?PUSH_XSTACK_I)

    -------------------------------------------------------------------------
  LIBRARY MODULE, NAME : ?MOVE_LONG8_XDATA_XDATA

  SEGMENTS IN THE MODULE
  ======================
RCODE
  Relative segment, address: CODE 00000407 - 00000427 (0x21 bytes), align: 0
  Segment part 0.
           ENTRY                   ADDRESS         REF BY
           =====                   =======         ======
           ?MOVE_LONG8_XDATA_XDATA
                                   00000407        appReceiver (basic_rf)

    -------------------------------------------------------------------------
  LIBRARY MODULE, NAME : ?S_DIV_MOD

  SEGMENTS IN THE MODULE
  ======================
RCODE
  Relative segment, address: CODE 00000428 - 00000468 (0x41 bytes), align: 0
  Segment part 0.
           ENTRY                   ADDRESS         REF BY
           =====                   =======         ======
           ?S_DIV_MOD              00000461        appReceiver (basic_rf)
    -------------------------------------------------------------------------
RCODE
  Relative segment, address: CODE 00000469 - 000004C1 (0x59 bytes), align: 0
  Segment part 1.             Intra module refs:   ?S_DIV_MOD
           ENTRY                   ADDRESS         REF BY
           =====                   =======         ======
           ?US_DIV_MOD             00000469 

    -------------------------------------------------------------------------
  LIBRARY MODULE, NAME : ?S_SHL

  SEGMENTS IN THE MODULE
  ======================
RCODE
  Relative segment, address: CODE 000004C2 - 000004C4 (0x3 bytes), align: 0
  Segment part 0.
           ENTRY                   ADDRESS         REF BY
           =====                   =======         ======
           ?S_SHL                  000004C2        port0_ISR (basic_rf)
                                                   port1_ISR (basic_rf)
                                                   port2_ISR (basic_rf)
    -------------------------------------------------------------------------
RCODE
  Relative segment, address: CODE 000004C5 - 000004C7 (0x3 bytes), align: 0
  Segment part 1.             Intra module refs:   Segment part 2
           ENTRY                   ADDRESS         REF BY
           =====                   =======         ======
           ?S_SHL_REW              000004C5 
    -------------------------------------------------------------------------
RCODE
  Relative segment, address: CODE 000004C8 - 000004D4 (0xd bytes), align: 0
  Segment part 2.             Intra module refs:   ?S_SHL
                                                   ?S_SHL_REW

    -------------------------------------------------------------------------
  LIBRARY MODULE, NAME : ?ALLOC_XSTACK8

  SEGMENTS IN THE MODULE
  ======================
RCODE
  Relative segment, address: CODE 000004D5 - 000004EA (0x16 bytes), align: 0
  Segment part 0.
           ENTRY                   ADDRESS         REF BY
           =====                   =======         ======
           ?ALLOC_XSTACK8          000004D5        appReceiver (basic_rf)

    -------------------------------------------------------------------------
  LIBRARY MODULE, NAME : ?DEALLOC_XSTACK8

  SEGMENTS IN THE MODULE
  ======================
RCODE
  Relative segment, address: CODE 000004EB - 00000504 (0x1a bytes), align: 0
  Segment part 0.
           ENTRY                   ADDRESS         REF BY
           =====                   =======         ======
           ?DEALLOC_XSTACK8        000004EB        appReceiver (basic_rf)

    -------------------------------------------------------------------------
  LIBRARY MODULE, NAME : ?ADD_XSTACK_DISP8

  SEGMENTS IN THE MODULE
  ======================
RCODE
  Relative segment, address: CODE 00000505 - 0000051F (0x1b bytes), align: 0
  Segment part 1.
           ENTRY                   ADDRESS         REF BY
           =====                   =======         ======
           ?ADD_XSTACK_DISP0_8     00000505        ?PUSH_XSTACK_I (?PUSH_XSTACK_I)

    -------------------------------------------------------------------------
  LIBRARY MODULE, NAME : ?XSTACK_DISP8

  SEGMENTS IN THE MODULE
  ======================
RCODE
  Relative segment, address: CODE 00000520 - 00000529 (0xa bytes), align: 0
  Segment part 1.
           ENTRY                   ADDRESS         REF BY
           =====                   =======         ======
           ?XSTACK_DISP0_8         00000520        appReceiver (basic_rf)
                                                   memcpy (?memcpy)

    -------------------------------------------------------------------------
  LIBRARY MODULE, NAME : ?CALL_IND

  SEGMENTS IN THE MODULE
  ======================
RCODE
  Relative segment, address: CODE 0000052A - 0000052B (0x2 bytes), align: 0
  Segment part 0.
           ENTRY                   ADDRESS         REF BY
           =====                   =======         ======
           ?CALL_IND               0000052A        T1_ISR (basic_rf)
                                                   port0_ISR (basic_rf)
                                                   port1_ISR (basic_rf)
                                                   port2_ISR (basic_rf)
                                                   rfIsr (basic_rf)

    -------------------------------------------------------------------------
  LIBRARY MODULE, NAME : ?BANKED_ENTER_XDATA

  SEGMENTS IN THE MODULE
  ======================
RCODE
  Relative segment, address: CODE 0000052C - 00000597 (0x6c bytes), align: 0
  Segment part 1.
           ENTRY                   ADDRESS         REF BY
           =====                   =======         ======
           ?BANKED_ENTER_XDATA     0000052C        SET_DDRAM_ADDR (basic_rf)
                                                   appReceiver (basic_rf)
                                                   basicRfInit (basic_rf)
                                                   halLcdInit (basic_rf)
                                                   halMcuWaitMs (basic_rf)
                                                   memcpy (?memcpy)
                                                   uartSend (basic_rf)

    -------------------------------------------------------------------------
  LIBRARY MODULE, NAME : ?BANKED_LEAVE_XDATA

  SEGMENTS IN THE MODULE
  ======================
RCODE
  Relative segment, address: CODE 00000598 - 000005DD (0x46 bytes), align: 0
  Segment part 1.
           ENTRY                   ADDRESS         REF BY
           =====                   =======         ======
           ?BANKED_LEAVE_XDATA     00000598        ?Subroutine2 (basic_rf)
                                                   halMcuWaitMs (basic_rf)
                                                   memcpy (?memcpy)

    -------------------------------------------------------------------------
  LIBRARY MODULE, NAME : ?INTERRUPT_ENTER_XSP

  SEGMENTS IN THE MODULE
  ======================
RCODE
  Relative segment, address: CODE 000005DE - 0000063C (0x5f bytes), align: 0
  Segment part 1.
           ENTRY                   ADDRESS         REF BY
           =====                   =======         ======
           ?INTERRUPT_ENTER_XSP    000005DE        T1_ISR (basic_rf)
                                                   port0_ISR (basic_rf)
                                                   port1_ISR (basic_rf)
                                                   port2_ISR (basic_rf)
                                                   rfIsr (basic_rf)

    -------------------------------------------------------------------------
  LIBRARY MODULE, NAME : ?INTERRUPT_LEAVE_XSP

  SEGMENTS IN THE MODULE
  ======================
RCODE
  Relative segment, address: CODE 0000063D - 00000694 (0x58 bytes), align: 0
  Segment part 1.
           ENTRY                   ADDRESS         REF BY
           =====                   =======         ======
           ?INTERRUPT_LEAVE_XSP    0000063D        ?Subroutine3 (basic_rf)
                                                   ?Subroutine4 (basic_rf)

    -------------------------------------------------------------------------
  LIBRARY MODULE, NAME : ?PUSH_XSTACK_I

  SEGMENTS IN THE MODULE
  ======================
RCODE
  Relative segment, address: CODE 00000695 - 00000698 (0x4 bytes), align: 0
  Segment part 2.
           ENTRY                   ADDRESS         REF BY
           =====                   =======         ======
           ?PUSH_XSTACK_I_TWO      00000695        appReceiver (basic_rf)
    -------------------------------------------------------------------------
RCODE
  Relative segment, address: CODE 00000699 - 000006A5 (0xd bytes), align: 0
  Segment part 4.             Intra module refs:   ?PUSH_XSTACK_I_TWO
           ENTRY                   ADDRESS         REF BY
           =====                   =======         ======
           ?PUSH_XSTACK_I          00000699 

    -------------------------------------------------------------------------
  LIBRARY MODULE, NAME : ?memcpy

  SEGMENTS IN THE MODULE
  ======================
<BANKED_CODE> 1 (was BANKED_CODE)
  Relative segment, address: CODE 0000121B - 00001260 (0x46 bytes), align: 0
  Segment part 6.             Intra module refs:   memcpy::?relay
           ENTRY                   ADDRESS         REF BY
           =====                   =======         ======
           memcpy                  0000121B 
               XSTACK = 00000002 ( 0000000A )
               ISTACK = 00000000 ( 00000001 )
    -------------------------------------------------------------------------
BANK_RELAYS
  Relative segment, address: CODE 000001DD - 000001E2 (0x6 bytes), align: 0
  Segment part 7.
           ENTRY                   ADDRESS         REF BY
           =====                   =======         ======
           memcpy::?relay          000001DD        appReceiver (basic_rf)

    -------------------------------------------------------------------------
  LIBRARY MODULE, NAME : ?low_level_init

  SEGMENTS IN THE MODULE
  ======================
CSTART
  Relative segment, address: CODE 00000113 - 00000115 (0x3 bytes), align: 0
  Segment part 6. ROOT.
           ENTRY                   ADDRESS         REF BY
           =====                   =======         ======
           __low_level_init        00000113        __low_level_init_call (?cmain)




                ****************************************
                *                                      *
                *            MODULE SUMMARY            *
                *                                      *
                ****************************************

Module                    CODE      DATA      XDATA  IDATA    BIT
------                    ----      ----      -----  -----    ---
                         (Rel)  (Rel)  (Abs)  (Rel)  (Rel)  (Rel)
?ADD_XSTACK_DISP8           27
?ALLOC_XSTACK8              22
?BANKED_CODE_SUPPORT        30
?BANKED_ENTER_XDATA        108
?BANKED_LEAVE_XDATA         70
?CALL_IND                    2
?DEALLOC_XSTACK8            26
?INTERRUPT_ENTER_XSP        95
?INTERRUPT_LEAVE_XSP        88
?L_ADD_TO_X                 19
?L_ADD_X                    19
?L_DIV_MOD                  87
?L_EQ_X                     21
?L_MOV_TO_X                 15
?L_MOV_X                    15
?L_MUL                     128
?L_NEG                      17
?L_NEG_R1                   17
?L_SUB_X                    24
?MOVE_LONG8_XDATA_IDATA     13
?MOVE_LONG8_XDATA_XDATA     33
?PUSH_XSTACK_I              17
?SL_GT_X                    21
?S_DIV_MOD                 154
?S_SHL                      19
?UL_DIV_MOD                112
?UL_GT_X                    16
?XLOAD_R2345                12
?XSTACK_DISP8               10
?XSTORE_R2345               12
?cexit                       5
?cmain                      88
?low_level_init              3
?memcpy                     76
CSTARTUP                    18
  + common                   3
VIRTUAL_REGISTERS                   2                           8
basic_rf                 3 132            35    338
  + common                 134
N/A (command line)                 16           256     64
N/A (alignment)
----------               -----     --     --    ---     --      -
Total:                   4 571     18     35    594     64      8
  + common                 134


                ****************************************
                *                                      *
                *      SEGMENTS IN ADDRESS ORDER       *
                *                                      *
                ****************************************


SEGMENT              SPACE    START ADDRESS   END ADDRESS     SIZE  TYPE  ALIGN
=======              =====    =============   ===========     ====  ====  =====
INTVEC               CODE          00000000 - 00000085          86   com    0
CSTART               CODE          00000086 - 00000115          90   rel    0
DATA_ID              CODE               00000116                     dse    0
BDATA_ID             CODE               00000116                     dse    0
BIT_ID               CODE               00000116                     dse    0
IDATA_ID             CODE               00000116                     dse    0
IXDATA_ID            CODE               00000116                     dse    0
PDATA_ID             CODE               00000116                     dse    0
XDATA_ID             CODE          00000116 - 0000015E          49   rel    0
BANK_RELAYS          CODE          0000015F - 000001E2          84   rel    0
RCODE                CODE          000001E3 - 000006A5         4C3   rel    0
DIFUNCT              CODE               000006A6                     dse    0
CODE_C               CODE               000006A6                     dse    0
CODE_N               CODE               000006A6                     dse    0
NEAR_CODE            CODE          000006A6 - 0000080F         16A   rel    0
<BANKED_CODE> 1      CODE          00000810 - 00001260         A51   rel    0
REGISTERS            DATA          00000000 - 00000007           8   rel    0
VREG                 DATA          00000008 - 0000000F           8   rel    0
PSP                  DATA               00000010                     dse    0
XSP                  DATA          00000010 - 00000011           2   rel    0
BREG                 BIT        00000020.0  -  00000020.7        8   rel    0
SFR_AN               DATA          00000080 - 00000080           1   rel    0
                     DATA          00000086 - 00000086           1 
                     DATA          00000089 - 0000008B           3 
                     DATA          0000008F - 00000090           2 
                     DATA          0000009A - 0000009B           2 
                     DATA          0000009D - 0000009E           2 
                     DATA          000000A8 - 000000A8           1 
                     DATA          000000BE - 000000BE           1 
                     DATA          000000C0 - 000000C2           3 
                     DATA          000000C5 - 000000C6           2 
                     DATA          000000D9 - 000000D9           1 
                     DATA          000000E1 - 000000E1           1 
                     DATA          000000E8 - 000000E9           2 
                     DATA          000000F1 - 000000F1           1 
                     DATA          000000F3 - 000000F5           3 
                     DATA          000000F7 - 000000FF           9 
XSTACK               XDATA         00000001 - 00000100         100   rel    0
XDATA_Z              XDATA         00000101 - 00000209         109   rel    0
XDATA_I              XDATA         0000020A - 00000252          49   rel    0
ISTACK               IDATA         000000C0 - 000000FF          40   rel    0

                ****************************************
                *                                      *
                *        END OF CROSS REFERENCE        *
                *                                      *
                ****************************************

 4 705 bytes of CODE  memory
    18 bytes of DATA  memory (+ 35 absolute )
   594 bytes of XDATA memory
    64 bytes of IDATA memory
     8 bits  of BIT   memory

Errors: none
Warnings: none

