################################################################################
#                                                                              #
#      IAR Universal Linker V4.61T/W32                                         #
#                                                                              #
#           Link time     =  30/Jul/2012  11:18:04                             #
#           Target CPU    =  x51                                               #
#           List file     =  "H:\zigbee reach\webeeÕ≈∂”◊ ¡œ\Œﬁœﬂµ„µ∆ µ—ÈΩ≤Ω‚\C #
#                            C2530-BasicRF\CC2530 BasicRF\ide\srf05_cc2530\iar #
#                            \temp\per_test.map"                               #
#           Output file 1 =  "H:\zigbee reach\webeeÕ≈∂”◊ ¡œ\Œﬁœﬂµ„µ∆ µ—ÈΩ≤Ω‚\C #
#                            C2530-BasicRF\CC2530 BasicRF\ide\srf05_cc2530\iar #
#                            \per_test.hex"                                    #
#                            Format: intel-extended                            #
#           Output file 2 =  "H:\zigbee reach\webeeÕ≈∂”◊ ¡œ\Œﬁœﬂµ„µ∆ µ—ÈΩ≤Ω‚\C #
#                            C2530-BasicRF\CC2530 BasicRF\ide\srf05_cc2530\iar #
#                            \per_test.d51"                                    #
#                            Format: debug                                     #
#                            UBROF version 10.0.3                              #
#                            Using library modules for C-SPY (-rt)             #
#           Command line  =  "-IC:\Program Files\IAR Systems\Embedded Workbenc #
#                            h 5.4\8051\CONFIG\"                               #
#                            -D_NR_OF_BANKS=0x07 -D_CODEBANK_END=0xFFFF        #
#                            -D_CODEBANK_START=0x8000 -D?CBANK_MASK=0xFF       #
#                            -D?CBANK=0x9F                                     #
#                            "H:\zigbee reach\webeeÕ≈∂”◊ ¡œ\Œﬁœﬂµ„µ∆ µ—ÈΩ≤Ω‚\C #
#                            C2530-BasicRF\CC2530 BasicRF\ide\srf05_cc2530\iar #
#                            \temp\per_test\adc.r51"                           #
#                            "H:\zigbee reach\webeeÕ≈∂”◊ ¡œ\Œﬁœﬂµ„µ∆ µ—ÈΩ≤Ω‚\C #
#                            C2530-BasicRF\CC2530 BasicRF\ide\srf05_cc2530\iar #
#                            \temp\per_test\basic_rf.r51"                      #
#                            "H:\zigbee reach\webeeÕ≈∂”◊ ¡œ\Œﬁœﬂµ„µ∆ µ—ÈΩ≤Ω‚\C #
#                            C2530-BasicRF\CC2530 BasicRF\ide\srf05_cc2530\iar #
#                            \temp\per_test\clock.r51"                         #
#                            "H:\zigbee reach\webeeÕ≈∂”◊ ¡œ\Œﬁœﬂµ„µ∆ µ—ÈΩ≤Ω‚\C #
#                            C2530-BasicRF\CC2530 BasicRF\ide\srf05_cc2530\iar #
#                            \temp\per_test\hal_assert.r51"                    #
#                            "H:\zigbee reach\webeeÕ≈∂”◊ ¡œ\Œﬁœﬂµ„µ∆ µ—ÈΩ≤Ω‚\C #
#                            C2530-BasicRF\CC2530 BasicRF\ide\srf05_cc2530\iar #
#                            \temp\per_test\hal_board.r51"                     #
#                            "H:\zigbee reach\webeeÕ≈∂”◊ ¡œ\Œﬁœﬂµ„µ∆ µ—ÈΩ≤Ω‚\C #
#                            C2530-BasicRF\CC2530 BasicRF\ide\srf05_cc2530\iar #
#                            \temp\per_test\hal_button.r51"                    #
#                            "H:\zigbee reach\webeeÕ≈∂”◊ ¡œ\Œﬁœﬂµ„µ∆ µ—ÈΩ≤Ω‚\C #
#                            C2530-BasicRF\CC2530 BasicRF\ide\srf05_cc2530\iar #
#                            \temp\per_test\hal_digio.r51"                     #
#                            "H:\zigbee reach\webeeÕ≈∂”◊ ¡œ\Œﬁœﬂµ„µ∆ µ—ÈΩ≤Ω‚\C #
#                            C2530-BasicRF\CC2530 BasicRF\ide\srf05_cc2530\iar #
#                            \temp\per_test\hal_int.r51"                       #
#                            "H:\zigbee reach\webeeÕ≈∂”◊ ¡œ\Œﬁœﬂµ„µ∆ µ—ÈΩ≤Ω‚\C #
#                            C2530-BasicRF\CC2530 BasicRF\ide\srf05_cc2530\iar #
#                            \temp\per_test\hal_joystick.r51"                  #
#                            "H:\zigbee reach\webeeÕ≈∂”◊ ¡œ\Œﬁœﬂµ„µ∆ µ—ÈΩ≤Ω‚\C #
#                            C2530-BasicRF\CC2530 BasicRF\ide\srf05_cc2530\iar #
#                            \temp\per_test\hal_lcd_srf05.r51"                 #
#                            "H:\zigbee reach\webeeÕ≈∂”◊ ¡œ\Œﬁœﬂµ„µ∆ µ—ÈΩ≤Ω‚\C #
#                            C2530-BasicRF\CC2530 BasicRF\ide\srf05_cc2530\iar #
#                            \temp\per_test\hal_led.r51"                       #
#                            "H:\zigbee reach\webeeÕ≈∂”◊ ¡œ\Œﬁœﬂµ„µ∆ µ—ÈΩ≤Ω‚\C #
#                            C2530-BasicRF\CC2530 BasicRF\ide\srf05_cc2530\iar #
#                            \temp\per_test\hal_mcu.r51"                       #
#                            "H:\zigbee reach\webeeÕ≈∂”◊ ¡œ\Œﬁœﬂµ„µ∆ µ—ÈΩ≤Ω‚\C #
#                            C2530-BasicRF\CC2530 BasicRF\ide\srf05_cc2530\iar #
#                            \temp\per_test\hal_rf.r51"                        #
#                            "H:\zigbee reach\webeeÕ≈∂”◊ ¡œ\Œﬁœﬂµ„µ∆ µ—ÈΩ≤Ω‚\C #
#                            C2530-BasicRF\CC2530 BasicRF\ide\srf05_cc2530\iar #
#                            \temp\per_test\hal_timer_32k.r51"                 #
#                            "H:\zigbee reach\webeeÕ≈∂”◊ ¡œ\Œﬁœﬂµ„µ∆ µ—ÈΩ≤Ω‚\C #
#                            C2530-BasicRF\CC2530 BasicRF\ide\srf05_cc2530\iar #
#                            \temp\per_test\per_test.r51"                      #
#                            "H:\zigbee reach\webeeÕ≈∂”◊ ¡œ\Œﬁœﬂµ„µ∆ µ—ÈΩ≤Ω‚\C #
#                            C2530-BasicRF\CC2530 BasicRF\ide\srf05_cc2530\iar #
#                            \temp\per_test\per_test_menu.r51"                 #
#                            "H:\zigbee reach\webeeÕ≈∂”◊ ¡œ\Œﬁœﬂµ„µ∆ µ—ÈΩ≤Ω‚\C #
#                            C2530-BasicRF\CC2530 BasicRF\ide\srf05_cc2530\iar #
#                            \temp\per_test\util.r51"                          #
#                            "H:\zigbee reach\webeeÕ≈∂”◊ ¡œ\Œﬁœﬂµ„µ∆ µ—ÈΩ≤Ω‚\C #
#                            C2530-BasicRF\CC2530 BasicRF\ide\srf05_cc2530\iar #
#                            \temp\per_test\util_buffer.r51"                   #
#                            "H:\zigbee reach\webeeÕ≈∂”◊ ¡œ\Œﬁœﬂµ„µ∆ µ—ÈΩ≤Ω‚\C #
#                            C2530-BasicRF\CC2530 BasicRF\ide\srf05_cc2530\iar #
#                            \temp\per_test\util_lcd.r51"                      #
#                            -o                                                #
#                            "H:\zigbee reach\webeeÕ≈∂”◊ ¡œ\Œﬁœﬂµ„µ∆ µ—ÈΩ≤Ω‚\C #
#                            C2530-BasicRF\CC2530 BasicRF\ide\srf05_cc2530\iar #
#                            \per_test.d51"                                    #
#                            -l                                                #
#                            "H:\zigbee reach\webeeÕ≈∂”◊ ¡œ\Œﬁœﬂµ„µ∆ µ—ÈΩ≤Ω‚\C #
#                            C2530-BasicRF\CC2530 BasicRF\ide\srf05_cc2530\iar #
#                            \temp\per_test.map"                               #
#                            -xmsn                                             #
#                            "-IC:\Program Files\IAR Systems\Embedded Workbenc #
#                            h 5.4\8051\LIB\"                                  #
#                            -f                                                #
#                            "C:\Program Files\IAR Systems\Embedded Workbench  #
#                            5.4\8051\config\lnk51ew_cc2530.xcl"               #
#                            (-D_IDATA0_START=0x00 -D_IDATA0_END=0xFF          #
#                            -D_PDATA0_START=0x1E00 -D_PDATA0_END=0x1EFF       #
#                            -D_IXDATA0_START=0x0001 -D_IXDATA0_END=0x1EFF     #
#                            -D_XDATA0_START=_IXDATA0_START                    #
#                            -D_XDATA0_END=_IXDATA0_END                        #
#                            -D_NEAR_CODE_START=0x0000                         #
#                            -D_FIRST_BANK_ADDR=0x10000 -D?REGISTER_BANK=0x0   #
#                            -D_REGISTER_BANK_START=0x0 -D?PBANK_NUMBER=0x1E   #
#                            -D_BREG_START=0x00 -D?VB=0x20 -D?ESP=0x9B         #
#                            -Z(BIT)BREG=_BREG_START -Z(BIT)BIT_N=0-7F         #
#                            -Z(DATA)REGISTERS+8=_REGISTER_BANK_START          #
#                            -Z(DATA)BDATA_Z,BDATA_N,BDATA_I=20-2F             #
#                            -Z(DATA)VREG+_NR_OF_VIRTUAL_REGISTERS=08-7F       #
#                            -Z(DATA)PSP,XSP=08-7F -Z(DATA)DOVERLAY=08-7F      #
#                            -Z(DATA)DATA_I,DATA_Z,DATA_N=08-7F                #
#                            -U(IDATA)0-7F=(DATA)0-7F                          #
#                            -Z(IDATA)IDATA_I,IDATA_Z,IDATA_N=08-_IDATA0_END   #
#                            -Z(IDATA)ISTACK+_IDATA_STACK_SIZE#08-_IDATA0_END  #
#                            -Z(IDATA)IOVERLAY=08-FF -Z(CODE)INTVEC=0          #
#                            -Z(CODE)CSTART=_NEAR_CODE_START-(_CODEBANK_START- #
#                            1)                                                #
#                            -Z(CODE)BIT_ID,BDATA_ID,DATA_ID,IDATA_ID,IXDATA_I #
#                            D,PDATA_ID,XDATA_ID=_NEAR_CODE_START-(_CODEBANK_S #
#                            TART-1)                                           #
#                            -Z(CODE)BANK_RELAYS,RCODE,DIFUNCT,CODE_C,CODE_N,N #
#                            EAR_CODE=_NEAR_CODE_START-(_CODEBANK_START-1)     #
#                            -P(CODE)BANKED_CODE=_NEAR_CODE_START-(_CODEBANK_S #
#                            TART-1),[(_CODEBANK_START+_FIRST_BANK_ADDR)-(_COD #
#                            EBANK_END+_FIRST_BANK_ADDR)]*_NR_OF_BANKS+10000   #
#                            -Z(CODE)CHECKSUM#(_CODEBANK_START-1)              #
#                            -Z(XDATA)EXT_STACK+_EXTENDED_STACK_SIZE=_EXTENDED #
#                            _STACK_START                                      #
#                            -Z(XDATA)PSTACK+_PDATA_STACK_SIZE=_PDATA0_START-_ #
#                            PDATA0_END                                        #
#                            -Z(XDATA)XSTACK+_XDATA_STACK_SIZE=_XDATA0_START-_ #
#                            XDATA0_END                                        #
#                            -Z(XDATA)PDATA_Z,PDATA_I=_PDATA0_START-_PDATA0_EN #
#                            D                                                 #
#                            -P(XDATA)PDATA_N=_PDATA0_START-_PDATA0_END        #
#                            -Z(XDATA)IXDATA_Z,IXDATA_I=_IXDATA0_START-_IXDATA #
#                            0_END                                             #
#                            -P(XDATA)IXDATA_N=_IXDATA0_START-_IXDATA0_END     #
#                            -Z(XDATA)XDATA_Z,XDATA_I=_XDATA0_START-_XDATA0_EN #
#                            D                                                 #
#                            -P(XDATA)XDATA_N=_XDATA0_START-_XDATA0_END        #
#                            -Z(XDATA)XDATA_HEAP+_XDATA_HEAP_SIZE=_XDATA0_STAR #
#                            T-_XDATA0_END                                     #
#                            -Z(CONST)XDATA_ROM_C=_XDATA0_START-_XDATA0_END    #
#                            -cx51                                             #
#                            -M(CODE)[(_CODEBANK_START+_FIRST_BANK_ADDR)-(_COD #
#                            EBANK_END+_FIRST_BANK_ADDR)]*_NR_OF_BANKS+0x10000 #
#                            =0x8000                                           #
#                            -ww69=i -D_BANK0_START=0x00000                    #
#                            -D_BANK0_END=0x07FFF -D_BANK1_START=0x18000       #
#                            -D_BANK1_END=0x1FFFF -D_BANK2_START=0x28000       #
#                            -D_BANK2_END=0x2FFFF -D_BANK3_START=0x38000       #
#                            -D_BANK3_END=0x3FFFF -D_BANK4_START=0x48000       #
#                            -D_BANK4_END=0x4FFFF -D_BANK5_START=0x58000       #
#                            -D_BANK5_END=0x5FFFF -D_BANK6_START=0x68000       #
#                            -D_BANK6_END=0x6FFFF -D_BANK7_START=0x78000       #
#                            -D_BANK7_END=0x7FFFF                              #
#                            -P(CODE)BANK0=_BANK0_START-_BANK0_END             #
#                            -P(CODE)BANK1=_BANK1_START-_BANK1_END             #
#                            -P(CODE)BANK2=_BANK2_START-_BANK2_END             #
#                            -P(CODE)BANK3=_BANK3_START-_BANK3_END             #
#                            -P(CODE)BANK4=_BANK4_START-_BANK4_END             #
#                            -P(CODE)BANK5=_BANK5_START-_BANK5_END             #
#                            -P(CODE)BANK6=_BANK6_START-_BANK6_END             #
#                            -P(CODE)BANK7=_BANK7_START-_BANK7_END             #
#                            -D_FLASH_LOCK_BITS_START=0x7FFF0                  #
#                            -D_FLASH_LOCK_BITS_END=0x7FFFF                    #
#                            -Z(CODE)FLASH_LOCK_BITS=_FLASH_LOCK_BITS_START-_F #
#                            LASH_LOCK_BITS_END                                #
#                            -U(CODE)0x0000=(CODE)_FLASH_LOCK_BITS_START-_FLAS #
#                            H_LOCK_BITS_END)                                  #
#                            -e?BCALL_FF=?BCALL -e?BRET_FF=?BRET               #
#                            -e?BDISPATCH_FF=?BDISPATCH                        #
#                            -D_NR_OF_VIRTUAL_REGISTERS=8 -D?PBANK=0x93        #
#                            -e_medium_write=_formatted_write                  #
#                            -e_medium_read=_formatted_read -rt                #
#                            "-Ointel-extended=H:\zigbee reach\webeeÕ≈∂”◊ ¡œ\Œ #
#                            ﬁœﬂµ„µ∆ µ—ÈΩ≤Ω‚\CC2530-BasicRF\CC2530 BasicRF\ide #
#                            \srf05_cc2530\iar\per_test.hex"                   #
#                            -s __program_start                                #
#                            "C:\Program Files\IAR Systems\Embedded Workbench  #
#                            5.4\8051\LIB\CLIB\cl-pli-blxd-1e16x01.r51"        #
#                            -D_IDATA_STACK_SIZE=0x40                          #
#                            -D_EXTENDED_STACK_START=0x00                      #
#                            -D_EXTENDED_STACK_SIZE=0x00                       #
#                            -D_PDATA_STACK_SIZE=0x80                          #
#                            -D_XDATA_STACK_SIZE=0x100                         #
#                            -D_XDATA_HEAP_SIZE=0xFF -D_FAR_HEAP_SIZE=0xFFF    #
#                            -D_HUGE_HEAP_SIZE=0xFFF                           #
#                            -D_FAR22_HEAP_SIZE=0xFFF                          #
#                                                                              #
#                           Copyright (C) 1987-2010 IAR Systems AB.            #
################################################################################





                ****************************************
                *                                      *
                *           CROSS REFERENCE            *
                *                                      *
                ****************************************

       Program entry at : CODE      000000E3  Relocatable, from module : CSTARTUP




                ****************************************
                *                                      *
                *            RUNTIME MODEL             *
                *                                      *
                ****************************************

  __calling_convention     = xdata_reentrant
  __code_model             = banked
  __core                   = plain
  __data_model             = large
  __dptr_size              = 16
  __extended_stack         = disabled
  __location_for_constants = data
  __number_of_dptrs        = 1
  __rt_version             = 1



                ****************************************
                *                                      *
                *              MODULE MAP              *
                *                                      *
                ****************************************


  DEFINED ABSOLUTE ENTRIES
    *************************************************************************

  DEFINED ABSOLUTE ENTRIES
  PROGRAM MODULE, NAME : ?ABS_ENTRY_MOD

Absolute parts
           ENTRY                   ADDRESS         REF BY
           =====                   =======         ======
           _FAR22_HEAP_SIZE        00000FFF 
           _HUGE_HEAP_SIZE         00000FFF 
           _FAR_HEAP_SIZE          00000FFF 
           _XDATA_HEAP_SIZE        000000FF 
           _XDATA_STACK_SIZE       00000100 
           _PDATA_STACK_SIZE       00000080 
           _EXTENDED_STACK_SIZE    00000000 
           _EXTENDED_STACK_START   00000000 
           _IDATA_STACK_SIZE       00000040 
           ?PBANK                  00000093 
           _NR_OF_VIRTUAL_REGISTERS
                                   00000008 
           _FLASH_LOCK_BITS_END    0003FFFF 
           _FLASH_LOCK_BITS_START
                                   0003FFF0 
           _BANK7_END              0003FFFF 
           _BANK7_START            00038000 
           _BANK6_END              00037FFF 
           _BANK6_START            00030000 
           _BANK5_END              0002FFFF 
           _BANK5_START            00028000 
           _BANK4_END              00027FFF 
           _BANK4_START            00020000 
           _BANK3_END              0001FFFF 
           _BANK3_START            00018000 
           _BANK2_END              00017FFF 
           _BANK2_START            00010000 
           _BANK1_END              0000FFFF 
           _BANK1_START            00008000 
           _BANK0_END              00007FFF 
           _BANK0_START            00000000 
           ?ESP                    0000009B 
           ?VB                     00000020        ?BANKED_ENTER_XDATA (?BANKED_ENTER_XDATA)
                                                   ?BANKED_LEAVE_XDATA (?BANKED_LEAVE_XDATA)
                                                   ?INTERRUPT_ENTER_XSP (?INTERRUPT_ENTER_XSP)
                                                   ?INTERRUPT_LEAVE_XSP (?INTERRUPT_LEAVE_XSP)
           _BREG_START             00000000 
           ?PBANK_NUMBER           0000001E 
           _REGISTER_BANK_START    00000000 
           ?REGISTER_BANK          00000000        Segment part 6 (CSTARTUP)
           _FIRST_BANK_ADDR        00010000 
           _NEAR_CODE_START        00000000 
           _XDATA0_END             00001EFF 
           _XDATA0_START           00000001 
           _IXDATA0_END            00001EFF 
           _IXDATA0_START          00000001 
           _PDATA0_END             00001EFF 
           _PDATA0_START           00001E00 
           _IDATA0_END             000000FF 
           _IDATA0_START           00000000 
           ?CBANK                  0000009F        ?RESET_CODE_BANK (CSTARTUP)
                                                   Segment part 0 (?BANKED_CODE_SUPPORT)
           ?CBANK_MASK             000000FF 
           _CODEBANK_START         00008000 
           _CODEBANK_END           0000FFFF 
           _NR_OF_BANKS            00000007 
    *************************************************************************

  FILE NAME : H:\zigbee reach\webeeÕ≈∂”◊ ¡œ\Œﬁœﬂµ„µ∆ µ—ÈΩ≤Ω‚\CC2530-BasicRF\CC2530 BasicRF\ide\srf05_cc2530\iar\temp\per_test\adc.r51
    *************************************************************************

  FILE NAME : H:\zigbee reach\webeeÕ≈∂”◊ ¡œ\Œﬁœﬂµ„µ∆ µ—ÈΩ≤Ω‚\CC2530-BasicRF\CC2530 BasicRF\ide\srf05_cc2530\iar\temp\per_test\basic_rf.r51
  PROGRAM MODULE, NAME : basic_rf

  SEGMENTS IN THE MODULE
  ======================
XDATA_I
  Relative segment, address: XDATA 000002B5 - 000002BA (0x6 bytes), align: 0
  Segment part 55.            Intra module refs:   Segment part 185
    -------------------------------------------------------------------------
XDATA_I
  Relative segment, address: XDATA 000002BB - 000002BF (0x5 bytes), align: 0
  Segment part 57.            Intra module refs:   Segment part 185
    -------------------------------------------------------------------------
XDATA_I
  Relative segment, address: XDATA 000002C0 - 000002C4 (0x5 bytes), align: 0
  Segment part 59.            Intra module refs:   Segment part 185
    -------------------------------------------------------------------------
XDATA_I
  Relative segment, address: XDATA 000002C5 - 000002D2 (0xe bytes), align: 0
  Segment part 61.            Intra module refs:   Segment part 207
    -------------------------------------------------------------------------
XDATA_I
  Relative segment, address: XDATA 000002D3 - 000002E0 (0xe bytes), align: 0
  Segment part 63.            Intra module refs:   Segment part 207
    -------------------------------------------------------------------------
XDATA_I
  Relative segment, address: XDATA 000002E1 - 000002EE (0xe bytes), align: 0
  Segment part 65.            Intra module refs:   Segment part 207
    -------------------------------------------------------------------------
XDATA_I
  Relative segment, address: XDATA 000002EF - 000002FC (0xe bytes), align: 0
  Segment part 67.            Intra module refs:   Segment part 207
    -------------------------------------------------------------------------
XDATA_I
  Relative segment, address: XDATA 000002FD - 0000030A (0xe bytes), align: 0
  Segment part 69.            Intra module refs:   Segment part 207
    -------------------------------------------------------------------------
XDATA_I
  Relative segment, address: XDATA 0000030B - 00000318 (0xe bytes), align: 0
  Segment part 71.            Intra module refs:   Segment part 207
    -------------------------------------------------------------------------
XDATA_I
  Relative segment, address: XDATA 00000319 - 00000326 (0xe bytes), align: 0
  Segment part 73.            Intra module refs:   Segment part 207
    -------------------------------------------------------------------------
XDATA_I
  Relative segment, address: XDATA 00000327 - 00000334 (0xe bytes), align: 0
  Segment part 75.            Intra module refs:   Segment part 207
    -------------------------------------------------------------------------
XDATA_I
  Relative segment, address: XDATA 00000335 - 00000342 (0xe bytes), align: 0
  Segment part 77.            Intra module refs:   Segment part 207
    -------------------------------------------------------------------------
XDATA_I
  Relative segment, address: XDATA 00000343 - 00000350 (0xe bytes), align: 0
  Segment part 79.            Intra module refs:   Segment part 207
    -------------------------------------------------------------------------
XDATA_I
  Relative segment, address: XDATA 00000351 - 0000035E (0xe bytes), align: 0
  Segment part 81.            Intra module refs:   Segment part 207
    -------------------------------------------------------------------------
XDATA_I
  Relative segment, address: XDATA 0000035F - 0000036C (0xe bytes), align: 0
  Segment part 83.            Intra module refs:   Segment part 207
    -------------------------------------------------------------------------
XDATA_I
  Relative segment, address: XDATA 0000036D - 0000037A (0xe bytes), align: 0
  Segment part 85.            Intra module refs:   Segment part 207
    -------------------------------------------------------------------------
XDATA_I
  Relative segment, address: XDATA 0000037B - 00000388 (0xe bytes), align: 0
  Segment part 87.            Intra module refs:   Segment part 207
    -------------------------------------------------------------------------
XDATA_I
  Relative segment, address: XDATA 00000389 - 00000396 (0xe bytes), align: 0
  Segment part 89.            Intra module refs:   Segment part 207
    -------------------------------------------------------------------------
XDATA_I
  Relative segment, address: XDATA 00000397 - 000003A4 (0xe bytes), align: 0
  Segment part 91.            Intra module refs:   Segment part 207
    -------------------------------------------------------------------------
XDATA_I
  Relative segment, address: XDATA 000003A5 - 000003B0 (0xc bytes), align: 0
  Segment part 93.            Intra module refs:   Segment part 211
    -------------------------------------------------------------------------
XDATA_I
  Relative segment, address: XDATA 000003B1 - 000003B9 (0x9 bytes), align: 0
  Segment part 95.            Intra module refs:   Segment part 211
    -------------------------------------------------------------------------
XDATA_I
  Relative segment, address: XDATA 000003BA - 000003C3 (0xa bytes), align: 0
  Segment part 97.            Intra module refs:   Segment part 215
    -------------------------------------------------------------------------
XDATA_I
  Relative segment, address: XDATA 000003C4 - 000003CE (0xb bytes), align: 0
  Segment part 99.            Intra module refs:   Segment part 215
    -------------------------------------------------------------------------
XDATA_I
  Relative segment, address: XDATA 000003CF - 000003DA (0xc bytes), align: 0
  Segment part 101.           Intra module refs:   Segment part 215
    -------------------------------------------------------------------------
XDATA_I
  Relative segment, address: XDATA 000003DB - 000003E7 (0xd bytes), align: 0
  Segment part 103.           Intra module refs:   Segment part 215
    -------------------------------------------------------------------------
XDATA_I
  Relative segment, address: XDATA 000003E8 - 000003F2 (0xb bytes), align: 0
  Segment part 105.           Intra module refs:   Segment part 221
    -------------------------------------------------------------------------
XDATA_I
  Relative segment, address: XDATA 000003F3 - 000003FC (0xa bytes), align: 0
  Segment part 107.           Intra module refs:   Segment part 221
    -------------------------------------------------------------------------
XDATA_I
  Relative segment, address: XDATA 000003FD - 00000406 (0xa bytes), align: 0
  Segment part 109.           Intra module refs:   Segment part 221
    -------------------------------------------------------------------------
XDATA_I
  Relative segment, address: XDATA 00000407 - 00000410 (0xa bytes), align: 0
  Segment part 111.           Intra module refs:   Segment part 221
    -------------------------------------------------------------------------
XDATA_I
  Relative segment, address: XDATA 00000411 - 00000415 (0x5 bytes), align: 0
  Segment part 113.           Intra module refs:   utilPrintLogo
    -------------------------------------------------------------------------
XDATA_I
  Relative segment, address: XDATA 00000416 - 0000041A (0x5 bytes), align: 0
  Segment part 115.           Intra module refs:   utilPrintLogo
    -------------------------------------------------------------------------
XDATA_I
  Relative segment, address: XDATA 0000041B - 0000041F (0x5 bytes), align: 0
  Segment part 117.           Intra module refs:   utilPrintLogo
    -------------------------------------------------------------------------
XDATA_I
  Relative segment, address: XDATA 00000420 - 00000424 (0x5 bytes), align: 0
  Segment part 119.           Intra module refs:   utilPrintLogo
    -------------------------------------------------------------------------
XDATA_I
  Relative segment, address: XDATA 00000425 - 00000429 (0x5 bytes), align: 0
  Segment part 121.           Intra module refs:   utilPrintLogo
    -------------------------------------------------------------------------
XDATA_I
  Relative segment, address: XDATA 0000042A - 0000042E (0x5 bytes), align: 0
  Segment part 123.           Intra module refs:   utilPrintLogo
    -------------------------------------------------------------------------
XDATA_I
  Relative segment, address: XDATA 0000042F - 00000433 (0x5 bytes), align: 0
  Segment part 125.           Intra module refs:   utilPrintLogo
    -------------------------------------------------------------------------
XDATA_I
  Relative segment, address: XDATA 00000434 - 00000438 (0x5 bytes), align: 0
  Segment part 127.           Intra module refs:   utilPrintLogo
    -------------------------------------------------------------------------
XDATA_I
  Relative segment, address: XDATA 00000439 - 0000043D (0x5 bytes), align: 0
  Segment part 129.           Intra module refs:   utilPrintLogo
    -------------------------------------------------------------------------
XDATA_I
  Relative segment, address: XDATA 0000043E - 00000442 (0x5 bytes), align: 0
  Segment part 131.           Intra module refs:   utilPrintLogo
    -------------------------------------------------------------------------
XDATA_I
  Relative segment, address: XDATA 00000443 - 00000447 (0x5 bytes), align: 0
  Segment part 133.           Intra module refs:   utilPrintLogo
    -------------------------------------------------------------------------
XDATA_I
  Relative segment, address: XDATA 00000448 - 00000455 (0xe bytes), align: 0
  Segment part 135.           Intra module refs:   utilPrintLogo
    -------------------------------------------------------------------------
XDATA_I
  Relative segment, address: XDATA 00000456 - 00000473 (0x1e bytes), align: 0
  Segment part 137.           Intra module refs:   utilPrintLogo
    -------------------------------------------------------------------------
XDATA_I
  Relative segment, address: XDATA 00000474 - 0000047D (0xa bytes), align: 0
  Segment part 139.           Intra module refs:   utilPrintLogo
    -------------------------------------------------------------------------
XDATA_I
  Relative segment, address: XDATA 0000047E - 00000488 (0xb bytes), align: 0
  Segment part 142.           Intra module refs:   appReceiver
                                                   appTransmitter
                                                   main
    -------------------------------------------------------------------------
XDATA_I
  Relative segment, address: XDATA 00000489 - 00000491 (0x9 bytes), align: 0
  Segment part 144.           Intra module refs:   appReceiver
    -------------------------------------------------------------------------
XDATA_I
  Relative segment, address: XDATA 00000492 - 00000497 (0x6 bytes), align: 0
  Segment part 146.           Intra module refs:   appReceiver
    -------------------------------------------------------------------------
XDATA_I
  Relative segment, address: XDATA 00000498 - 0000049D (0x6 bytes), align: 0
  Segment part 148.           Intra module refs:   appReceiver
    -------------------------------------------------------------------------
XDATA_I
  Relative segment, address: XDATA 0000049E - 000004A4 (0x7 bytes), align: 0
  Segment part 150.           Intra module refs:   appReceiver
    -------------------------------------------------------------------------
XDATA_I
  Relative segment, address: XDATA 000004A5 - 000004AB (0x7 bytes), align: 0
  Segment part 152.           Intra module refs:   appReceiver
    -------------------------------------------------------------------------
XDATA_I
  Relative segment, address: XDATA 000004AC - 000004AF (0x4 bytes), align: 0
  Segment part 154.           Intra module refs:   appReceiver
    -------------------------------------------------------------------------
XDATA_I
  Relative segment, address: XDATA 000004B0 - 000004B8 (0x9 bytes), align: 0
  Segment part 156.           Intra module refs:   appReceiver
    -------------------------------------------------------------------------
XDATA_I
  Relative segment, address: XDATA 000004B9 - 000004C6 (0xe bytes), align: 0
  Segment part 158.           Intra module refs:   appTransmitter
    -------------------------------------------------------------------------
XDATA_I
  Relative segment, address: XDATA 000004C7 - 000004D1 (0xb bytes), align: 0
  Segment part 160.           Intra module refs:   appTransmitter
    -------------------------------------------------------------------------
XDATA_I
  Relative segment, address: XDATA 000004D2 - 000004DD (0xc bytes), align: 0
  Segment part 162.           Intra module refs:   appTransmitter
    -------------------------------------------------------------------------
XDATA_I
  Relative segment, address: XDATA 000004DE - 000004E4 (0x7 bytes), align: 0
  Segment part 164.           Intra module refs:   appTransmitter
    -------------------------------------------------------------------------
XDATA_I
  Relative segment, address: XDATA 000004E5 - 000004ED (0x9 bytes), align: 0
  Segment part 166.           Intra module refs:   appTransmitter
    -------------------------------------------------------------------------
XDATA_I
  Relative segment, address: XDATA 000004EE - 000004F7 (0xa bytes), align: 0
  Segment part 168.           Intra module refs:   main
    -------------------------------------------------------------------------
XDATA_I
  Relative segment, address: XDATA 000004F8 - 00000508 (0x11 bytes), align: 0
  Segment part 170.           Intra module refs:   main
    -------------------------------------------------------------------------
XDATA_I
  Relative segment, address: XDATA 00000509 - 00000516 (0xe bytes), align: 0
  Segment part 172.           Intra module refs:   appTransmitter
    -------------------------------------------------------------------------
XDATA_I
  Relative segment, address: XDATA 00000517 - 00000523 (0xd bytes), align: 0
  Segment part 174.           Intra module refs:   appTransmitter
    -------------------------------------------------------------------------
XDATA_I
  Relative segment, address: XDATA 00000524 - 00000535 (0x12 bytes), align: 0
  Segment part 176.           Intra module refs:   appTransmitter
    -------------------------------------------------------------------------
XDATA_I
  Relative segment, address: XDATA 00000536 - 00000541 (0xc bytes), align: 0
  Segment part 178.           Intra module refs:   appReceiver
                                                   basicRfInit
                                                   basicRfRxFrmDoneIsr
           LOCAL                   ADDRESS         
           =====                   =======         
           rxi                     00000536 
    -------------------------------------------------------------------------
XDATA_Z
  Relative segment, address: XDATA 00000101 - 00000140 (0x40 bytes), align: 0
  Segment part 141.           Intra module refs:   appReceiver
    -------------------------------------------------------------------------
XDATA_Z
  Relative segment, address: XDATA 00000141 - 00000147 (0x7 bytes), align: 0
  Segment part 180.           Intra module refs:   appReceiver
                                                   appTransmitter
                                                   basicRfInit
                                                   basicRfRxFrmDoneIsr
                                                   basicRfSendPacket
           LOCAL                   ADDRESS         
           =====                   =======         
           txState                 00000141 
    -------------------------------------------------------------------------
XDATA_Z
  Relative segment, address: XDATA 00000148 - 00000149 (0x2 bytes), align: 0
  Segment part 181.           Intra module refs:   ?Subroutine11
                                                   ?Subroutine27
                                                   basicRfInit
           LOCAL                   ADDRESS         
           =====                   =======         
           pConfig                 00000148 
    -------------------------------------------------------------------------
XDATA_Z
  Relative segment, address: XDATA 0000014A - 000001BC (0x73 bytes), align: 0
  Segment part 182.           Intra module refs:   basicRfSendPacket
           LOCAL                   ADDRESS         
           =====                   =======         
           txMpdu                  0000014A 
    -------------------------------------------------------------------------
XDATA_Z
  Relative segment, address: XDATA 000001BD - 0000023C (0x80 bytes), align: 0
  Segment part 183.           Intra module refs:   ?Subroutine8
                                                   basicRfRxFrmDoneIsr
           LOCAL                   ADDRESS         
           =====                   =======         
           rxMpdu                  000001BD 
    -------------------------------------------------------------------------
<BANKED_CODE> 1 (was BANKED_CODE)
  Relative segment, address: CODE 000011F3 - 000012CC (0xda bytes), align: 0
  Segment part 232.           Intra module refs:   basicRfRxFrmDoneIsr::?relay
           LOCAL                   ADDRESS         
           =====                   =======         
           basicRfRxFrmDoneIsr     000011F3 
               calls direct, is indirectly called
               ISTACK = 00000000 ( 00000002 )
    -------------------------------------------------------------------------
<BANKED_CODE> 1 (was BANKED_CODE)
  Relative segment, address: CODE 000012CD - 000012DA (0xe bytes), align: 0
  Segment part 234.           Intra module refs:   basicRfRxFrmDoneIsr
           LOCAL                   ADDRESS         
           =====                   =======         
           ?Subroutine8            000012CD 
    -------------------------------------------------------------------------
<BANKED_CODE> 1 (was BANKED_CODE)
  Relative segment, address: CODE 000012DB - 00001361 (0x87 bytes), align: 0
  Segment part 235.           Intra module refs:   basicRfInit::?relay
           ENTRY                   ADDRESS         REF BY
           =====                   =======         ======
           basicRfInit             000012DB 
               calls direct
               XSTACK = 00000065 ( 0000000C )
    -------------------------------------------------------------------------
<BANKED_CODE> 1 (was BANKED_CODE)
  Relative segment, address: CODE 00001362 - 00001366 (0x5 bytes), align: 0
  Segment part 237.           Intra module refs:   basicRfInit
                                                   utilMenuSelect
                                                   utilPrintLogo
           LOCAL                   ADDRESS         
           =====                   =======         
           ?Subroutine2            00001362 
    -------------------------------------------------------------------------
<BANKED_CODE> 1 (was BANKED_CODE)
  Relative segment, address: CODE 00001367 - 00001369 (0x3 bytes), align: 0
  Segment part 238.           Intra module refs:   basicRfInit
                                                   basicRfSendPacket
           LOCAL                   ADDRESS         
           =====                   =======         
           ?Subroutine11           00001367 
    -------------------------------------------------------------------------
SFR_AN
  Relative segment, address: DATA 00000080 - 00000080 (0x1 bytes), align: 0
  Segment part 1. ROOT.       Intra module refs:   HalLcd_HW_Control
                                                   HalLcd_HW_Write
                                                   halBoardInit
                                                   halButtonPushed
                                                   halLcdInit
                                                   halLedClear
                                                   halLedSet
                                                   halLedToggle
           ENTRY                   ADDRESS         REF BY
           =====                   =======         ======
           _A_P0                   00000080 
    -------------------------------------------------------------------------
SFR_AN
  Relative segment, address: DATA 00000088 - 00000088 (0x1 bytes), align: 0
  Segment part 2. ROOT.       Intra module refs:   adcSampleSingle
           ENTRY                   ADDRESS         REF BY
           =====                   =======         ======
           _A_TCON                 00000088 
    -------------------------------------------------------------------------
SFR_AN
  Relative segment, address: DATA 00000089 - 00000089 (0x1 bytes), align: 0
  Segment part 3. ROOT.       Intra module refs:   port0_ISR
           ENTRY                   ADDRESS         REF BY
           =====                   =======         ======
           P0IFG                   00000089 
    -------------------------------------------------------------------------
SFR_AN
  Relative segment, address: DATA 0000008A - 0000008A (0x1 bytes), align: 0
  Segment part 4. ROOT.       Intra module refs:   port1_ISR
           ENTRY                   ADDRESS         REF BY
           =====                   =======         ======
           P1IFG                   0000008A 
    -------------------------------------------------------------------------
SFR_AN
  Relative segment, address: DATA 0000008B - 0000008B (0x1 bytes), align: 0
  Segment part 5. ROOT.       Intra module refs:   port2_ISR
           ENTRY                   ADDRESS         REF BY
           =====                   =======         ======
           P2IFG                   0000008B 
    -------------------------------------------------------------------------
SFR_AN
  Relative segment, address: DATA 0000008F - 0000008F (0x1 bytes), align: 0
  Segment part 6. ROOT.       Intra module refs:   halBoardInit
                                                   halButtonPushed
           ENTRY                   ADDRESS         REF BY
           =====                   =======         ======
           P0INP                   0000008F 
    -------------------------------------------------------------------------
SFR_AN
  Relative segment, address: DATA 00000090 - 00000090 (0x1 bytes), align: 0
  Segment part 7. ROOT.       Intra module refs:   HalLcd_HW_Control
                                                   HalLcd_HW_Write
                                                   halBoardInit
                                                   halLcdInit
                                                   halLedClear
                                                   halLedSet
                                                   halLedToggle
           ENTRY                   ADDRESS         REF BY
           =====                   =======         ======
           _A_P1                   00000090 
    -------------------------------------------------------------------------
SFR_AN
  Relative segment, address: DATA 00000091 - 00000091 (0x1 bytes), align: 0
  Segment part 8. ROOT.       Intra module refs:   basicRfSendPacket
           ENTRY                   ADDRESS         REF BY
           =====                   =======         ======
           RFIRQF1                 00000091 
    -------------------------------------------------------------------------
SFR_AN
  Relative segment, address: DATA 0000009A - 0000009A (0x1 bytes), align: 0
  Segment part 9. ROOT.       Intra module refs:   halRfDisableRxInterrupt
                                                   halRfEnableRxInterrupt
           ENTRY                   ADDRESS         REF BY
           =====                   =======         ======
           IEN2                    0000009A 
    -------------------------------------------------------------------------
SFR_AN
  Relative segment, address: DATA 0000009B - 0000009B (0x1 bytes), align: 0
  Segment part 10. ROOT.      Intra module refs:   rfIsr
           ENTRY                   ADDRESS         REF BY
           =====                   =======         ======
           S1CON                   0000009B 
    -------------------------------------------------------------------------
SFR_AN
  Relative segment, address: DATA 0000009D - 0000009D (0x1 bytes), align: 0
  Segment part 11. ROOT.      Intra module refs:   clockSetMainSrc
           ENTRY                   ADDRESS         REF BY
           =====                   =======         ======
           SLEEPSTA                0000009D 
    -------------------------------------------------------------------------
SFR_AN
  Relative segment, address: DATA 0000009E - 0000009E (0x1 bytes), align: 0
  Segment part 12. ROOT.      Intra module refs:   clockSelect32k
                                                   clockSetMainSrc
                                                   halBoardInit
           ENTRY                   ADDRESS         REF BY
           =====                   =======         ======
           CLKCONSTA               0000009E 
    -------------------------------------------------------------------------
SFR_AN
  Relative segment, address: DATA 000000A0 - 000000A0 (0x1 bytes), align: 0
  Segment part 13. ROOT.      Intra module refs:   halJoystickPushed
           ENTRY                   ADDRESS         REF BY
           =====                   =======         ======
           _A_P2                   000000A0 
    -------------------------------------------------------------------------
SFR_AN
  Relative segment, address: DATA 000000A8 - 000000A8 (0x1 bytes), align: 0
  Segment part 14. ROOT.      Intra module refs:   appReceiver
                                                   appTransmitter
                                                   basicRfInit
                                                   basicRfRxFrmDoneIsr
                                                   halBoardInit
                                                   rfIsr
           ENTRY                   ADDRESS         REF BY
           =====                   =======         ======
           _A_IEN0                 000000A8 
    -------------------------------------------------------------------------
SFR_AN
  Relative segment, address: DATA 000000AF - 000000AF (0x1 bytes), align: 0
  Segment part 15. ROOT.      Intra module refs:   appTransmitter
           ENTRY                   ADDRESS         REF BY
           =====                   =======         ======
           T1STAT                  000000AF 
    -------------------------------------------------------------------------
SFR_AN
  Relative segment, address: DATA 000000B6 - 000000B6 (0x1 bytes), align: 0
  Segment part 16. ROOT.      Intra module refs:   adcSampleSingle
           ENTRY                   ADDRESS         REF BY
           =====                   =======         ======
           ADCCON3                 000000B6 
    -------------------------------------------------------------------------
SFR_AN
  Relative segment, address: DATA 000000B8 - 000000B8 (0x1 bytes), align: 0
  Segment part 17. ROOT.      Intra module refs:   appStartStop
                                                   appTransmitter
           ENTRY                   ADDRESS         REF BY
           =====                   =======         ======
           _A_IEN1                 000000B8 
    -------------------------------------------------------------------------
SFR_AN
  Relative segment, address: DATA 000000BA - 000000BA (0x1 bytes), align: 0
  Segment part 18. ROOT.      Intra module refs:   adcSampleSingle
           ENTRY                   ADDRESS         REF BY
           =====                   =======         ======
           ADCL                    000000BA 
    -------------------------------------------------------------------------
SFR_AN
  Relative segment, address: DATA 000000BB - 000000BB (0x1 bytes), align: 0
  Segment part 19. ROOT.      Intra module refs:   adcSampleSingle
           ENTRY                   ADDRESS         REF BY
           =====                   =======         ======
           ADCH                    000000BB 
    -------------------------------------------------------------------------
SFR_AN
  Relative segment, address: DATA 000000BE - 000000BE (0x1 bytes), align: 0
  Segment part 20. ROOT.      Intra module refs:   clockSetMainSrc
           ENTRY                   ADDRESS         REF BY
           =====                   =======         ======
           SLEEPCMD                000000BE 
    -------------------------------------------------------------------------
SFR_AN
  Relative segment, address: DATA 000000C0 - 000000C0 (0x1 bytes), align: 0
  Segment part 21. ROOT.      Intra module refs:   port0_ISR
           ENTRY                   ADDRESS         REF BY
           =====                   =======         ======
           _A_IRCON                000000C0 
    -------------------------------------------------------------------------
SFR_AN
  Relative segment, address: DATA 000000C6 - 000000C6 (0x1 bytes), align: 0
  Segment part 22. ROOT.      Intra module refs:   clockSelect32k
                                                   clockSetMainSrc
           ENTRY                   ADDRESS         REF BY
           =====                   =======         ======
           CLKCONCMD               000000C6 
    -------------------------------------------------------------------------
SFR_AN
  Relative segment, address: DATA 000000D9 - 000000D9 (0x1 bytes), align: 0
  Segment part 23. ROOT.      Intra module refs:   basicRfSendPacket
                                                   halRfReadRxBuf
           ENTRY                   ADDRESS         REF BY
           =====                   =======         ======
           RFD                     000000D9 
    -------------------------------------------------------------------------
SFR_AN
  Relative segment, address: DATA 000000DA - 000000DA (0x1 bytes), align: 0
  Segment part 24. ROOT.      Intra module refs:   appTransmitter
           ENTRY                   ADDRESS         REF BY
           =====                   =======         ======
           T1CC0L                  000000DA 
    -------------------------------------------------------------------------
SFR_AN
  Relative segment, address: DATA 000000DB - 000000DB (0x1 bytes), align: 0
  Segment part 25. ROOT.      Intra module refs:   appTransmitter
           ENTRY                   ADDRESS         REF BY
           =====                   =======         ======
           T1CC0H                  000000DB 
    -------------------------------------------------------------------------
SFR_AN
  Relative segment, address: DATA 000000E1 - 000000E1 (0x1 bytes), align: 0
  Segment part 26. ROOT.      Intra module refs:   appReceiver
                                                   appTransmitter
                                                   basicRfSendPacket
           ENTRY                   ADDRESS         REF BY
           =====                   =======         ======
           RFST                    000000E1 
    -------------------------------------------------------------------------
SFR_AN
  Relative segment, address: DATA 000000E4 - 000000E4 (0x1 bytes), align: 0
  Segment part 27. ROOT.      Intra module refs:   appStartStop
                                                   appTransmitter
           ENTRY                   ADDRESS         REF BY
           =====                   =======         ======
           T1CTL                   000000E4 
    -------------------------------------------------------------------------
SFR_AN
  Relative segment, address: DATA 000000E5 - 000000E5 (0x1 bytes), align: 0
  Segment part 28. ROOT.      Intra module refs:   appTransmitter
           ENTRY                   ADDRESS         REF BY
           =====                   =======         ======
           T1CCTL0                 000000E5 
    -------------------------------------------------------------------------
SFR_AN
  Relative segment, address: DATA 000000E8 - 000000E8 (0x1 bytes), align: 0
  Segment part 29. ROOT.      Intra module refs:   port1_ISR
                                                   port2_ISR
           ENTRY                   ADDRESS         REF BY
           =====                   =======         ======
           _A_IRCON2               000000E8 
    -------------------------------------------------------------------------
SFR_AN
  Relative segment, address: DATA 000000E9 - 000000E9 (0x1 bytes), align: 0
  Segment part 30. ROOT.      Intra module refs:   rfIsr
           ENTRY                   ADDRESS         REF BY
           =====                   =======         ======
           RFIRQF0                 000000E9 
    -------------------------------------------------------------------------
SFR_AN
  Relative segment, address: DATA 000000F1 - 000000F1 (0x1 bytes), align: 0
  Segment part 31. ROOT.      Intra module refs:   halBoardInit
           ENTRY                   ADDRESS         REF BY
           =====                   =======         ======
           PERCFG                  000000F1 
    -------------------------------------------------------------------------
SFR_AN
  Relative segment, address: DATA 000000F2 - 000000F2 (0x1 bytes), align: 0
  Segment part 32. ROOT.      Intra module refs:   adcSampleSingle
           ENTRY                   ADDRESS         REF BY
           =====                   =======         ======
           ADCCFG                  000000F2 
    -------------------------------------------------------------------------
SFR_AN
  Relative segment, address: DATA 000000F3 - 000000F3 (0x1 bytes), align: 0
  Segment part 33. ROOT.      Intra module refs:   appTransmitter
                                                   halBoardInit
                                                   halButtonPushed
                                                   halLcdInit
           ENTRY                   ADDRESS         REF BY
           =====                   =======         ======
           P0SEL                   000000F3 
    -------------------------------------------------------------------------
SFR_AN
  Relative segment, address: DATA 000000F4 - 000000F4 (0x1 bytes), align: 0
  Segment part 34. ROOT.      Intra module refs:   halBoardInit
                                                   halLcdInit
           ENTRY                   ADDRESS         REF BY
           =====                   =======         ======
           P1SEL                   000000F4 
    -------------------------------------------------------------------------
SFR_AN
  Relative segment, address: DATA 000000F5 - 000000F5 (0x1 bytes), align: 0
  Segment part 35. ROOT.      Intra module refs:   appTransmitter
                                                   halBoardInit
           ENTRY                   ADDRESS         REF BY
           =====                   =======         ======
           P2SEL                   000000F5 
    -------------------------------------------------------------------------
SFR_AN
  Relative segment, address: DATA 000000F7 - 000000F7 (0x1 bytes), align: 0
  Segment part 36. ROOT.      Intra module refs:   appTransmitter
                                                   halBoardInit
                                                   halButtonPushed
           ENTRY                   ADDRESS         REF BY
           =====                   =======         ======
           P2INP                   000000F7 
    -------------------------------------------------------------------------
SFR_AN
  Relative segment, address: DATA 000000F8 - 000000F8 (0x1 bytes), align: 0
  Segment part 37. ROOT.      Intra module refs:   HalLcd_HW_Control
                                                   HalLcd_HW_Write
                                                   halBoardInit
           ENTRY                   ADDRESS         REF BY
           =====                   =======         ======
           _A_U1CSR                000000F8 
    -------------------------------------------------------------------------
SFR_AN
  Relative segment, address: DATA 000000F9 - 000000F9 (0x1 bytes), align: 0
  Segment part 38. ROOT.      Intra module refs:   HalLcd_HW_Control
                                                   HalLcd_HW_Write
           ENTRY                   ADDRESS         REF BY
           =====                   =======         ======
           U1DBUF                  000000F9 
    -------------------------------------------------------------------------
SFR_AN
  Relative segment, address: DATA 000000FA - 000000FA (0x1 bytes), align: 0
  Segment part 39. ROOT.      Intra module refs:   halBoardInit
           ENTRY                   ADDRESS         REF BY
           =====                   =======         ======
           U1BAUD                  000000FA 
    -------------------------------------------------------------------------
SFR_AN
  Relative segment, address: DATA 000000FB - 000000FB (0x1 bytes), align: 0
  Segment part 40. ROOT.      Intra module refs:   halBoardInit
           ENTRY                   ADDRESS         REF BY
           =====                   =======         ======
           U1UCR                   000000FB 
    -------------------------------------------------------------------------
SFR_AN
  Relative segment, address: DATA 000000FC - 000000FC (0x1 bytes), align: 0
  Segment part 41. ROOT.      Intra module refs:   halBoardInit
           ENTRY                   ADDRESS         REF BY
           =====                   =======         ======
           U1GCR                   000000FC 
    -------------------------------------------------------------------------
SFR_AN
  Relative segment, address: DATA 000000FD - 000000FD (0x1 bytes), align: 0
  Segment part 42. ROOT.      Intra module refs:   halBoardInit
                                                   halButtonPushed
                                                   halLcdInit
           ENTRY                   ADDRESS         REF BY
           =====                   =======         ======
           P0DIR                   000000FD 
    -------------------------------------------------------------------------
SFR_AN
  Relative segment, address: DATA 000000FE - 000000FE (0x1 bytes), align: 0
  Segment part 43. ROOT.      Intra module refs:   halBoardInit
                                                   halLcdInit
           ENTRY                   ADDRESS         REF BY
           =====                   =======         ======
           P1DIR                   000000FE 
    -------------------------------------------------------------------------
SFR_AN
  Relative segment, address: DATA 000000FF - 000000FF (0x1 bytes), align: 0
  Segment part 44. ROOT.      Intra module refs:   appTransmitter
                                                   halBoardInit
           ENTRY                   ADDRESS         REF BY
           =====                   =======         ======
           P2DIR                   000000FF 
    -------------------------------------------------------------------------
XDATA_I
  Relative segment, address: XDATA 00000542 - 0000054A (0x9 bytes), align: 0
  Segment part 184.           Intra module refs:   Segment part 187
           LOCAL                   ADDRESS         
           =====                   =======         
           pPowerSettings          00000542 
    -------------------------------------------------------------------------
XDATA_I
  Relative segment, address: XDATA 0000054B - 0000054D (0x3 bytes), align: 0
  Segment part 186.           Intra module refs:   appTransmitter
           ENTRY                   ADDRESS         REF BY
           =====                   =======         ======
           powerMenu               0000054B 
    -------------------------------------------------------------------------
XDATA_Z
  Relative segment, address: XDATA 0000023D - 0000023E (0x2 bytes), align: 0
  Segment part 188.           Intra module refs:   basicRfInit
                                                   rfIsr
           LOCAL                   ADDRESS         
           =====                   =======         
           pfISR                   0000023D 
    -------------------------------------------------------------------------
XDATA_I
  Relative segment, address: XDATA 0000054E - 0000054E (0x1 bytes), align: 0
  Segment part 189.           Intra module refs:   appReceiver
           LOCAL                   ADDRESS         
           =====                   =======         
           rssiOffset              0000054E 
    -------------------------------------------------------------------------
NEAR_CODE
  Relative segment, address: CODE 0000108B - 000010BD (0x33 bytes), align: 0
  Segment part 339.           Intra module refs:   rfIsr::??INTVEC 131
           ENTRY                   ADDRESS         REF BY
           =====                   =======         ======
           rfIsr                   0000108B 
               interrupt function
               ISTACK = 00000000 ( 0000000F )
    -------------------------------------------------------------------------
NEAR_CODE
  Relative segment, address: CODE 000010BE - 000010C2 (0x5 bytes), align: 0
  Segment part 340.           Intra module refs:   T1_ISR
                                                   rfIsr
           LOCAL                   ADDRESS         
           =====                   =======         
           ?Subroutine6            000010BE 
    -------------------------------------------------------------------------
XDATA_Z
  Relative segment, address: XDATA 0000023F - 00000240 (0x2 bytes), align: 0
  Segment part 191.           Intra module refs:   T1_ISR
                                                   appTransmitter
           LOCAL                   ADDRESS         
           =====                   =======         
           fptr                    0000023F 
    -------------------------------------------------------------------------
NEAR_CODE
  Relative segment, address: CODE 000010C3 - 000010DE (0x1c bytes), align: 0
  Segment part 341.           Intra module refs:   T1_ISR::??INTVEC 75
           ENTRY                   ADDRESS         REF BY
           =====                   =======         ======
           T1_ISR                  000010C3 
               interrupt function
               ISTACK = 00000000 ( 0000000F )
    -------------------------------------------------------------------------
CODE_C
  Relative segment, address: CODE 00000A8B - 0000108A (0x600 bytes), align: 0
  Segment part 192.           Intra module refs:   ?Subroutine28
           ENTRY                   ADDRESS         REF BY
           =====                   =======         ======
           ASCIITAB                00000A8B 
    -------------------------------------------------------------------------
XDATA_Z
  Relative segment, address: XDATA 00000241 - 00000250 (0x10 bytes), align: 0
  Segment part 193.           Intra module refs:   ?Subroutine22
                                                   halLcdWriteLine
           LOCAL                   ADDRESS         
           =====                   =======         
           pLcdLineBuffer          00000241 
    -------------------------------------------------------------------------
<BANKED_CODE> 1 (was BANKED_CODE)
  Relative segment, address: CODE 0000136A - 0000136D (0x4 bytes), align: 0
  Segment part 239.           Intra module refs:   ?Subroutine11
                                                   lcdWriteLine
    -------------------------------------------------------------------------
<BANKED_CODE> 1 (was BANKED_CODE)
  Relative segment, address: CODE 0000136E - 00001376 (0x9 bytes), align: 0
  Segment part 240.           Intra module refs:   ?Subroutine27
                                                   Segment part 239
           LOCAL                   ADDRESS         
           =====                   =======         
           ?Subroutine29           0000136E 
    -------------------------------------------------------------------------
<BANKED_CODE> 1 (was BANKED_CODE)
  Relative segment, address: CODE 00001377 - 00001480 (0x10a bytes), align: 0
  Segment part 241.           Intra module refs:   basicRfSendPacket::?relay
           ENTRY                   ADDRESS         REF BY
           =====                   =======         ======
           basicRfSendPacket       00001377 
               calls direct
               XSTACK = 00000014 ( 0000000B )
               ISTACK = 00000000 ( 00000001 )
    -------------------------------------------------------------------------
<BANKED_CODE> 1 (was BANKED_CODE)
  Relative segment, address: CODE 00001481 - 00001488 (0x8 bytes), align: 0
  Segment part 243.           Intra module refs:   basicRfSendPacket
           LOCAL                   ADDRESS         
           =====                   =======         
           ?Subroutine10           00001481 
    -------------------------------------------------------------------------
<BANKED_CODE> 1 (was BANKED_CODE)
  Relative segment, address: CODE 00001489 - 0000148C (0x4 bytes), align: 0
  Segment part 244.           Intra module refs:   basicRfInit
                                                   basicRfSendPacket
           LOCAL                   ADDRESS         
           =====                   =======         
           ?Subroutine9            00001489 
    -------------------------------------------------------------------------
<BANKED_CODE> 1 (was BANKED_CODE)
  Relative segment, address: CODE 0000148D - 00001492 (0x6 bytes), align: 0
  Segment part 245.           Intra module refs:   ?Subroutine9
                                                   appReceiver
                                                   basicRfInit
                                                   basicRfRxFrmDoneIsr
                                                   basicRfSendPacket
    -------------------------------------------------------------------------
<BANKED_CODE> 1 (was BANKED_CODE)
  Relative segment, address: CODE 00001493 - 0000149B (0x9 bytes), align: 0
  Segment part 246.           Intra module refs:   ?Subroutine10
                                                   ?Subroutine9
           LOCAL                   ADDRESS         
           =====                   =======         
           ?Subroutine27           00001493 
    -------------------------------------------------------------------------
<BANKED_CODE> 1 (was BANKED_CODE)
  Relative segment, address: CODE 0000149C - 000014DE (0x43 bytes), align: 0
  Segment part 247.           Intra module refs:   adcSampleSingle::?relay
           ENTRY                   ADDRESS         REF BY
           =====                   =======         ======
           adcSampleSingle         0000149C 
               XSTACK = 0000000A ( 0000000A )
    -------------------------------------------------------------------------
<BANKED_CODE> 1 (was BANKED_CODE)
  Relative segment, address: CODE 000014DF - 00001512 (0x34 bytes), align: 0
  Segment part 249.           Intra module refs:   clockSetMainSrc::?relay
           ENTRY                   ADDRESS         REF BY
           =====                   =======         ======
           clockSetMainSrc         000014DF 
    -------------------------------------------------------------------------
<BANKED_CODE> 1 (was BANKED_CODE)
  Relative segment, address: CODE 00001513 - 0000153B (0x29 bytes), align: 0
  Segment part 251.           Intra module refs:   clockSelect32k::?relay
           ENTRY                   ADDRESS         REF BY
           =====                   =======         ======
           clockSelect32k          00001513 
    -------------------------------------------------------------------------
<BANKED_CODE> 1 (was BANKED_CODE)
  Relative segment, address: CODE 0000153C - 0000156E (0x33 bytes), align: 0
  Segment part 253.           Intra module refs:   halMcuWaitUs::?relay
           ENTRY                   ADDRESS         REF BY
           =====                   =======         ======
           halMcuWaitUs            0000153C 
               XSTACK = 0000000B ( 00000000 )
    -------------------------------------------------------------------------
<BANKED_CODE> 1 (was BANKED_CODE)
  Relative segment, address: CODE 0000156F - 0000159B (0x2d bytes), align: 0
  Segment part 255.           Intra module refs:   halMcuWaitMs::?relay
           ENTRY                   ADDRESS         REF BY
           =====                   =======         ======
           halMcuWaitMs            0000156F 
               calls direct
               XSTACK = 0000000A ( 00000009 )
    -------------------------------------------------------------------------
<BANKED_CODE> 1 (was BANKED_CODE)
  Relative segment, address: CODE 0000159C - 000015BF (0x24 bytes), align: 0
  Segment part 257.           Intra module refs:   halRfInit::?relay
           ENTRY                   ADDRESS         REF BY
           =====                   =======         ======
           halRfInit               0000159C 
               calls direct
               XSTACK = 0000000C ( 00000000 )
               ISTACK = 00000000 ( 00000002 )
    -------------------------------------------------------------------------
<BANKED_CODE> 1 (was BANKED_CODE)
  Relative segment, address: CODE 000015C0 - 000015D8 (0x19 bytes), align: 0
  Segment part 259.           Intra module refs:   halRfReadRxBuf::?relay
           ENTRY                   ADDRESS         REF BY
           =====                   =======         ======
           halRfReadRxBuf          000015C0 
               ISTACK = 00000000 ( 00000003 )
    -------------------------------------------------------------------------
<BANKED_CODE> 1 (was BANKED_CODE)
  Relative segment, address: CODE 000015D9 - 000015E9 (0x11 bytes), align: 0
  Segment part 261.           Intra module refs:   halRfDisableRxInterrupt::?relay
           ENTRY                   ADDRESS         REF BY
           =====                   =======         ======
           halRfDisableRxInterrupt
                                   000015D9 
               XSTACK = 0000000B ( 00000000 )
               ISTACK = 00000000 ( 00000002 )
    -------------------------------------------------------------------------
<BANKED_CODE> 1 (was BANKED_CODE)
  Relative segment, address: CODE 000015EA - 000015FA (0x11 bytes), align: 0
  Segment part 263.           Intra module refs:   halRfEnableRxInterrupt::?relay
           ENTRY                   ADDRESS         REF BY
           =====                   =======         ======
           halRfEnableRxInterrupt
                                   000015EA 
               XSTACK = 0000000B ( 00000000 )
               ISTACK = 00000000 ( 00000002 )
    -------------------------------------------------------------------------
<BANKED_CODE> 1 (was BANKED_CODE)
  Relative segment, address: CODE 000015FB - 00001606 (0xc bytes), align: 0
  Segment part 265.           Intra module refs:   HalLcd_HW_Control::?relay
           LOCAL                   ADDRESS         
           =====                   =======         
           HalLcd_HW_Control       000015FB 
               XSTACK = 00000009 ( 00000000 )
    -------------------------------------------------------------------------
<BANKED_CODE> 1 (was BANKED_CODE)
  Relative segment, address: CODE 00001607 - 0000160F (0x9 bytes), align: 0
  Segment part 267.           Intra module refs:   HalLcd_HW_Control
                                                   HalLcd_HW_Write
           LOCAL                   ADDRESS         
           =====                   =======         
           ?Subroutine0            00001607 
    -------------------------------------------------------------------------
<BANKED_CODE> 1 (was BANKED_CODE)
  Relative segment, address: CODE 00001610 - 0000161D (0xe bytes), align: 0
  Segment part 268.           Intra module refs:   HalLcd_HW_Write::?relay
           LOCAL                   ADDRESS         
           =====                   =======         
           HalLcd_HW_Write         00001610 
               XSTACK = 00000012 ( 00000000 )
    -------------------------------------------------------------------------
<BANKED_CODE> 1 (was BANKED_CODE)
  Relative segment, address: CODE 0000161E - 000016D7 (0xba bytes), align: 0
  Segment part 270.           Intra module refs:   lcdWriteLine::?relay
           LOCAL                   ADDRESS         
           =====                   =======         
           lcdWriteLine            0000161E 
               calls direct
               XSTACK = 0000000A ( 00000012 )
    -------------------------------------------------------------------------
<BANKED_CODE> 1 (was BANKED_CODE)
  Relative segment, address: CODE 000016D8 - 000016DF (0x8 bytes), align: 0
  Segment part 272.           Intra module refs:   convInt32ToText
                                                   lcdWriteLine
           LOCAL                   ADDRESS         
           =====                   =======         
           ?Subroutine4            000016D8 
    -------------------------------------------------------------------------
<BANKED_CODE> 1 (was BANKED_CODE)
  Relative segment, address: CODE 000016E0 - 000016E8 (0x9 bytes), align: 0
  Segment part 273.           Intra module refs:   lcdWriteLine
           LOCAL                   ADDRESS         
           =====                   =======         
           ?Subroutine18           000016E0 
    -------------------------------------------------------------------------
<BANKED_CODE> 1 (was BANKED_CODE)
  Relative segment, address: CODE 000016E9 - 000016FE (0x16 bytes), align: 0
  Segment part 274.           Intra module refs:   lcdWriteLine
           LOCAL                   ADDRESS         
           =====                   =======         
           ?Subroutine16           000016E9 
    -------------------------------------------------------------------------
<BANKED_CODE> 1 (was BANKED_CODE)
  Relative segment, address: CODE 000016FF - 0000171F (0x21 bytes), align: 0
  Segment part 275.           Intra module refs:   SET_DDRAM_ADDR::?relay
           LOCAL                   ADDRESS         
           =====                   =======         
           SET_DDRAM_ADDR          000016FF 
               calls direct
               XSTACK = 00000012 ( 00000009 )
    -------------------------------------------------------------------------
<BANKED_CODE> 1 (was BANKED_CODE)
  Relative segment, address: CODE 00001720 - 00001724 (0x5 bytes), align: 0
  Segment part 277.           Intra module refs:   SET_DDRAM_ADDR
                                                   halLcdClear
           LOCAL                   ADDRESS         
           =====                   =======         
           ?Subroutine5            00001720 
    -------------------------------------------------------------------------
<BANKED_CODE> 1 (was BANKED_CODE)
  Relative segment, address: CODE 00001725 - 00001782 (0x5e bytes), align: 0
  Segment part 278.           Intra module refs:   halLcdInit::?relay
           ENTRY                   ADDRESS         REF BY
           =====                   =======         ======
           halLcdInit              00001725 
               calls direct
               ISTACK = 00000000 ( 00000002 )
    -------------------------------------------------------------------------
<BANKED_CODE> 1 (was BANKED_CODE)
  Relative segment, address: CODE 00001783 - 000017A8 (0x26 bytes), align: 0
  Segment part 280.           Intra module refs:   halLcdClear::?relay
           ENTRY                   ADDRESS         REF BY
           =====                   =======         ======
           halLcdClear             00001783 
               calls direct
               XSTACK = 00000065 ( 00000009 )
    -------------------------------------------------------------------------
<BANKED_CODE> 1 (was BANKED_CODE)
  Relative segment, address: CODE 000017A9 - 00001807 (0x5f bytes), align: 0
  Segment part 282.           Intra module refs:   halLcdWriteChar::?relay
           ENTRY                   ADDRESS         REF BY
           =====                   =======         ======
           halLcdWriteChar         000017A9 
               calls direct
               XSTACK = 0000000C ( 0000000E )
    -------------------------------------------------------------------------
<BANKED_CODE> 1 (was BANKED_CODE)
  Relative segment, address: CODE 00001808 - 00001817 (0x10 bytes), align: 0
  Segment part 284.           Intra module refs:   halLcdWriteChar
           LOCAL                   ADDRESS         
           =====                   =======         
           ?Subroutine21           00001808 
    -------------------------------------------------------------------------
<BANKED_CODE> 1 (was BANKED_CODE)
  Relative segment, address: CODE 00001818 - 00001820 (0x9 bytes), align: 0
  Segment part 285.           Intra module refs:   halLcdWriteChar
           LOCAL                   ADDRESS         
           =====                   =======         
           ?Subroutine19           00001818 
    -------------------------------------------------------------------------
<BANKED_CODE> 1 (was BANKED_CODE)
  Relative segment, address: CODE 00001821 - 00001834 (0x14 bytes), align: 0
  Segment part 286.           Intra module refs:   halLcdWriteChar
           LOCAL                   ADDRESS         
           =====                   =======         
           ?Subroutine17           00001821 
    -------------------------------------------------------------------------
<BANKED_CODE> 1 (was BANKED_CODE)
  Relative segment, address: CODE 00001835 - 00001846 (0x12 bytes), align: 0
  Segment part 287.           Intra module refs:   ?Subroutine16
                                                   ?Subroutine17
           LOCAL                   ADDRESS         
           =====                   =======         
           ?Subroutine28           00001835 
    -------------------------------------------------------------------------
<BANKED_CODE> 1 (was BANKED_CODE)
  Relative segment, address: CODE 00001847 - 00001883 (0x3d bytes), align: 0
  Segment part 288.           Intra module refs:   halLcdWriteLine::?relay
           ENTRY                   ADDRESS         REF BY
           =====                   =======         ======
           halLcdWriteLine         00001847 
               calls direct
               XSTACK = 00000038 ( 0000000A )
               ISTACK = 00000000 ( 00000001 )
    -------------------------------------------------------------------------
<BANKED_CODE> 1 (was BANKED_CODE)
  Relative segment, address: CODE 00001884 - 00001891 (0xe bytes), align: 0
  Segment part 290.           Intra module refs:   halLcdWriteLine
           LOCAL                   ADDRESS         
           =====                   =======         
           ?Subroutine22           00001884 
    -------------------------------------------------------------------------
<BANKED_CODE> 1 (was BANKED_CODE)
  Relative segment, address: CODE 00001892 - 000018CF (0x3e bytes), align: 0
  Segment part 291.           Intra module refs:   halLcdWriteLines::?relay
           ENTRY                   ADDRESS         REF BY
           =====                   =======         ======
           halLcdWriteLines        00001892 
               calls direct
               XSTACK = 00000067 ( 0000000A )
[...]
                                                   halLcdClear (basic_rf)
                                                   halLcdWriteChar (basic_rf)
                                                   halLcdWriteLine (basic_rf)
                                                   halLcdWriteLines (basic_rf)
                                                   halMcuWaitMs (basic_rf)
                                                   lcdWriteLine (basic_rf)
                                                   memcpy (?memcpy)
                                                   strcat (?strcat)
                                                   strncpy (?strncpy)
                                                   utilLcdDisplayValue (basic_rf)
                                                   utilMenuSelect (basic_rf)
                                                   utilPrintLogo (basic_rf)

    -------------------------------------------------------------------------
  LIBRARY MODULE, NAME : ?BANKED_LEAVE_XDATA

  SEGMENTS IN THE MODULE
  ======================
RCODE
  Relative segment, address: CODE 000008C7 - 00000904 (0x3e bytes), align: 0
  Segment part 1.
           ENTRY                   ADDRESS         REF BY
           =====                   =======         ======
           ?BANKED_LEAVE_XDATA     000008C7        ?Subroutine2 (basic_rf)
                                                   ?Subroutine3 (basic_rf)
                                                   ?Subroutine4 (basic_rf)
                                                   ?Subroutine5 (basic_rf)
                                                   basicRfSendPacket (basic_rf)
                                                   halLcdWriteChar (basic_rf)
                                                   halMcuWaitMs (basic_rf)
                                                   memcpy (?memcpy)
                                                   strcat (?strcat)
                                                   strncpy (?strncpy)
                                                   utilLcdDisplayValue (basic_rf)

    -------------------------------------------------------------------------
  LIBRARY MODULE, NAME : ?INTERRUPT_ENTER_XSP

  SEGMENTS IN THE MODULE
  ======================
RCODE
  Relative segment, address: CODE 00000905 - 00000963 (0x5f bytes), align: 0
  Segment part 1.
           ENTRY                   ADDRESS         REF BY
           =====                   =======         ======
           ?INTERRUPT_ENTER_XSP    00000905        T1_ISR (basic_rf)
                                                   port0_ISR (basic_rf)
                                                   port1_ISR (basic_rf)
                                                   port2_ISR (basic_rf)
                                                   rfIsr (basic_rf)

    -------------------------------------------------------------------------
  LIBRARY MODULE, NAME : ?INTERRUPT_LEAVE_XSP

  SEGMENTS IN THE MODULE
  ======================
RCODE
  Relative segment, address: CODE 00000964 - 000009B3 (0x50 bytes), align: 0
  Segment part 1.
           ENTRY                   ADDRESS         REF BY
           =====                   =======         ======
           ?INTERRUPT_LEAVE_XSP    00000964        ?Subroutine6 (basic_rf)
                                                   ?Subroutine7 (basic_rf)

    -------------------------------------------------------------------------
  LIBRARY MODULE, NAME : ?PUSH_XSTACK_I

  SEGMENTS IN THE MODULE
  ======================
RCODE
  Relative segment, address: CODE 000009B4 - 000009B7 (0x4 bytes), align: 0
  Segment part 0.
           ENTRY                   ADDRESS         REF BY
           =====                   =======         ======
           ?PUSH_XSTACK_I_FOUR     000009B4        appReceiver (basic_rf)
                                                   appTransmitter (basic_rf)
    -------------------------------------------------------------------------
RCODE
  Relative segment, address: CODE 000009B8 - 000009BB (0x4 bytes), align: 0
  Segment part 2.
           ENTRY                   ADDRESS         REF BY
           =====                   =======         ======
           ?PUSH_XSTACK_I_TWO      000009B8        appReceiver (basic_rf)
                                                   appTransmitter (basic_rf)
                                                   utilPrintLogo (basic_rf)
    -------------------------------------------------------------------------
RCODE
  Relative segment, address: CODE 000009BC - 000009C8 (0xd bytes), align: 0
  Segment part 4.             Intra module refs:   ?PUSH_XSTACK_I_FOUR
                                                   ?PUSH_XSTACK_I_TWO
           ENTRY                   ADDRESS         REF BY
           =====                   =======         ======
           ?PUSH_XSTACK_I          000009BC 

    -------------------------------------------------------------------------
  LIBRARY MODULE, NAME : ?PUSH_XSTACK8_X

  SEGMENTS IN THE MODULE
  ======================
RCODE
  Relative segment, address: CODE 000009C9 - 000009CC (0x4 bytes), align: 0
  Segment part 1.
           ENTRY                   ADDRESS         REF BY
           =====                   =======         ======
           ?PUSH_XSTACK8_X_FOUR    000009C9        appReceiver (basic_rf)
    -------------------------------------------------------------------------
RCODE
  Relative segment, address: CODE 000009CD - 000009F5 (0x29 bytes), align: 0
  Segment part 5.             Intra module refs:   ?PUSH_XSTACK8_X_FOUR
           ENTRY                   ADDRESS         REF BY
           =====                   =======         ======
           ?PUSH_XSTACK8_X         000009CD 

    -------------------------------------------------------------------------
  LIBRARY MODULE, NAME : ?UC_SWITCH_DENSE

  SEGMENTS IN THE MODULE
  ======================
RCODE
  Relative segment, address: CODE 000009F6 - 000009FB (0x6 bytes), align: 0
  Segment part 0.
           ENTRY                   ADDRESS         REF BY
           =====                   =======         ======
           ?UC_SWITCH_DENSE        000009F6        appTransmitter (basic_rf)
                                                   halLedClear (basic_rf)
                                                   halLedSet (basic_rf)
                                                   halLedToggle (basic_rf)
    -------------------------------------------------------------------------
RCODE
  Relative segment, address: CODE 000009FC - 00000A2A (0x2f bytes), align: 0
  Segment part 2.             Intra module refs:   ?UC_SWITCH_DENSE
    -------------------------------------------------------------------------
RCODE
  Relative segment, address: CODE 00000A2B - 00000A2B (0x1 bytes), align: 0
  Segment part 4.             Intra module refs:   ?UC_SWITCH_DENSE

    -------------------------------------------------------------------------
  LIBRARY MODULE, NAME : ?UC_SWITCH_SPARSE

  SEGMENTS IN THE MODULE
  ======================
RCODE
  Relative segment, address: CODE 00000A2C - 00000A32 (0x7 bytes), align: 0
  Segment part 0.
           ENTRY                   ADDRESS         REF BY
           =====                   =======         ======
           ?UC_SWITCH_SPARSE       00000A2C        utilPrintLogo (basic_rf)
    -------------------------------------------------------------------------
RCODE
  Relative segment, address: CODE 00000A33 - 00000A54 (0x22 bytes), align: 0
  Segment part 2.             Intra module refs:   ?UC_SWITCH_SPARSE
           ENTRY                   ADDRESS         REF BY
           =====                   =======         ======
           ?UC_SWITCH_SPARSE_LEAVE
                                   00000A49        ?UC_JMP_IF_IN_RANGE (?UC_JMP_IF_IN_RANGE)
                                                   ?UC_JMP_IF_VALUE (?UC_JMP_IF_VALUE)
    -------------------------------------------------------------------------
RCODE
  Relative segment, address: CODE 00000A55 - 00000A55 (0x1 bytes), align: 0
  Segment part 4.             Intra module refs:   ?UC_SWITCH_SPARSE

    -------------------------------------------------------------------------
  LIBRARY MODULE, NAME : ?UC_JMP_IF_IN_RANGE

  SEGMENTS IN THE MODULE
  ======================
RCODE
  Relative segment, address: CODE 00000A56 - 00000A74 (0x1f bytes), align: 0
  Segment part 0.
           ENTRY                   ADDRESS         REF BY
           =====                   =======         ======
           ?UC_JMP_IF_IN_RANGE     00000A56        ?UC_SWITCH_SPARSE_LEAVE (?UC_SWITCH_SPARSE)

    -------------------------------------------------------------------------
  LIBRARY MODULE, NAME : ?UC_JMP_IF_VALUE

  SEGMENTS IN THE MODULE
  ======================
RCODE
  Relative segment, address: CODE 00000A75 - 00000A8A (0x16 bytes), align: 0
  Segment part 0.
           ENTRY                   ADDRESS         REF BY
           =====                   =======         ======
           ?UC_JMP_IF_VALUE        00000A75        ?UC_SWITCH_SPARSE_LEAVE (?UC_SWITCH_SPARSE)

    -------------------------------------------------------------------------
  LIBRARY MODULE, NAME : ?memcpy

  SEGMENTS IN THE MODULE
  ======================
<BANKED_CODE> 1 (was BANKED_CODE)
  Relative segment, address: CODE 00002572 - 000025B9 (0x48 bytes), align: 0
  Segment part 6.             Intra module refs:   memcpy::?relay
           ENTRY                   ADDRESS         REF BY
           =====                   =======         ======
           memcpy                  00002572 
               XSTACK = 00000002 ( 0000000A )
               ISTACK = 00000000 ( 00000001 )
    -------------------------------------------------------------------------
BANK_RELAYS
  Relative segment, address: CODE 00000508 - 0000050D (0x6 bytes), align: 0
  Segment part 7.
           ENTRY                   ADDRESS         REF BY
           =====                   =======         ======
           memcpy::?relay          00000508        appReceiver (basic_rf)

    -------------------------------------------------------------------------
  LIBRARY MODULE, NAME : ?strcat

  SEGMENTS IN THE MODULE
  ======================
<BANKED_CODE> 1 (was BANKED_CODE)
  Relative segment, address: CODE 000025BA - 000025EF (0x36 bytes), align: 0
  Segment part 6.             Intra module refs:   strcat::?relay
           ENTRY                   ADDRESS         REF BY
           =====                   =======         ======
           strcat                  000025BA 
               XSTACK = 00000000 ( 00000009 )
               ISTACK = 00000000 ( 00000001 )
    -------------------------------------------------------------------------
BANK_RELAYS
  Relative segment, address: CODE 0000050E - 00000513 (0x6 bytes), align: 0
  Segment part 7.
           ENTRY                   ADDRESS         REF BY
           =====                   =======         ======
           strcat::?relay          0000050E        utilPrintLogo (basic_rf)

    -------------------------------------------------------------------------
  LIBRARY MODULE, NAME : ?strlen

  SEGMENTS IN THE MODULE
  ======================
<BANKED_CODE> 1 (was BANKED_CODE)
  Relative segment, address: CODE 000025F0 - 0000260D (0x1e bytes), align: 0
  Segment part 6.             Intra module refs:   strlen::?relay
           ENTRY                   ADDRESS         REF BY
           =====                   =======         ======
           strlen                  000025F0 
               ISTACK = 00000000 ( 00000002 )
    -------------------------------------------------------------------------
BANK_RELAYS
  Relative segment, address: CODE 00000514 - 00000519 (0x6 bytes), align: 0
  Segment part 7.
           ENTRY                   ADDRESS         REF BY
           =====                   =======         ======
           strlen::?relay          00000514        lcdWriteLine (basic_rf)
                                                   utilPrintLogo (basic_rf)

    -------------------------------------------------------------------------
  LIBRARY MODULE, NAME : ?strncpy

  SEGMENTS IN THE MODULE
  ======================
<BANKED_CODE> 1 (was BANKED_CODE)
  Relative segment, address: CODE 0000250B - 00002571 (0x67 bytes), align: 0
  Segment part 6.             Intra module refs:   strncpy::?relay
           ENTRY                   ADDRESS         REF BY
           =====                   =======         ======
           strncpy                 0000250B 
               XSTACK = 00000002 ( 0000000A )
               ISTACK = 00000000 ( 00000001 )
    -------------------------------------------------------------------------
BANK_RELAYS
  Relative segment, address: CODE 0000051A - 0000051F (0x6 bytes), align: 0
  Segment part 7.
           ENTRY                   ADDRESS         REF BY
           =====                   =======         ======
           strncpy::?relay         0000051A        utilPrintLogo (basic_rf)

    -------------------------------------------------------------------------
  LIBRARY MODULE, NAME : ?low_level_init

  SEGMENTS IN THE MODULE
  ======================
CSTART
  Relative segment, address: CODE 00000113 - 00000115 (0x3 bytes), align: 0
  Segment part 6. ROOT.
           ENTRY                   ADDRESS         REF BY
           =====                   =======         ======
           __low_level_init        00000113        __low_level_init_call (?cmain)




                ****************************************
                *                                      *
                *            MODULE SUMMARY            *
                *                                      *
                ****************************************

Module                    CODE      DATA      XDATA  IDATA    BIT
------                    ----      ----      -----  -----    ---
                         (Rel)  (Rel)  (Abs)  (Rel)  (Rel)  (Rel)
?ADD_XSTACK_DISP8           27
?ALLOC_XSTACK8              22
?BANKED_CODE_SUPPORT        30
?BANKED_ENTER_XDATA        102
?BANKED_LEAVE_XDATA         62
?CALL_IND                    2
?DEALLOC_XSTACK8            26
?INTERRUPT_ENTER_XSP        95
?INTERRUPT_LEAVE_XSP        80
?L_ADD_TO_X                 19
?L_ADD_X                    19
?L_DIV_MOD                  87
?L_EQ_X                     21
?L_MOV_TO_X                 15
?L_MOV_X                    15
?L_MUL                     128
?L_NEG                      17
?L_NEG_R1                   17
?L_SUB_X                    24
?MOVE_LONG8_XDATA_IDATA     13
?MOVE_LONG8_XDATA_XDATA     33
?PUSH_XSTACK8_X             45
?PUSH_XSTACK_I              21
?SL_GT_X                    21
?S_DIV_MOD                 154
?S_SHL                      19
?UC_JMP_IF_IN_RANGE         31
?UC_JMP_IF_VALUE            22
?UC_SWITCH_DENSE            54
?UC_SWITCH_SPARSE           42
?UL_DIV_MOD                112
?UL_GT                      16
?UL_GT_X                    16
?XSTACK_DISP8               10
?cexit                       5
?cmain                      88
?low_level_init              3
?memcpy                     78
?strcat                     60
?strlen                     36
?strncpy                   109
CSTARTUP                    18
  + common                   3
VIRTUAL_REGISTERS                   2                           8
basic_rf                 7 794            44  1 224
  + common                 134
N/A (command line)                 16           256     64
N/A (alignment)
----------               -----     --     --  -----     --      -
Total:                   9 608     18     44  1 480     64      8
  + common                 134


                ****************************************
                *                                      *
                *      SEGMENTS IN ADDRESS ORDER       *
                *                                      *
                ****************************************


SEGMENT              SPACE    START ADDRESS   END ADDRESS     SIZE  TYPE  ALIGN
=======              =====    =============   ===========     ====  ====  =====
INTVEC               CODE          00000000 - 00000085          86   com    0
CSTART               CODE          00000086 - 00000115          90   rel    0
IXDATA_ID            CODE               00000116                     dse    0
IDATA_ID             CODE               00000116                     dse    0
BDATA_ID             CODE               00000116                     dse    0
PDATA_ID             CODE               00000116                     dse    0
BIT_ID               CODE               00000116                     dse    0
DATA_ID              CODE               00000116                     dse    0
XDATA_ID             CODE          00000116 - 00000429         314   rel    0
BANK_RELAYS          CODE          0000042A - 0000051F          F6   rel    0
RCODE                CODE          00000520 - 00000A8A         56B   rel    0
DIFUNCT              CODE               00000A8B                     dse    0
CODE_C               CODE          00000A8B - 0000108A         600   rel    0
CODE_N               CODE               0000108B                     dse    0
NEAR_CODE            CODE          0000108B - 000011F2         168   rel    0
<BANKED_CODE> 1      CODE          000011F3 - 0000260D        141B   rel    0
REGISTERS            DATA          00000000 - 00000007           8   rel    0
VREG                 DATA          00000008 - 0000000F           8   rel    0
PSP                  DATA               00000010                     dse    0
XSP                  DATA          00000010 - 00000011           2   rel    0
BREG                 BIT        00000020.0  -  00000020.7        8   rel    0
SFR_AN               DATA          00000080 - 00000080           1   rel    0
                     DATA          00000088 - 0000008B           4 
                     DATA          0000008F - 00000091           3 
                     DATA          0000009A - 0000009B           2 
                     DATA          0000009D - 0000009E           2 
                     DATA          000000A0 - 000000A0           1 
                     DATA          000000A8 - 000000A8           1 
                     DATA          000000AF - 000000AF           1 
                     DATA          000000B6 - 000000B6           1 
                     DATA          000000B8 - 000000B8           1 
                     DATA          000000BA - 000000BB           2 
                     DATA          000000BE - 000000BE           1 
                     DATA          000000C0 - 000000C0           1 
                     DATA          000000C6 - 000000C6           1 
                     DATA          000000D9 - 000000DB           3 
                     DATA          000000E1 - 000000E1           1 
                     DATA          000000E4 - 000000E5           2 
                     DATA          000000E8 - 000000E9           2 
                     DATA          000000F1 - 000000F5           5 
                     DATA          000000F7 - 000000FF           9 
XSTACK               XDATA         00000001 - 00000100         100   rel    0
XDATA_Z              XDATA         00000101 - 000002B4         1B4   rel    0
XDATA_I              XDATA         000002B5 - 000005C8         314   rel    0
ISTACK               IDATA         000000C0 - 000000FF          40   rel    0

                ****************************************
                *                                      *
                *        END OF CROSS REFERENCE        *
                *                                      *
                ****************************************

 9 742 bytes of CODE  memory
    18 bytes of DATA  memory (+ 44 absolute )
 1 480 bytes of XDATA memory
    64 bytes of IDATA memory
     8 bits  of BIT   memory

Errors: none
Warnings: none

